Archive member included because of file (symbol)

c:/program files (x86)/atmel/atmel toolchain/arm gcc/native/4.7.3.1029/arm-gnu-toolchain/bin/../lib/gcc/arm-none-eabi/4.7.3/../../../../arm-none-eabi/lib/armv7-m\libc.a(lib_a-__atexit.o)
                              c:/program files (x86)/atmel/atmel toolchain/arm gcc/native/4.7.3.1029/arm-gnu-toolchain/bin/../lib/gcc/arm-none-eabi/4.7.3/../../../../arm-none-eabi/lib/armv7-m/crt0.o (__register_exitproc)
c:/program files (x86)/atmel/atmel toolchain/arm gcc/native/4.7.3.1029/arm-gnu-toolchain/bin/../lib/gcc/arm-none-eabi/4.7.3/../../../../arm-none-eabi/lib/armv7-m\libc.a(lib_a-exit.o)
                              c:/program files (x86)/atmel/atmel toolchain/arm gcc/native/4.7.3.1029/arm-gnu-toolchain/bin/../lib/gcc/arm-none-eabi/4.7.3/../../../../arm-none-eabi/lib/armv7-m/crt0.o (exit)
c:/program files (x86)/atmel/atmel toolchain/arm gcc/native/4.7.3.1029/arm-gnu-toolchain/bin/../lib/gcc/arm-none-eabi/4.7.3/../../../../arm-none-eabi/lib/armv7-m\libc.a(lib_a-fini.o)
                              c:/program files (x86)/atmel/atmel toolchain/arm gcc/native/4.7.3.1029/arm-gnu-toolchain/bin/../lib/gcc/arm-none-eabi/4.7.3/../../../../arm-none-eabi/lib/armv7-m/crt0.o (__libc_fini_array)
c:/program files (x86)/atmel/atmel toolchain/arm gcc/native/4.7.3.1029/arm-gnu-toolchain/bin/../lib/gcc/arm-none-eabi/4.7.3/../../../../arm-none-eabi/lib/armv7-m\libc.a(lib_a-impure.o)
                              c:/program files (x86)/atmel/atmel toolchain/arm gcc/native/4.7.3.1029/arm-gnu-toolchain/bin/../lib/gcc/arm-none-eabi/4.7.3/../../../../arm-none-eabi/lib/armv7-m\libc.a(lib_a-__atexit.o) (_global_impure_ptr)
c:/program files (x86)/atmel/atmel toolchain/arm gcc/native/4.7.3.1029/arm-gnu-toolchain/bin/../lib/gcc/arm-none-eabi/4.7.3/../../../../arm-none-eabi/lib/armv7-m\libc.a(lib_a-init.o)
                              c:/program files (x86)/atmel/atmel toolchain/arm gcc/native/4.7.3.1029/arm-gnu-toolchain/bin/../lib/gcc/arm-none-eabi/4.7.3/../../../../arm-none-eabi/lib/armv7-m/crt0.o (__libc_init_array)
c:/program files (x86)/atmel/atmel toolchain/arm gcc/native/4.7.3.1029/arm-gnu-toolchain/bin/../lib/gcc/arm-none-eabi/4.7.3/../../../../arm-none-eabi/lib/armv7-m\libc.a(lib_a-memset.o)
                              c:/program files (x86)/atmel/atmel toolchain/arm gcc/native/4.7.3.1029/arm-gnu-toolchain/bin/../lib/gcc/arm-none-eabi/4.7.3/../../../../arm-none-eabi/lib/armv7-m/crt0.o (memset)
c:/program files (x86)/atmel/atmel toolchain/arm gcc/native/4.7.3.1029/arm-gnu-toolchain/bin/../lib/gcc/arm-none-eabi/4.7.3/../../../../arm-none-eabi/lib/armv7-m\libc.a(lib_a-__call_atexit.o)
                              c:/program files (x86)/atmel/atmel toolchain/arm gcc/native/4.7.3.1029/arm-gnu-toolchain/bin/../lib/gcc/arm-none-eabi/4.7.3/../../../../arm-none-eabi/lib/armv7-m\libc.a(lib_a-exit.o) (__call_exitprocs)
c:/program files (x86)/atmel/atmel toolchain/arm gcc/native/4.7.3.1029/arm-gnu-toolchain/bin/../lib/gcc/arm-none-eabi/4.7.3/../../../../arm-none-eabi/lib/armv7-m\libc.a(lib_a-atexit.o)
                              c:/program files (x86)/atmel/atmel toolchain/arm gcc/native/4.7.3.1029/arm-gnu-toolchain/bin/../lib/gcc/arm-none-eabi/4.7.3/../../../../arm-none-eabi/lib/armv7-m\libc.a(lib_a-__call_atexit.o) (atexit)

Discarded input sections

 .text          0x00000000        0x0 c:/program files (x86)/atmel/atmel toolchain/arm gcc/native/4.7.3.1029/arm-gnu-toolchain/bin/../lib/gcc/arm-none-eabi/4.7.3/armv7-m/crti.o
 .data          0x00000000        0x0 c:/program files (x86)/atmel/atmel toolchain/arm gcc/native/4.7.3.1029/arm-gnu-toolchain/bin/../lib/gcc/arm-none-eabi/4.7.3/armv7-m/crti.o
 .bss           0x00000000        0x0 c:/program files (x86)/atmel/atmel toolchain/arm gcc/native/4.7.3.1029/arm-gnu-toolchain/bin/../lib/gcc/arm-none-eabi/4.7.3/armv7-m/crti.o
 .data          0x00000000        0x4 c:/program files (x86)/atmel/atmel toolchain/arm gcc/native/4.7.3.1029/arm-gnu-toolchain/bin/../lib/gcc/arm-none-eabi/4.7.3/armv7-m/crtbegin.o
 .text          0x00000000       0x70 c:/program files (x86)/atmel/atmel toolchain/arm gcc/native/4.7.3.1029/arm-gnu-toolchain/bin/../lib/gcc/arm-none-eabi/4.7.3/../../../../arm-none-eabi/lib/armv7-m/crt0.o
 .data          0x00000000        0x0 c:/program files (x86)/atmel/atmel toolchain/arm gcc/native/4.7.3.1029/arm-gnu-toolchain/bin/../lib/gcc/arm-none-eabi/4.7.3/../../../../arm-none-eabi/lib/armv7-m/crt0.o
 .bss           0x00000000        0x0 c:/program files (x86)/atmel/atmel toolchain/arm gcc/native/4.7.3.1029/arm-gnu-toolchain/bin/../lib/gcc/arm-none-eabi/4.7.3/../../../../arm-none-eabi/lib/armv7-m/crt0.o
 .ARM.extab     0x00000000        0x0 c:/program files (x86)/atmel/atmel toolchain/arm gcc/native/4.7.3.1029/arm-gnu-toolchain/bin/../lib/gcc/arm-none-eabi/4.7.3/../../../../arm-none-eabi/lib/armv7-m/crt0.o
 .ARM.exidx     0x00000000        0x8 c:/program files (x86)/atmel/atmel toolchain/arm gcc/native/4.7.3.1029/arm-gnu-toolchain/bin/../lib/gcc/arm-none-eabi/4.7.3/../../../../arm-none-eabi/lib/armv7-m/crt0.o
 .ARM.attributes
                0x00000000       0x1b c:/program files (x86)/atmel/atmel toolchain/arm gcc/native/4.7.3.1029/arm-gnu-toolchain/bin/../lib/gcc/arm-none-eabi/4.7.3/../../../../arm-none-eabi/lib/armv7-m/crt0.o
 .debug_line    0x00000000       0xc2 c:/program files (x86)/atmel/atmel toolchain/arm gcc/native/4.7.3.1029/arm-gnu-toolchain/bin/../lib/gcc/arm-none-eabi/4.7.3/../../../../arm-none-eabi/lib/armv7-m/crt0.o
 .debug_info    0x00000000      0x117 c:/program files (x86)/atmel/atmel toolchain/arm gcc/native/4.7.3.1029/arm-gnu-toolchain/bin/../lib/gcc/arm-none-eabi/4.7.3/../../../../arm-none-eabi/lib/armv7-m/crt0.o
 .debug_abbrev  0x00000000       0x14 c:/program files (x86)/atmel/atmel toolchain/arm gcc/native/4.7.3.1029/arm-gnu-toolchain/bin/../lib/gcc/arm-none-eabi/4.7.3/../../../../arm-none-eabi/lib/armv7-m/crt0.o
 .debug_aranges
                0x00000000       0x20 c:/program files (x86)/atmel/atmel toolchain/arm gcc/native/4.7.3.1029/arm-gnu-toolchain/bin/../lib/gcc/arm-none-eabi/4.7.3/../../../../arm-none-eabi/lib/armv7-m/crt0.o
 .group         0x00000000        0x8 cmsis/src/startup_sam3xa.o
 .group         0x00000000        0x8 cmsis/src/startup_sam3xa.o
 .group         0x00000000        0x8 cmsis/src/startup_sam3xa.o
 .group         0x00000000        0x8 cmsis/src/startup_sam3xa.o
 .group         0x00000000        0x8 cmsis/src/startup_sam3xa.o
 .group         0x00000000        0x8 cmsis/src/startup_sam3xa.o
 .group         0x00000000        0x8 cmsis/src/startup_sam3xa.o
 .group         0x00000000        0x8 cmsis/src/startup_sam3xa.o
 .group         0x00000000        0x8 cmsis/src/startup_sam3xa.o
 .group         0x00000000        0x8 cmsis/src/startup_sam3xa.o
 .group         0x00000000        0x8 cmsis/src/startup_sam3xa.o
 .group         0x00000000        0x8 cmsis/src/startup_sam3xa.o
 .group         0x00000000        0x8 cmsis/src/startup_sam3xa.o
 .group         0x00000000        0x8 cmsis/src/startup_sam3xa.o
 .group         0x00000000        0x8 cmsis/src/startup_sam3xa.o
 .group         0x00000000        0x8 cmsis/src/startup_sam3xa.o
 .group         0x00000000        0x8 cmsis/src/startup_sam3xa.o
 .group         0x00000000        0x8 cmsis/src/startup_sam3xa.o
 .group         0x00000000        0x8 cmsis/src/startup_sam3xa.o
 .group         0x00000000        0x8 cmsis/src/startup_sam3xa.o
 .group         0x00000000        0x8 cmsis/src/startup_sam3xa.o
 .group         0x00000000        0x8 cmsis/src/startup_sam3xa.o
 .group         0x00000000        0x8 cmsis/src/startup_sam3xa.o
 .group         0x00000000        0x8 cmsis/src/startup_sam3xa.o
 .group         0x00000000        0x8 cmsis/src/startup_sam3xa.o
 .group         0x00000000        0x8 cmsis/src/startup_sam3xa.o
 .group         0x00000000        0x8 cmsis/src/startup_sam3xa.o
 .group         0x00000000        0x8 cmsis/src/startup_sam3xa.o
 .group         0x00000000        0x8 cmsis/src/startup_sam3xa.o
 .group         0x00000000        0x8 cmsis/src/startup_sam3xa.o
 .group         0x00000000        0x8 cmsis/src/startup_sam3xa.o
 .group         0x00000000        0x8 cmsis/src/startup_sam3xa.o
 .group         0x00000000        0x8 cmsis/src/startup_sam3xa.o
 .group         0x00000000        0x8 cmsis/src/startup_sam3xa.o
 .group         0x00000000        0x8 cmsis/src/startup_sam3xa.o
 .group         0x00000000        0x8 cmsis/src/startup_sam3xa.o
 .group         0x00000000        0x8 cmsis/src/startup_sam3xa.o
 .group         0x00000000        0x8 cmsis/src/startup_sam3xa.o
 .group         0x00000000        0x8 cmsis/src/startup_sam3xa.o
 .group         0x00000000        0x8 cmsis/src/startup_sam3xa.o
 .group         0x00000000        0x8 cmsis/src/startup_sam3xa.o
 .group         0x00000000        0x8 cmsis/src/startup_sam3xa.o
 .group         0x00000000        0x8 cmsis/src/startup_sam3xa.o
 .group         0x00000000        0x8 cmsis/src/startup_sam3xa.o
 .group         0x00000000        0x8 cmsis/src/startup_sam3xa.o
 .group         0x00000000        0x8 cmsis/src/startup_sam3xa.o
 .group         0x00000000        0x8 cmsis/src/startup_sam3xa.o
 .group         0x00000000        0x8 cmsis/src/startup_sam3xa.o
 .group         0x00000000        0x8 cmsis/src/startup_sam3xa.o
 .group         0x00000000        0x8 cmsis/src/startup_sam3xa.o
 .group         0x00000000        0x8 cmsis/src/startup_sam3xa.o
 .group         0x00000000        0x8 cmsis/src/startup_sam3xa.o
 .group         0x00000000        0x8 cmsis/src/startup_sam3xa.o
 .group         0x00000000        0x8 cmsis/src/startup_sam3xa.o
 .group         0x00000000        0x8 cmsis/src/startup_sam3xa.o
 .group         0x00000000        0x8 cmsis/src/startup_sam3xa.o
 .group         0x00000000        0x8 cmsis/src/startup_sam3xa.o
 .group         0x00000000        0x8 cmsis/src/startup_sam3xa.o
 .group         0x00000000        0x8 cmsis/src/startup_sam3xa.o
 .group         0x00000000        0x8 cmsis/src/startup_sam3xa.o
 .group         0x00000000        0x8 cmsis/src/startup_sam3xa.o
 .group         0x00000000        0x8 cmsis/src/startup_sam3xa.o
 .group         0x00000000        0x8 cmsis/src/startup_sam3xa.o
 .group         0x00000000        0x8 cmsis/src/startup_sam3xa.o
 .group         0x00000000        0x8 cmsis/src/startup_sam3xa.o
 .group         0x00000000        0x8 cmsis/src/startup_sam3xa.o
 .group         0x00000000        0x8 cmsis/src/startup_sam3xa.o
 .group         0x00000000        0x8 cmsis/src/startup_sam3xa.o
 .group         0x00000000        0x8 cmsis/src/startup_sam3xa.o
 .group         0x00000000        0x8 cmsis/src/startup_sam3xa.o
 .group         0x00000000        0x8 cmsis/src/startup_sam3xa.o
 .group         0x00000000        0x8 cmsis/src/startup_sam3xa.o
 .group         0x00000000        0x8 cmsis/src/startup_sam3xa.o
 .group         0x00000000        0x8 cmsis/src/startup_sam3xa.o
 .group         0x00000000        0x8 cmsis/src/startup_sam3xa.o
 .group         0x00000000        0x8 cmsis/src/startup_sam3xa.o
 .group         0x00000000        0x8 cmsis/src/startup_sam3xa.o
 .group         0x00000000        0x8 cmsis/src/startup_sam3xa.o
 .group         0x00000000        0x8 cmsis/src/startup_sam3xa.o
 .text          0x00000000        0x0 cmsis/src/startup_sam3xa.o
 .data          0x00000000        0x0 cmsis/src/startup_sam3xa.o
 .bss           0x00000000        0x0 cmsis/src/startup_sam3xa.o
 .group         0x00000000        0x8 cmsis/src/system_sam3xa.o
 .group         0x00000000        0x8 cmsis/src/system_sam3xa.o
 .group         0x00000000        0x8 cmsis/src/system_sam3xa.o
 .group         0x00000000        0x8 cmsis/src/system_sam3xa.o
 .group         0x00000000        0x8 cmsis/src/system_sam3xa.o
 .group         0x00000000        0x8 cmsis/src/system_sam3xa.o
 .group         0x00000000        0x8 cmsis/src/system_sam3xa.o
 .group         0x00000000        0x8 cmsis/src/system_sam3xa.o
 .group         0x00000000        0x8 cmsis/src/system_sam3xa.o
 .group         0x00000000        0x8 cmsis/src/system_sam3xa.o
 .group         0x00000000        0x8 cmsis/src/system_sam3xa.o
 .group         0x00000000        0x8 cmsis/src/system_sam3xa.o
 .group         0x00000000        0x8 cmsis/src/system_sam3xa.o
 .group         0x00000000        0x8 cmsis/src/system_sam3xa.o
 .group         0x00000000        0x8 cmsis/src/system_sam3xa.o
 .group         0x00000000        0x8 cmsis/src/system_sam3xa.o
 .group         0x00000000        0x8 cmsis/src/system_sam3xa.o
 .group         0x00000000        0x8 cmsis/src/system_sam3xa.o
 .group         0x00000000        0x8 cmsis/src/system_sam3xa.o
 .group         0x00000000        0x8 cmsis/src/system_sam3xa.o
 .group         0x00000000        0x8 cmsis/src/system_sam3xa.o
 .group         0x00000000        0x8 cmsis/src/system_sam3xa.o
 .group         0x00000000        0x8 cmsis/src/system_sam3xa.o
 .group         0x00000000        0x8 cmsis/src/system_sam3xa.o
 .group         0x00000000        0x8 cmsis/src/system_sam3xa.o
 .group         0x00000000        0x8 cmsis/src/system_sam3xa.o
 .group         0x00000000        0x8 cmsis/src/system_sam3xa.o
 .group         0x00000000        0x8 cmsis/src/system_sam3xa.o
 .group         0x00000000        0x8 cmsis/src/system_sam3xa.o
 .group         0x00000000        0x8 cmsis/src/system_sam3xa.o
 .group         0x00000000        0x8 cmsis/src/system_sam3xa.o
 .group         0x00000000        0x8 cmsis/src/system_sam3xa.o
 .group         0x00000000        0x8 cmsis/src/system_sam3xa.o
 .group         0x00000000        0x8 cmsis/src/system_sam3xa.o
 .group         0x00000000        0x8 cmsis/src/system_sam3xa.o
 .group         0x00000000        0x8 cmsis/src/system_sam3xa.o
 .group         0x00000000        0x8 cmsis/src/system_sam3xa.o
 .group         0x00000000        0x8 cmsis/src/system_sam3xa.o
 .group         0x00000000        0x8 cmsis/src/system_sam3xa.o
 .group         0x00000000        0x8 cmsis/src/system_sam3xa.o
 .group         0x00000000        0x8 cmsis/src/system_sam3xa.o
 .group         0x00000000        0x8 cmsis/src/system_sam3xa.o
 .group         0x00000000        0x8 cmsis/src/system_sam3xa.o
 .group         0x00000000        0x8 cmsis/src/system_sam3xa.o
 .group         0x00000000        0x8 cmsis/src/system_sam3xa.o
 .group         0x00000000        0x8 cmsis/src/system_sam3xa.o
 .group         0x00000000        0x8 cmsis/src/system_sam3xa.o
 .group         0x00000000        0x8 cmsis/src/system_sam3xa.o
 .group         0x00000000        0x8 cmsis/src/system_sam3xa.o
 .group         0x00000000        0x8 cmsis/src/system_sam3xa.o
 .group         0x00000000        0x8 cmsis/src/system_sam3xa.o
 .group         0x00000000        0x8 cmsis/src/system_sam3xa.o
 .group         0x00000000        0x8 cmsis/src/system_sam3xa.o
 .group         0x00000000        0x8 cmsis/src/system_sam3xa.o
 .group         0x00000000        0x8 cmsis/src/system_sam3xa.o
 .group         0x00000000        0x8 cmsis/src/system_sam3xa.o
 .group         0x00000000        0x8 cmsis/src/system_sam3xa.o
 .group         0x00000000        0x8 cmsis/src/system_sam3xa.o
 .group         0x00000000        0x8 cmsis/src/system_sam3xa.o
 .group         0x00000000        0x8 cmsis/src/system_sam3xa.o
 .group         0x00000000        0x8 cmsis/src/system_sam3xa.o
 .group         0x00000000        0x8 cmsis/src/system_sam3xa.o
 .group         0x00000000        0x8 cmsis/src/system_sam3xa.o
 .group         0x00000000        0x8 cmsis/src/system_sam3xa.o
 .group         0x00000000        0x8 cmsis/src/system_sam3xa.o
 .group         0x00000000        0x8 cmsis/src/system_sam3xa.o
 .group         0x00000000        0x8 cmsis/src/system_sam3xa.o
 .group         0x00000000        0x8 cmsis/src/system_sam3xa.o
 .group         0x00000000        0x8 cmsis/src/system_sam3xa.o
 .group         0x00000000        0x8 cmsis/src/system_sam3xa.o
 .group         0x00000000        0x8 cmsis/src/system_sam3xa.o
 .group         0x00000000        0x8 cmsis/src/system_sam3xa.o
 .group         0x00000000        0x8 cmsis/src/system_sam3xa.o
 .group         0x00000000        0x8 cmsis/src/system_sam3xa.o
 .group         0x00000000        0x8 cmsis/src/system_sam3xa.o
 .group         0x00000000        0x8 cmsis/src/system_sam3xa.o
 .group         0x00000000        0x8 cmsis/src/system_sam3xa.o
 .group         0x00000000        0x8 cmsis/src/system_sam3xa.o
 .group         0x00000000        0x8 cmsis/src/system_sam3xa.o
 .text          0x00000000        0x0 cmsis/src/system_sam3xa.o
 .bss           0x00000000        0x0 cmsis/src/system_sam3xa.o
 .text.SystemCoreClockUpdate
                0x00000000      0x1c0 cmsis/src/system_sam3xa.o
 .text.system_init_flash
                0x00000000       0x9c cmsis/src/system_sam3xa.o
 .debug_macro   0x00000000      0x814 cmsis/src/system_sam3xa.o
 .debug_macro   0x00000000       0x3a cmsis/src/system_sam3xa.o
 .debug_macro   0x00000000       0x10 cmsis/src/system_sam3xa.o
 .debug_macro   0x00000000       0x2e cmsis/src/system_sam3xa.o
 .debug_macro   0x00000000       0xa3 cmsis/src/system_sam3xa.o
 .debug_macro   0x00000000      0x20e cmsis/src/system_sam3xa.o
 .debug_macro   0x00000000       0x20 cmsis/src/system_sam3xa.o
 .debug_macro   0x00000000       0x3a cmsis/src/system_sam3xa.o
 .debug_macro   0x00000000       0x2d cmsis/src/system_sam3xa.o
 .debug_macro   0x00000000      0xbb1 cmsis/src/system_sam3xa.o
 .debug_macro   0x00000000      0x979 cmsis/src/system_sam3xa.o
 .debug_macro   0x00000000      0x55a cmsis/src/system_sam3xa.o
 .debug_macro   0x00000000      0x26e cmsis/src/system_sam3xa.o
 .debug_macro   0x00000000      0x343 cmsis/src/system_sam3xa.o
 .debug_macro   0x00000000      0x709 cmsis/src/system_sam3xa.o
 .debug_macro   0x00000000       0xd6 cmsis/src/system_sam3xa.o
 .debug_macro   0x00000000      0x56c cmsis/src/system_sam3xa.o
 .debug_macro   0x00000000       0x1c cmsis/src/system_sam3xa.o
 .debug_macro   0x00000000      0x69b cmsis/src/system_sam3xa.o
 .debug_macro   0x00000000      0x51e cmsis/src/system_sam3xa.o
 .debug_macro   0x00000000       0xee cmsis/src/system_sam3xa.o
 .debug_macro   0x00000000     0x2333 cmsis/src/system_sam3xa.o
 .debug_macro   0x00000000      0x7d1 cmsis/src/system_sam3xa.o
 .debug_macro   0x00000000      0xdf3 cmsis/src/system_sam3xa.o
 .debug_macro   0x00000000       0x9a cmsis/src/system_sam3xa.o
 .debug_macro   0x00000000      0x29c cmsis/src/system_sam3xa.o
 .debug_macro   0x00000000       0x58 cmsis/src/system_sam3xa.o
 .debug_macro   0x00000000      0x9a0 cmsis/src/system_sam3xa.o
 .debug_macro   0x00000000      0x22d cmsis/src/system_sam3xa.o
 .debug_macro   0x00000000      0x4c9 cmsis/src/system_sam3xa.o
 .debug_macro   0x00000000      0x64a cmsis/src/system_sam3xa.o
 .debug_macro   0x00000000      0x590 cmsis/src/system_sam3xa.o
 .debug_macro   0x00000000       0x46 cmsis/src/system_sam3xa.o
 .debug_macro   0x00000000      0x377 cmsis/src/system_sam3xa.o
 .debug_macro   0x00000000      0x2b6 cmsis/src/system_sam3xa.o
 .debug_macro   0x00000000     0x14dc cmsis/src/system_sam3xa.o
 .debug_macro   0x00000000      0x807 cmsis/src/system_sam3xa.o
 .debug_macro   0x00000000       0x76 cmsis/src/system_sam3xa.o
 .debug_macro   0x00000000       0x82 cmsis/src/system_sam3xa.o
 .debug_macro   0x00000000       0x76 cmsis/src/system_sam3xa.o
 .debug_macro   0x00000000       0x4c cmsis/src/system_sam3xa.o
 .debug_macro   0x00000000      0x100 cmsis/src/system_sam3xa.o
 .debug_macro   0x00000000      0x100 cmsis/src/system_sam3xa.o
 .debug_macro   0x00000000      0x100 cmsis/src/system_sam3xa.o
 .debug_macro   0x00000000       0x88 cmsis/src/system_sam3xa.o
 .debug_macro   0x00000000       0x88 cmsis/src/system_sam3xa.o
 .debug_macro   0x00000000      0x3b4 cmsis/src/system_sam3xa.o
 .debug_macro   0x00000000       0xbe cmsis/src/system_sam3xa.o
 .debug_macro   0x00000000       0xbe cmsis/src/system_sam3xa.o
 .debug_macro   0x00000000       0xbe cmsis/src/system_sam3xa.o
 .debug_macro   0x00000000       0xbe cmsis/src/system_sam3xa.o
 .debug_macro   0x00000000      0x2b8 cmsis/src/system_sam3xa.o
 .debug_macro   0x00000000      0x118 cmsis/src/system_sam3xa.o
 .debug_macro   0x00000000      0x216 cmsis/src/system_sam3xa.o
 .debug_macro   0x00000000      0x216 cmsis/src/system_sam3xa.o
 .debug_macro   0x00000000       0x2e cmsis/src/system_sam3xa.o
 .debug_macro   0x00000000       0xa6 cmsis/src/system_sam3xa.o
 .debug_macro   0x00000000      0x13e cmsis/src/system_sam3xa.o
 .debug_macro   0x00000000       0x7c cmsis/src/system_sam3xa.o
 .debug_macro   0x00000000      0x1f6 cmsis/src/system_sam3xa.o
 .debug_macro   0x00000000       0x64 cmsis/src/system_sam3xa.o
 .debug_macro   0x00000000       0xa6 cmsis/src/system_sam3xa.o
 .debug_macro   0x00000000       0x7c cmsis/src/system_sam3xa.o
 .debug_macro   0x00000000       0x16 cmsis/src/system_sam3xa.o
 .debug_macro   0x00000000       0x22 cmsis/src/system_sam3xa.o
 .debug_macro   0x00000000       0x22 cmsis/src/system_sam3xa.o
 .debug_macro   0x00000000      0x10c cmsis/src/system_sam3xa.o
 .debug_macro   0x00000000      0x10c cmsis/src/system_sam3xa.o
 .debug_macro   0x00000000      0x10c cmsis/src/system_sam3xa.o
 .debug_macro   0x00000000      0x10c cmsis/src/system_sam3xa.o
 .debug_macro   0x00000000       0x1c cmsis/src/system_sam3xa.o
 .debug_macro   0x00000000       0x2e cmsis/src/system_sam3xa.o
 .debug_macro   0x00000000       0x22 cmsis/src/system_sam3xa.o
 .debug_macro   0x00000000       0x1c cmsis/src/system_sam3xa.o
 .debug_macro   0x00000000       0x58 cmsis/src/system_sam3xa.o
 .debug_macro   0x00000000       0x10 cmsis/src/system_sam3xa.o
 .debug_macro   0x00000000      0x27a cmsis/src/system_sam3xa.o
 .debug_macro   0x00000000      0xd34 cmsis/src/system_sam3xa.o
 .debug_macro   0x00000000      0x169 cmsis/src/system_sam3xa.o
 .group         0x00000000        0x8 emmy_hover_v3.o
 .group         0x00000000        0x8 emmy_hover_v3.o
 .group         0x00000000        0x8 emmy_hover_v3.o
 .group         0x00000000        0x8 emmy_hover_v3.o
 .group         0x00000000        0x8 emmy_hover_v3.o
 .group         0x00000000        0x8 emmy_hover_v3.o
 .group         0x00000000        0x8 emmy_hover_v3.o
 .group         0x00000000        0x8 emmy_hover_v3.o
 .group         0x00000000        0x8 emmy_hover_v3.o
 .group         0x00000000        0x8 emmy_hover_v3.o
 .group         0x00000000        0x8 emmy_hover_v3.o
 .group         0x00000000        0x8 emmy_hover_v3.o
 .group         0x00000000        0x8 emmy_hover_v3.o
 .group         0x00000000        0x8 emmy_hover_v3.o
 .group         0x00000000        0x8 emmy_hover_v3.o
 .group         0x00000000        0x8 emmy_hover_v3.o
 .group         0x00000000        0x8 emmy_hover_v3.o
 .group         0x00000000        0x8 emmy_hover_v3.o
 .group         0x00000000        0x8 emmy_hover_v3.o
 .group         0x00000000        0x8 emmy_hover_v3.o
 .group         0x00000000        0x8 emmy_hover_v3.o
 .group         0x00000000        0x8 emmy_hover_v3.o
 .group         0x00000000        0x8 emmy_hover_v3.o
 .group         0x00000000        0x8 emmy_hover_v3.o
 .group         0x00000000        0x8 emmy_hover_v3.o
 .group         0x00000000        0x8 emmy_hover_v3.o
 .group         0x00000000        0x8 emmy_hover_v3.o
 .group         0x00000000        0x8 emmy_hover_v3.o
 .group         0x00000000        0x8 emmy_hover_v3.o
 .group         0x00000000        0x8 emmy_hover_v3.o
 .group         0x00000000        0x8 emmy_hover_v3.o
 .group         0x00000000        0x8 emmy_hover_v3.o
 .group         0x00000000        0x8 emmy_hover_v3.o
 .group         0x00000000        0x8 emmy_hover_v3.o
 .group         0x00000000        0x8 emmy_hover_v3.o
 .group         0x00000000        0x8 emmy_hover_v3.o
 .group         0x00000000        0x8 emmy_hover_v3.o
 .group         0x00000000        0x8 emmy_hover_v3.o
 .group         0x00000000        0x8 emmy_hover_v3.o
 .group         0x00000000        0x8 emmy_hover_v3.o
 .group         0x00000000        0x8 emmy_hover_v3.o
 .group         0x00000000        0x8 emmy_hover_v3.o
 .group         0x00000000        0x8 emmy_hover_v3.o
 .group         0x00000000        0x8 emmy_hover_v3.o
 .group         0x00000000        0x8 emmy_hover_v3.o
 .group         0x00000000        0x8 emmy_hover_v3.o
 .group         0x00000000        0x8 emmy_hover_v3.o
 .group         0x00000000        0x8 emmy_hover_v3.o
 .group         0x00000000        0x8 emmy_hover_v3.o
 .group         0x00000000        0x8 emmy_hover_v3.o
 .group         0x00000000        0x8 emmy_hover_v3.o
 .group         0x00000000        0x8 emmy_hover_v3.o
 .group         0x00000000        0x8 emmy_hover_v3.o
 .group         0x00000000        0x8 emmy_hover_v3.o
 .group         0x00000000        0x8 emmy_hover_v3.o
 .group         0x00000000        0x8 emmy_hover_v3.o
 .group         0x00000000        0x8 emmy_hover_v3.o
 .group         0x00000000        0x8 emmy_hover_v3.o
 .group         0x00000000        0x8 emmy_hover_v3.o
 .group         0x00000000        0x8 emmy_hover_v3.o
 .group         0x00000000        0x8 emmy_hover_v3.o
 .group         0x00000000        0x8 emmy_hover_v3.o
 .group         0x00000000        0x8 emmy_hover_v3.o
 .group         0x00000000        0x8 emmy_hover_v3.o
 .group         0x00000000        0x8 emmy_hover_v3.o
 .group         0x00000000        0x8 emmy_hover_v3.o
 .group         0x00000000        0x8 emmy_hover_v3.o
 .group         0x00000000        0x8 emmy_hover_v3.o
 .group         0x00000000        0x8 emmy_hover_v3.o
 .group         0x00000000        0x8 emmy_hover_v3.o
 .group         0x00000000        0x8 emmy_hover_v3.o
 .group         0x00000000        0x8 emmy_hover_v3.o
 .group         0x00000000        0x8 emmy_hover_v3.o
 .group         0x00000000        0x8 emmy_hover_v3.o
 .group         0x00000000        0x8 emmy_hover_v3.o
 .group         0x00000000        0x8 emmy_hover_v3.o
 .group         0x00000000        0x8 emmy_hover_v3.o
 .group         0x00000000        0x8 emmy_hover_v3.o
 .group         0x00000000        0x8 emmy_hover_v3.o
 .group         0x00000000        0x8 emmy_hover_v3.o
 .text          0x00000000        0x0 emmy_hover_v3.o
 .data          0x00000000        0x0 emmy_hover_v3.o
 .bss           0x00000000        0x0 emmy_hover_v3.o
 .debug_macro   0x00000000       0x3a emmy_hover_v3.o
 .debug_macro   0x00000000       0x10 emmy_hover_v3.o
 .debug_macro   0x00000000       0x2e emmy_hover_v3.o
 .debug_macro   0x00000000      0x20e emmy_hover_v3.o
 .debug_macro   0x00000000       0x20 emmy_hover_v3.o
 .debug_macro   0x00000000       0x3a emmy_hover_v3.o
 .debug_macro   0x00000000       0x2d emmy_hover_v3.o
 .debug_macro   0x00000000      0x979 emmy_hover_v3.o
 .debug_macro   0x00000000      0x55a emmy_hover_v3.o
 .debug_macro   0x00000000      0x26e emmy_hover_v3.o
 .debug_macro   0x00000000      0x343 emmy_hover_v3.o
 .debug_macro   0x00000000      0x709 emmy_hover_v3.o
 .debug_macro   0x00000000       0xd6 emmy_hover_v3.o
 .debug_macro   0x00000000      0x56c emmy_hover_v3.o
 .debug_macro   0x00000000       0x1c emmy_hover_v3.o
 .debug_macro   0x00000000      0x69b emmy_hover_v3.o
 .debug_macro   0x00000000      0x51e emmy_hover_v3.o
 .debug_macro   0x00000000       0xee emmy_hover_v3.o
 .debug_macro   0x00000000     0x2333 emmy_hover_v3.o
 .debug_macro   0x00000000      0x7d1 emmy_hover_v3.o
 .debug_macro   0x00000000      0xdf3 emmy_hover_v3.o
 .debug_macro   0x00000000       0x9a emmy_hover_v3.o
 .debug_macro   0x00000000      0x29c emmy_hover_v3.o
 .debug_macro   0x00000000       0x58 emmy_hover_v3.o
 .debug_macro   0x00000000      0x9a0 emmy_hover_v3.o
 .debug_macro   0x00000000      0x22d emmy_hover_v3.o
 .debug_macro   0x00000000      0x4c9 emmy_hover_v3.o
 .debug_macro   0x00000000      0x64a emmy_hover_v3.o
 .debug_macro   0x00000000      0x590 emmy_hover_v3.o
 .debug_macro   0x00000000       0x46 emmy_hover_v3.o
 .debug_macro   0x00000000      0x377 emmy_hover_v3.o
 .debug_macro   0x00000000      0x2b6 emmy_hover_v3.o
 .debug_macro   0x00000000     0x14dc emmy_hover_v3.o
 .debug_macro   0x00000000      0x807 emmy_hover_v3.o
 .debug_macro   0x00000000       0x76 emmy_hover_v3.o
 .debug_macro   0x00000000       0x82 emmy_hover_v3.o
 .debug_macro   0x00000000       0x76 emmy_hover_v3.o
 .debug_macro   0x00000000       0x4c emmy_hover_v3.o
 .debug_macro   0x00000000      0x100 emmy_hover_v3.o
 .debug_macro   0x00000000      0x100 emmy_hover_v3.o
 .debug_macro   0x00000000      0x100 emmy_hover_v3.o
 .debug_macro   0x00000000       0x88 emmy_hover_v3.o
 .debug_macro   0x00000000       0x88 emmy_hover_v3.o
 .debug_macro   0x00000000      0x3b4 emmy_hover_v3.o
 .debug_macro   0x00000000       0xbe emmy_hover_v3.o
 .debug_macro   0x00000000       0xbe emmy_hover_v3.o
 .debug_macro   0x00000000       0xbe emmy_hover_v3.o
 .debug_macro   0x00000000       0xbe emmy_hover_v3.o
 .debug_macro   0x00000000      0x2b8 emmy_hover_v3.o
 .debug_macro   0x00000000      0x118 emmy_hover_v3.o
 .debug_macro   0x00000000      0x216 emmy_hover_v3.o
 .debug_macro   0x00000000      0x216 emmy_hover_v3.o
 .debug_macro   0x00000000       0x2e emmy_hover_v3.o
 .debug_macro   0x00000000       0xa6 emmy_hover_v3.o
 .debug_macro   0x00000000      0x13e emmy_hover_v3.o
 .debug_macro   0x00000000       0x7c emmy_hover_v3.o
 .debug_macro   0x00000000      0x1f6 emmy_hover_v3.o
 .debug_macro   0x00000000       0x64 emmy_hover_v3.o
 .debug_macro   0x00000000       0xa6 emmy_hover_v3.o
 .debug_macro   0x00000000       0x7c emmy_hover_v3.o
 .debug_macro   0x00000000       0x16 emmy_hover_v3.o
 .debug_macro   0x00000000       0x22 emmy_hover_v3.o
 .debug_macro   0x00000000       0x22 emmy_hover_v3.o
 .debug_macro   0x00000000      0x10c emmy_hover_v3.o
 .debug_macro   0x00000000      0x10c emmy_hover_v3.o
 .debug_macro   0x00000000      0x10c emmy_hover_v3.o
 .debug_macro   0x00000000      0x10c emmy_hover_v3.o
 .debug_macro   0x00000000       0x1c emmy_hover_v3.o
 .debug_macro   0x00000000       0x2e emmy_hover_v3.o
 .debug_macro   0x00000000       0x22 emmy_hover_v3.o
 .debug_macro   0x00000000       0x1c emmy_hover_v3.o
 .debug_macro   0x00000000       0x58 emmy_hover_v3.o
 .debug_macro   0x00000000       0x10 emmy_hover_v3.o
 .debug_macro   0x00000000      0x27a emmy_hover_v3.o
 .debug_macro   0x00000000      0xd34 emmy_hover_v3.o
 .debug_macro   0x00000000      0x169 emmy_hover_v3.o
 .data          0x00000000        0x0 c:/program files (x86)/atmel/atmel toolchain/arm gcc/native/4.7.3.1029/arm-gnu-toolchain/bin/../lib/gcc/arm-none-eabi/4.7.3/../../../../arm-none-eabi/lib/armv7-m\libc.a(lib_a-__atexit.o)
 .bss           0x00000000        0x0 c:/program files (x86)/atmel/atmel toolchain/arm gcc/native/4.7.3.1029/arm-gnu-toolchain/bin/../lib/gcc/arm-none-eabi/4.7.3/../../../../arm-none-eabi/lib/armv7-m\libc.a(lib_a-__atexit.o)
 .text          0x00000000       0x20 c:/program files (x86)/atmel/atmel toolchain/arm gcc/native/4.7.3.1029/arm-gnu-toolchain/bin/../lib/gcc/arm-none-eabi/4.7.3/../../../../arm-none-eabi/lib/armv7-m\libc.a(lib_a-exit.o)
 .data          0x00000000        0x0 c:/program files (x86)/atmel/atmel toolchain/arm gcc/native/4.7.3.1029/arm-gnu-toolchain/bin/../lib/gcc/arm-none-eabi/4.7.3/../../../../arm-none-eabi/lib/armv7-m\libc.a(lib_a-exit.o)
 .bss           0x00000000        0x0 c:/program files (x86)/atmel/atmel toolchain/arm gcc/native/4.7.3.1029/arm-gnu-toolchain/bin/../lib/gcc/arm-none-eabi/4.7.3/../../../../arm-none-eabi/lib/armv7-m\libc.a(lib_a-exit.o)
 .debug_info    0x00000000      0x9bc c:/program files (x86)/atmel/atmel toolchain/arm gcc/native/4.7.3.1029/arm-gnu-toolchain/bin/../lib/gcc/arm-none-eabi/4.7.3/../../../../arm-none-eabi/lib/armv7-m\libc.a(lib_a-exit.o)
 .debug_abbrev  0x00000000      0x1c6 c:/program files (x86)/atmel/atmel toolchain/arm gcc/native/4.7.3.1029/arm-gnu-toolchain/bin/../lib/gcc/arm-none-eabi/4.7.3/../../../../arm-none-eabi/lib/armv7-m\libc.a(lib_a-exit.o)
 .debug_loc     0x00000000       0x3e c:/program files (x86)/atmel/atmel toolchain/arm gcc/native/4.7.3.1029/arm-gnu-toolchain/bin/../lib/gcc/arm-none-eabi/4.7.3/../../../../arm-none-eabi/lib/armv7-m\libc.a(lib_a-exit.o)
 .debug_aranges
                0x00000000       0x20 c:/program files (x86)/atmel/atmel toolchain/arm gcc/native/4.7.3.1029/arm-gnu-toolchain/bin/../lib/gcc/arm-none-eabi/4.7.3/../../../../arm-none-eabi/lib/armv7-m\libc.a(lib_a-exit.o)
 .debug_line    0x00000000      0x217 c:/program files (x86)/atmel/atmel toolchain/arm gcc/native/4.7.3.1029/arm-gnu-toolchain/bin/../lib/gcc/arm-none-eabi/4.7.3/../../../../arm-none-eabi/lib/armv7-m\libc.a(lib_a-exit.o)
 .debug_str     0x00000000      0x520 c:/program files (x86)/atmel/atmel toolchain/arm gcc/native/4.7.3.1029/arm-gnu-toolchain/bin/../lib/gcc/arm-none-eabi/4.7.3/../../../../arm-none-eabi/lib/armv7-m\libc.a(lib_a-exit.o)
 .comment       0x00000000       0x72 c:/program files (x86)/atmel/atmel toolchain/arm gcc/native/4.7.3.1029/arm-gnu-toolchain/bin/../lib/gcc/arm-none-eabi/4.7.3/../../../../arm-none-eabi/lib/armv7-m\libc.a(lib_a-exit.o)
 .ARM.attributes
                0x00000000       0x2d c:/program files (x86)/atmel/atmel toolchain/arm gcc/native/4.7.3.1029/arm-gnu-toolchain/bin/../lib/gcc/arm-none-eabi/4.7.3/../../../../arm-none-eabi/lib/armv7-m\libc.a(lib_a-exit.o)
 .debug_frame   0x00000000       0x28 c:/program files (x86)/atmel/atmel toolchain/arm gcc/native/4.7.3.1029/arm-gnu-toolchain/bin/../lib/gcc/arm-none-eabi/4.7.3/../../../../arm-none-eabi/lib/armv7-m\libc.a(lib_a-exit.o)
 .data          0x00000000        0x0 c:/program files (x86)/atmel/atmel toolchain/arm gcc/native/4.7.3.1029/arm-gnu-toolchain/bin/../lib/gcc/arm-none-eabi/4.7.3/../../../../arm-none-eabi/lib/armv7-m\libc.a(lib_a-fini.o)
 .bss           0x00000000        0x0 c:/program files (x86)/atmel/atmel toolchain/arm gcc/native/4.7.3.1029/arm-gnu-toolchain/bin/../lib/gcc/arm-none-eabi/4.7.3/../../../../arm-none-eabi/lib/armv7-m\libc.a(lib_a-fini.o)
 .text          0x00000000        0x0 c:/program files (x86)/atmel/atmel toolchain/arm gcc/native/4.7.3.1029/arm-gnu-toolchain/bin/../lib/gcc/arm-none-eabi/4.7.3/../../../../arm-none-eabi/lib/armv7-m\libc.a(lib_a-impure.o)
 .bss           0x00000000        0x0 c:/program files (x86)/atmel/atmel toolchain/arm gcc/native/4.7.3.1029/arm-gnu-toolchain/bin/../lib/gcc/arm-none-eabi/4.7.3/../../../../arm-none-eabi/lib/armv7-m\libc.a(lib_a-impure.o)
 .data          0x00000000        0x0 c:/program files (x86)/atmel/atmel toolchain/arm gcc/native/4.7.3.1029/arm-gnu-toolchain/bin/../lib/gcc/arm-none-eabi/4.7.3/../../../../arm-none-eabi/lib/armv7-m\libc.a(lib_a-init.o)
 .bss           0x00000000        0x0 c:/program files (x86)/atmel/atmel toolchain/arm gcc/native/4.7.3.1029/arm-gnu-toolchain/bin/../lib/gcc/arm-none-eabi/4.7.3/../../../../arm-none-eabi/lib/armv7-m\libc.a(lib_a-init.o)
 .text          0x00000000       0x10 c:/program files (x86)/atmel/atmel toolchain/arm gcc/native/4.7.3.1029/arm-gnu-toolchain/bin/../lib/gcc/arm-none-eabi/4.7.3/../../../../arm-none-eabi/lib/armv7-m\libc.a(lib_a-memset.o)
 .data          0x00000000        0x0 c:/program files (x86)/atmel/atmel toolchain/arm gcc/native/4.7.3.1029/arm-gnu-toolchain/bin/../lib/gcc/arm-none-eabi/4.7.3/../../../../arm-none-eabi/lib/armv7-m\libc.a(lib_a-memset.o)
 .bss           0x00000000        0x0 c:/program files (x86)/atmel/atmel toolchain/arm gcc/native/4.7.3.1029/arm-gnu-toolchain/bin/../lib/gcc/arm-none-eabi/4.7.3/../../../../arm-none-eabi/lib/armv7-m\libc.a(lib_a-memset.o)
 .debug_info    0x00000000       0xd3 c:/program files (x86)/atmel/atmel toolchain/arm gcc/native/4.7.3.1029/arm-gnu-toolchain/bin/../lib/gcc/arm-none-eabi/4.7.3/../../../../arm-none-eabi/lib/armv7-m\libc.a(lib_a-memset.o)
 .debug_abbrev  0x00000000       0x8c c:/program files (x86)/atmel/atmel toolchain/arm gcc/native/4.7.3.1029/arm-gnu-toolchain/bin/../lib/gcc/arm-none-eabi/4.7.3/../../../../arm-none-eabi/lib/armv7-m\libc.a(lib_a-memset.o)
 .debug_loc     0x00000000       0x3f c:/program files (x86)/atmel/atmel toolchain/arm gcc/native/4.7.3.1029/arm-gnu-toolchain/bin/../lib/gcc/arm-none-eabi/4.7.3/../../../../arm-none-eabi/lib/armv7-m\libc.a(lib_a-memset.o)
 .debug_aranges
                0x00000000       0x20 c:/program files (x86)/atmel/atmel toolchain/arm gcc/native/4.7.3.1029/arm-gnu-toolchain/bin/../lib/gcc/arm-none-eabi/4.7.3/../../../../arm-none-eabi/lib/armv7-m\libc.a(lib_a-memset.o)
 .debug_line    0x00000000      0x18d c:/program files (x86)/atmel/atmel toolchain/arm gcc/native/4.7.3.1029/arm-gnu-toolchain/bin/../lib/gcc/arm-none-eabi/4.7.3/../../../../arm-none-eabi/lib/armv7-m\libc.a(lib_a-memset.o)
 .debug_str     0x00000000      0x14d c:/program files (x86)/atmel/atmel toolchain/arm gcc/native/4.7.3.1029/arm-gnu-toolchain/bin/../lib/gcc/arm-none-eabi/4.7.3/../../../../arm-none-eabi/lib/armv7-m\libc.a(lib_a-memset.o)
 .comment       0x00000000       0x72 c:/program files (x86)/atmel/atmel toolchain/arm gcc/native/4.7.3.1029/arm-gnu-toolchain/bin/../lib/gcc/arm-none-eabi/4.7.3/../../../../arm-none-eabi/lib/armv7-m\libc.a(lib_a-memset.o)
 .ARM.attributes
                0x00000000       0x2d c:/program files (x86)/atmel/atmel toolchain/arm gcc/native/4.7.3.1029/arm-gnu-toolchain/bin/../lib/gcc/arm-none-eabi/4.7.3/../../../../arm-none-eabi/lib/armv7-m\libc.a(lib_a-memset.o)
 .debug_frame   0x00000000       0x20 c:/program files (x86)/atmel/atmel toolchain/arm gcc/native/4.7.3.1029/arm-gnu-toolchain/bin/../lib/gcc/arm-none-eabi/4.7.3/../../../../arm-none-eabi/lib/armv7-m\libc.a(lib_a-memset.o)
 .text          0x00000000       0xc0 c:/program files (x86)/atmel/atmel toolchain/arm gcc/native/4.7.3.1029/arm-gnu-toolchain/bin/../lib/gcc/arm-none-eabi/4.7.3/../../../../arm-none-eabi/lib/armv7-m\libc.a(lib_a-__call_atexit.o)
 .data          0x00000000        0x0 c:/program files (x86)/atmel/atmel toolchain/arm gcc/native/4.7.3.1029/arm-gnu-toolchain/bin/../lib/gcc/arm-none-eabi/4.7.3/../../../../arm-none-eabi/lib/armv7-m\libc.a(lib_a-__call_atexit.o)
 .bss           0x00000000        0x0 c:/program files (x86)/atmel/atmel toolchain/arm gcc/native/4.7.3.1029/arm-gnu-toolchain/bin/../lib/gcc/arm-none-eabi/4.7.3/../../../../arm-none-eabi/lib/armv7-m\libc.a(lib_a-__call_atexit.o)
 .data          0x00000000        0x0 c:/program files (x86)/atmel/atmel toolchain/arm gcc/native/4.7.3.1029/arm-gnu-toolchain/bin/../lib/gcc/arm-none-eabi/4.7.3/../../../../arm-none-eabi/lib/armv7-m\libc.a(lib_a-atexit.o)
 .bss           0x00000000        0x0 c:/program files (x86)/atmel/atmel toolchain/arm gcc/native/4.7.3.1029/arm-gnu-toolchain/bin/../lib/gcc/arm-none-eabi/4.7.3/../../../../arm-none-eabi/lib/armv7-m\libc.a(lib_a-atexit.o)
 .text          0x00000000        0x0 c:/program files (x86)/atmel/atmel toolchain/arm gcc/native/4.7.3.1029/arm-gnu-toolchain/bin/../lib/gcc/arm-none-eabi/4.7.3/armv7-m/crtend.o
 .data          0x00000000        0x0 c:/program files (x86)/atmel/atmel toolchain/arm gcc/native/4.7.3.1029/arm-gnu-toolchain/bin/../lib/gcc/arm-none-eabi/4.7.3/armv7-m/crtend.o
 .bss           0x00000000        0x0 c:/program files (x86)/atmel/atmel toolchain/arm gcc/native/4.7.3.1029/arm-gnu-toolchain/bin/../lib/gcc/arm-none-eabi/4.7.3/armv7-m/crtend.o
 .eh_frame      0x00000000        0x4 c:/program files (x86)/atmel/atmel toolchain/arm gcc/native/4.7.3.1029/arm-gnu-toolchain/bin/../lib/gcc/arm-none-eabi/4.7.3/armv7-m/crtend.o
 .jcr           0x00000000        0x4 c:/program files (x86)/atmel/atmel toolchain/arm gcc/native/4.7.3.1029/arm-gnu-toolchain/bin/../lib/gcc/arm-none-eabi/4.7.3/armv7-m/crtend.o
 .text          0x00000000        0x0 c:/program files (x86)/atmel/atmel toolchain/arm gcc/native/4.7.3.1029/arm-gnu-toolchain/bin/../lib/gcc/arm-none-eabi/4.7.3/armv7-m/crtn.o
 .data          0x00000000        0x0 c:/program files (x86)/atmel/atmel toolchain/arm gcc/native/4.7.3.1029/arm-gnu-toolchain/bin/../lib/gcc/arm-none-eabi/4.7.3/armv7-m/crtn.o
 .bss           0x00000000        0x0 c:/program files (x86)/atmel/atmel toolchain/arm gcc/native/4.7.3.1029/arm-gnu-toolchain/bin/../lib/gcc/arm-none-eabi/4.7.3/armv7-m/crtn.o

Memory Configuration

Name             Origin             Length             Attributes
rom              0x00080000         0x00080000         xr
ram              0x20000000         0x00018000         xrw
*default*        0x00000000         0xffffffff

Linker script and memory map

LOAD c:/program files (x86)/atmel/atmel toolchain/arm gcc/native/4.7.3.1029/arm-gnu-toolchain/bin/../lib/gcc/arm-none-eabi/4.7.3/armv7-m/crti.o
LOAD c:/program files (x86)/atmel/atmel toolchain/arm gcc/native/4.7.3.1029/arm-gnu-toolchain/bin/../lib/gcc/arm-none-eabi/4.7.3/armv7-m/crtbegin.o
LOAD c:/program files (x86)/atmel/atmel toolchain/arm gcc/native/4.7.3.1029/arm-gnu-toolchain/bin/../lib/gcc/arm-none-eabi/4.7.3/../../../../arm-none-eabi/lib/armv7-m/crt0.o
LOAD cmsis/src/startup_sam3xa.o
LOAD cmsis/src/system_sam3xa.o
LOAD emmy_hover_v3.o
START GROUP
END GROUP
LOAD c:/program files (x86)/atmel/atmel toolchain/arm gcc/native/4.7.3.1029/arm-gnu-toolchain/bin/../lib/gcc/arm-none-eabi/4.7.3/../../../../arm-none-eabi/lib/armv7-m\libstdc++.a
LOAD c:/program files (x86)/atmel/atmel toolchain/arm gcc/native/4.7.3.1029/arm-gnu-toolchain/bin/../lib/gcc/arm-none-eabi/4.7.3/../../../../arm-none-eabi/lib/armv7-m\libm.a
START GROUP
LOAD c:/program files (x86)/atmel/atmel toolchain/arm gcc/native/4.7.3.1029/arm-gnu-toolchain/bin/../lib/gcc/arm-none-eabi/4.7.3/armv7-m\libgcc.a
LOAD c:/program files (x86)/atmel/atmel toolchain/arm gcc/native/4.7.3.1029/arm-gnu-toolchain/bin/../lib/gcc/arm-none-eabi/4.7.3/../../../../arm-none-eabi/lib/armv7-m\libc.a
END GROUP
LOAD c:/program files (x86)/atmel/atmel toolchain/arm gcc/native/4.7.3.1029/arm-gnu-toolchain/bin/../lib/gcc/arm-none-eabi/4.7.3/armv7-m/crtend.o
LOAD c:/program files (x86)/atmel/atmel toolchain/arm gcc/native/4.7.3.1029/arm-gnu-toolchain/bin/../lib/gcc/arm-none-eabi/4.7.3/armv7-m/crtn.o
                [0x00003000]                STACK_SIZE = DEFINED (STACK_SIZE)?STACK_SIZE:0x3000

.text           0x00080000      0x53c
                0x00080000                . = ALIGN (0x4)
                0x00080000                _sfixed = .
 *(.vectors .vectors.*)
 .vectors       0x00080000       0xf4 cmsis/src/startup_sam3xa.o
                0x00080000                exception_table
 *(.text .text.* .gnu.linkonce.t.*)
 .text          0x000800f4       0xb0 c:/program files (x86)/atmel/atmel toolchain/arm gcc/native/4.7.3.1029/arm-gnu-toolchain/bin/../lib/gcc/arm-none-eabi/4.7.3/armv7-m/crtbegin.o
 .text.Dummy_Handler
                0x000801a4        0x4 cmsis/src/startup_sam3xa.o
                0x000801a4                DACC_Handler
                0x000801a4                DebugMon_Handler
                0x000801a4                DMAC_Handler
                0x000801a4                TRNG_Handler
                0x000801a4                HardFault_Handler
                0x000801a4                TC2_Handler
                0x000801a4                SysTick_Handler
                0x000801a4                USART3_Handler
                0x000801a4                TWI1_Handler
                0x000801a4                PendSV_Handler
                0x000801a4                NMI_Handler
                0x000801a4                TC7_Handler
                0x000801a4                ADC_Handler
                0x000801a4                SMC_Handler
                0x000801a4                USART0_Handler
                0x000801a4                RTT_Handler
                0x000801a4                EFC1_Handler
                0x000801a4                PIOB_Handler
                0x000801a4                RTC_Handler
                0x000801a4                UsageFault_Handler
                0x000801a4                TC6_Handler
                0x000801a4                WDT_Handler
                0x000801a4                CAN0_Handler
                0x000801a4                TC4_Handler
                0x000801a4                TC1_Handler
                0x000801a4                HSMCI_Handler
                0x000801a4                TC3_Handler
                0x000801a4                Dummy_Handler
                0x000801a4                TWI0_Handler
                0x000801a4                USART1_Handler
                0x000801a4                PIOA_Handler
                0x000801a4                SSC_Handler
                0x000801a4                EFC0_Handler
                0x000801a4                PMC_Handler
                0x000801a4                PWM_Handler
                0x000801a4                CAN1_Handler
                0x000801a4                MemManage_Handler
                0x000801a4                SUPC_Handler
                0x000801a4                SVC_Handler
                0x000801a4                TC8_Handler
                0x000801a4                USART2_Handler
                0x000801a4                PIOD_Handler
                0x000801a4                EMAC_Handler
                0x000801a4                UART_Handler
                0x000801a4                PIOC_Handler
                0x000801a4                BusFault_Handler
                0x000801a4                RSTC_Handler
                0x000801a4                TC0_Handler
                0x000801a4                TC5_Handler
                0x000801a4                UOTGHS_Handler
                0x000801a4                SPI0_Handler
 .text.Reset_Handler
                0x000801a8      0x120 cmsis/src/startup_sam3xa.o
                0x000801a8                Reset_Handler
 .text.SystemInit
                0x000802c8      0x104 cmsis/src/system_sam3xa.o
                0x000802c8                SystemInit
 .text.main     0x000803cc       0x10 emmy_hover_v3.o
                0x000803cc                main
 .text          0x000803dc       0x9c c:/program files (x86)/atmel/atmel toolchain/arm gcc/native/4.7.3.1029/arm-gnu-toolchain/bin/../lib/gcc/arm-none-eabi/4.7.3/../../../../arm-none-eabi/lib/armv7-m\libc.a(lib_a-__atexit.o)
                0x000803dc                __register_exitproc
 .text          0x00080478       0x2c c:/program files (x86)/atmel/atmel toolchain/arm gcc/native/4.7.3.1029/arm-gnu-toolchain/bin/../lib/gcc/arm-none-eabi/4.7.3/../../../../arm-none-eabi/lib/armv7-m\libc.a(lib_a-fini.o)
                0x00080478                __libc_fini_array
 .text          0x000804a4       0x4c c:/program files (x86)/atmel/atmel toolchain/arm gcc/native/4.7.3.1029/arm-gnu-toolchain/bin/../lib/gcc/arm-none-eabi/4.7.3/../../../../arm-none-eabi/lib/armv7-m\libc.a(lib_a-init.o)
                0x000804a4                __libc_init_array
 .text.startup  0x000804f0       0x14 c:/program files (x86)/atmel/atmel toolchain/arm gcc/native/4.7.3.1029/arm-gnu-toolchain/bin/../lib/gcc/arm-none-eabi/4.7.3/../../../../arm-none-eabi/lib/armv7-m\libc.a(lib_a-__call_atexit.o)
 .text          0x00080504        0xc c:/program files (x86)/atmel/atmel toolchain/arm gcc/native/4.7.3.1029/arm-gnu-toolchain/bin/../lib/gcc/arm-none-eabi/4.7.3/../../../../arm-none-eabi/lib/armv7-m\libc.a(lib_a-atexit.o)
                0x00080504                atexit
 *(.glue_7t)
 .glue_7t       0x00000000        0x0 linker stubs
 *(.glue_7)
 .glue_7        0x00000000        0x0 linker stubs
 *(.rodata .rodata* .gnu.linkonce.r.*)
 .rodata        0x00080510        0x4 c:/program files (x86)/atmel/atmel toolchain/arm gcc/native/4.7.3.1029/arm-gnu-toolchain/bin/../lib/gcc/arm-none-eabi/4.7.3/../../../../arm-none-eabi/lib/armv7-m\libc.a(lib_a-impure.o)
                0x00080510                _global_impure_ptr
 .rodata.str1.1
                0x00080514        0x2 c:/program files (x86)/atmel/atmel toolchain/arm gcc/native/4.7.3.1029/arm-gnu-toolchain/bin/../lib/gcc/arm-none-eabi/4.7.3/../../../../arm-none-eabi/lib/armv7-m\libc.a(lib_a-impure.o)
 *(.ARM.extab* .gnu.linkonce.armextab.*)
                0x00080518                . = ALIGN (0x4)
 *fill*         0x00080516        0x2 00
 *(.init)
 .init          0x00080518        0x4 c:/program files (x86)/atmel/atmel toolchain/arm gcc/native/4.7.3.1029/arm-gnu-toolchain/bin/../lib/gcc/arm-none-eabi/4.7.3/armv7-m/crti.o
                0x00080518                _init
 .init          0x0008051c        0x8 c:/program files (x86)/atmel/atmel toolchain/arm gcc/native/4.7.3.1029/arm-gnu-toolchain/bin/../lib/gcc/arm-none-eabi/4.7.3/armv7-m/crtn.o
                0x00080524                . = ALIGN (0x4)
                0x00080524                __preinit_array_start = .
 *(.preinit_array)
                0x00080524                __preinit_array_end = .
                0x00080524                . = ALIGN (0x4)
                0x00080524                __init_array_start = .
 *(SORT(.init_array.*))
 .init_array.00000
                0x00080524        0x4 c:/program files (x86)/atmel/atmel toolchain/arm gcc/native/4.7.3.1029/arm-gnu-toolchain/bin/../lib/gcc/arm-none-eabi/4.7.3/../../../../arm-none-eabi/lib/armv7-m\libc.a(lib_a-__call_atexit.o)
 *(.init_array)
 .init_array    0x00080528        0x4 c:/program files (x86)/atmel/atmel toolchain/arm gcc/native/4.7.3.1029/arm-gnu-toolchain/bin/../lib/gcc/arm-none-eabi/4.7.3/armv7-m/crtbegin.o
                0x0008052c                __init_array_end = .
                0x0008052c                . = ALIGN (0x4)
 *crtbegin.o(.ctors)
 *(EXCLUDE_FILE(*crtend.o) .ctors)
 *(SORT(.ctors.*))
 *crtend.o(.ctors)
                0x0008052c                . = ALIGN (0x4)
 *(.fini)
 .fini          0x0008052c        0x4 c:/program files (x86)/atmel/atmel toolchain/arm gcc/native/4.7.3.1029/arm-gnu-toolchain/bin/../lib/gcc/arm-none-eabi/4.7.3/armv7-m/crti.o
                0x0008052c                _fini
 .fini          0x00080530        0x8 c:/program files (x86)/atmel/atmel toolchain/arm gcc/native/4.7.3.1029/arm-gnu-toolchain/bin/../lib/gcc/arm-none-eabi/4.7.3/armv7-m/crtn.o
                0x00080538                . = ALIGN (0x4)
                0x00080538                __fini_array_start = .
 *(.fini_array)
 .fini_array    0x00080538        0x4 c:/program files (x86)/atmel/atmel toolchain/arm gcc/native/4.7.3.1029/arm-gnu-toolchain/bin/../lib/gcc/arm-none-eabi/4.7.3/armv7-m/crtbegin.o
 *(SORT(.fini_array.*))
                0x0008053c                __fini_array_end = .
 *crtbegin.o(.dtors)
 *(EXCLUDE_FILE(*crtend.o) .dtors)
 *(SORT(.dtors.*))
 *crtend.o(.dtors)
                0x0008053c                . = ALIGN (0x4)
                0x0008053c                _efixed = .
                0x0008053c                PROVIDE (__exidx_start, .)

.vfp11_veneer   0x0008053c        0x0
 .vfp11_veneer  0x00000000        0x0 linker stubs

.v4_bx          0x0008053c        0x0
 .v4_bx         0x00000000        0x0 linker stubs

.iplt           0x0008053c        0x0
 .iplt          0x00000000        0x0 c:/program files (x86)/atmel/atmel toolchain/arm gcc/native/4.7.3.1029/arm-gnu-toolchain/bin/../lib/gcc/arm-none-eabi/4.7.3/armv7-m/crtbegin.o

.eh_frame       0x0008053c        0x0
 .eh_frame      0x0008053c        0x0 c:/program files (x86)/atmel/atmel toolchain/arm gcc/native/4.7.3.1029/arm-gnu-toolchain/bin/../lib/gcc/arm-none-eabi/4.7.3/armv7-m/crtbegin.o

.rel.dyn        0x0008053c        0x0
 .rel.iplt      0x00000000        0x0 c:/program files (x86)/atmel/atmel toolchain/arm gcc/native/4.7.3.1029/arm-gnu-toolchain/bin/../lib/gcc/arm-none-eabi/4.7.3/armv7-m/crtbegin.o

.jcr            0x0008053c        0x0
 .jcr           0x0008053c        0x0 c:/program files (x86)/atmel/atmel toolchain/arm gcc/native/4.7.3.1029/arm-gnu-toolchain/bin/../lib/gcc/arm-none-eabi/4.7.3/armv7-m/crtbegin.o

.tm_clone_table
                0x0008053c        0x0
 .tm_clone_table
                0x0008053c        0x0 c:/program files (x86)/atmel/atmel toolchain/arm gcc/native/4.7.3.1029/arm-gnu-toolchain/bin/../lib/gcc/arm-none-eabi/4.7.3/armv7-m/crtbegin.o
 .tm_clone_table
                0x0008053c        0x0 c:/program files (x86)/atmel/atmel toolchain/arm gcc/native/4.7.3.1029/arm-gnu-toolchain/bin/../lib/gcc/arm-none-eabi/4.7.3/armv7-m/crtend.o

.igot.plt       0x0008053c        0x0
 .igot.plt      0x00000000        0x0 c:/program files (x86)/atmel/atmel toolchain/arm gcc/native/4.7.3.1029/arm-gnu-toolchain/bin/../lib/gcc/arm-none-eabi/4.7.3/armv7-m/crtbegin.o

.ARM.exidx
 *(.ARM.exidx* .gnu.linkonce.armexidx.*)
                0x0008053c                PROVIDE (__exidx_end, .)
                0x0008053c                . = ALIGN (0x4)
                0x0008053c                _etext = .

.relocate       0x20000000      0x438 load address 0x0008053c
                0x20000000                . = ALIGN (0x4)
                0x20000000                _srelocate = .
 *(.ramfunc .ramfunc.*)
 *(.data .data.*)
 .data          0x20000000        0x4 cmsis/src/system_sam3xa.o
                0x20000000                SystemCoreClock
 *fill*         0x20000004        0x4 00
 .data          0x20000008      0x430 c:/program files (x86)/atmel/atmel toolchain/arm gcc/native/4.7.3.1029/arm-gnu-toolchain/bin/../lib/gcc/arm-none-eabi/4.7.3/../../../../arm-none-eabi/lib/armv7-m\libc.a(lib_a-impure.o)
                0x20000008                _impure_ptr
                0x20000438                . = ALIGN (0x4)
                0x20000438                _erelocate = .

.bss            0x20000438       0x1c load address 0x00080974
                0x20000438                . = ALIGN (0x4)
                0x20000438                _sbss = .
                0x20000438                _szero = .
 *(.bss .bss.*)
 .bss           0x20000438       0x1c c:/program files (x86)/atmel/atmel toolchain/arm gcc/native/4.7.3.1029/arm-gnu-toolchain/bin/../lib/gcc/arm-none-eabi/4.7.3/armv7-m/crtbegin.o
 *(COMMON)
                0x20000454                . = ALIGN (0x4)
                0x20000454                _ebss = .
                0x20000454                _ezero = .

.stack          0x20000454     0x3004 load address 0x00080990
                0x20000458                . = ALIGN (0x8)
 *fill*         0x20000454        0x4 00
                0x20000458                _sstack = .
                0x20003458                . = (. + STACK_SIZE)
 *fill*         0x20000458     0x3000 00
                0x20003458                . = ALIGN (0x8)
                0x20003458                _estack = .
                0x20003458                . = ALIGN (0x4)
                0x20003458                _end = .
OUTPUT(emmy_hover_v3.elf elf32-littlearm)

.ARM.attributes
                0x00000000       0x29
 .ARM.attributes
                0x00000000       0x1d c:/program files (x86)/atmel/atmel toolchain/arm gcc/native/4.7.3.1029/arm-gnu-toolchain/bin/../lib/gcc/arm-none-eabi/4.7.3/armv7-m/crti.o
 .ARM.attributes
                0x0000001d       0x2d c:/program files (x86)/atmel/atmel toolchain/arm gcc/native/4.7.3.1029/arm-gnu-toolchain/bin/../lib/gcc/arm-none-eabi/4.7.3/armv7-m/crtbegin.o
 .ARM.attributes
                0x0000004a       0x33 cmsis/src/startup_sam3xa.o
 .ARM.attributes
                0x0000007d       0x33 cmsis/src/system_sam3xa.o
 .ARM.attributes
                0x000000b0       0x33 emmy_hover_v3.o
 .ARM.attributes
                0x000000e3       0x2d c:/program files (x86)/atmel/atmel toolchain/arm gcc/native/4.7.3.1029/arm-gnu-toolchain/bin/../lib/gcc/arm-none-eabi/4.7.3/../../../../arm-none-eabi/lib/armv7-m\libc.a(lib_a-__atexit.o)
 .ARM.attributes
                0x00000110       0x2d c:/program files (x86)/atmel/atmel toolchain/arm gcc/native/4.7.3.1029/arm-gnu-toolchain/bin/../lib/gcc/arm-none-eabi/4.7.3/../../../../arm-none-eabi/lib/armv7-m\libc.a(lib_a-fini.o)
 .ARM.attributes
                0x0000013d       0x2d c:/program files (x86)/atmel/atmel toolchain/arm gcc/native/4.7.3.1029/arm-gnu-toolchain/bin/../lib/gcc/arm-none-eabi/4.7.3/../../../../arm-none-eabi/lib/armv7-m\libc.a(lib_a-impure.o)
 .ARM.attributes
                0x0000016a       0x2d c:/program files (x86)/atmel/atmel toolchain/arm gcc/native/4.7.3.1029/arm-gnu-toolchain/bin/../lib/gcc/arm-none-eabi/4.7.3/../../../../arm-none-eabi/lib/armv7-m\libc.a(lib_a-init.o)
 .ARM.attributes
                0x00000197       0x2d c:/program files (x86)/atmel/atmel toolchain/arm gcc/native/4.7.3.1029/arm-gnu-toolchain/bin/../lib/gcc/arm-none-eabi/4.7.3/../../../../arm-none-eabi/lib/armv7-m\libc.a(lib_a-__call_atexit.o)
 .ARM.attributes
                0x000001c4       0x2d c:/program files (x86)/atmel/atmel toolchain/arm gcc/native/4.7.3.1029/arm-gnu-toolchain/bin/../lib/gcc/arm-none-eabi/4.7.3/../../../../arm-none-eabi/lib/armv7-m\libc.a(lib_a-atexit.o)
 .ARM.attributes
                0x000001f1       0x2d c:/program files (x86)/atmel/atmel toolchain/arm gcc/native/4.7.3.1029/arm-gnu-toolchain/bin/../lib/gcc/arm-none-eabi/4.7.3/armv7-m/crtend.o
 .ARM.attributes
                0x0000021e       0x1d c:/program files (x86)/atmel/atmel toolchain/arm gcc/native/4.7.3.1029/arm-gnu-toolchain/bin/../lib/gcc/arm-none-eabi/4.7.3/armv7-m/crtn.o

.comment        0x00000000       0x71
 .comment       0x00000000       0x71 c:/program files (x86)/atmel/atmel toolchain/arm gcc/native/4.7.3.1029/arm-gnu-toolchain/bin/../lib/gcc/arm-none-eabi/4.7.3/armv7-m/crtbegin.o
                                 0x72 (size before relaxing)
 .comment       0x00000000       0x72 cmsis/src/startup_sam3xa.o
 .comment       0x00000000       0x72 cmsis/src/system_sam3xa.o
 .comment       0x00000000       0x72 emmy_hover_v3.o
 .comment       0x00000000       0x72 c:/program files (x86)/atmel/atmel toolchain/arm gcc/native/4.7.3.1029/arm-gnu-toolchain/bin/../lib/gcc/arm-none-eabi/4.7.3/../../../../arm-none-eabi/lib/armv7-m\libc.a(lib_a-__atexit.o)
 .comment       0x00000000       0x72 c:/program files (x86)/atmel/atmel toolchain/arm gcc/native/4.7.3.1029/arm-gnu-toolchain/bin/../lib/gcc/arm-none-eabi/4.7.3/../../../../arm-none-eabi/lib/armv7-m\libc.a(lib_a-fini.o)
 .comment       0x00000000       0x72 c:/program files (x86)/atmel/atmel toolchain/arm gcc/native/4.7.3.1029/arm-gnu-toolchain/bin/../lib/gcc/arm-none-eabi/4.7.3/../../../../arm-none-eabi/lib/armv7-m\libc.a(lib_a-impure.o)
 .comment       0x00000000       0x72 c:/program files (x86)/atmel/atmel toolchain/arm gcc/native/4.7.3.1029/arm-gnu-toolchain/bin/../lib/gcc/arm-none-eabi/4.7.3/../../../../arm-none-eabi/lib/armv7-m\libc.a(lib_a-init.o)
 .comment       0x00000000       0x72 c:/program files (x86)/atmel/atmel toolchain/arm gcc/native/4.7.3.1029/arm-gnu-toolchain/bin/../lib/gcc/arm-none-eabi/4.7.3/../../../../arm-none-eabi/lib/armv7-m\libc.a(lib_a-__call_atexit.o)
 .comment       0x00000000       0x72 c:/program files (x86)/atmel/atmel toolchain/arm gcc/native/4.7.3.1029/arm-gnu-toolchain/bin/../lib/gcc/arm-none-eabi/4.7.3/../../../../arm-none-eabi/lib/armv7-m\libc.a(lib_a-atexit.o)
 .comment       0x00000000       0x72 c:/program files (x86)/atmel/atmel toolchain/arm gcc/native/4.7.3.1029/arm-gnu-toolchain/bin/../lib/gcc/arm-none-eabi/4.7.3/armv7-m/crtend.o

.debug_info     0x00000000     0x2cca
 .debug_info    0x00000000      0x6ca cmsis/src/startup_sam3xa.o
 .debug_info    0x000006ca      0x43c cmsis/src/system_sam3xa.o
 .debug_info    0x00000b06       0xbc emmy_hover_v3.o
 .debug_info    0x00000bc2      0xa15 c:/program files (x86)/atmel/atmel toolchain/arm gcc/native/4.7.3.1029/arm-gnu-toolchain/bin/../lib/gcc/arm-none-eabi/4.7.3/../../../../arm-none-eabi/lib/armv7-m\libc.a(lib_a-__atexit.o)
 .debug_info    0x000015d7       0xf7 c:/program files (x86)/atmel/atmel toolchain/arm gcc/native/4.7.3.1029/arm-gnu-toolchain/bin/../lib/gcc/arm-none-eabi/4.7.3/../../../../arm-none-eabi/lib/armv7-m\libc.a(lib_a-fini.o)
 .debug_info    0x000016ce      0x961 c:/program files (x86)/atmel/atmel toolchain/arm gcc/native/4.7.3.1029/arm-gnu-toolchain/bin/../lib/gcc/arm-none-eabi/4.7.3/../../../../arm-none-eabi/lib/armv7-m\libc.a(lib_a-impure.o)
 .debug_info    0x0000202f      0x110 c:/program files (x86)/atmel/atmel toolchain/arm gcc/native/4.7.3.1029/arm-gnu-toolchain/bin/../lib/gcc/arm-none-eabi/4.7.3/../../../../arm-none-eabi/lib/armv7-m\libc.a(lib_a-init.o)
 .debug_info    0x0000213f      0xa7c c:/program files (x86)/atmel/atmel toolchain/arm gcc/native/4.7.3.1029/arm-gnu-toolchain/bin/../lib/gcc/arm-none-eabi/4.7.3/../../../../arm-none-eabi/lib/armv7-m\libc.a(lib_a-__call_atexit.o)
 .debug_info    0x00002bbb      0x10f c:/program files (x86)/atmel/atmel toolchain/arm gcc/native/4.7.3.1029/arm-gnu-toolchain/bin/../lib/gcc/arm-none-eabi/4.7.3/../../../../arm-none-eabi/lib/armv7-m\libc.a(lib_a-atexit.o)

.debug_abbrev   0x00000000      0xaa1
 .debug_abbrev  0x00000000      0x149 cmsis/src/startup_sam3xa.o
 .debug_abbrev  0x00000149       0xf5 cmsis/src/system_sam3xa.o
 .debug_abbrev  0x0000023e       0x77 emmy_hover_v3.o
 .debug_abbrev  0x000002b5      0x1fe c:/program files (x86)/atmel/atmel toolchain/arm gcc/native/4.7.3.1029/arm-gnu-toolchain/bin/../lib/gcc/arm-none-eabi/4.7.3/../../../../arm-none-eabi/lib/armv7-m\libc.a(lib_a-__atexit.o)
 .debug_abbrev  0x000004b3       0xbb c:/program files (x86)/atmel/atmel toolchain/arm gcc/native/4.7.3.1029/arm-gnu-toolchain/bin/../lib/gcc/arm-none-eabi/4.7.3/../../../../arm-none-eabi/lib/armv7-m\libc.a(lib_a-fini.o)
 .debug_abbrev  0x0000056e      0x160 c:/program files (x86)/atmel/atmel toolchain/arm gcc/native/4.7.3.1029/arm-gnu-toolchain/bin/../lib/gcc/arm-none-eabi/4.7.3/../../../../arm-none-eabi/lib/armv7-m\libc.a(lib_a-impure.o)
 .debug_abbrev  0x000006ce       0xb8 c:/program files (x86)/atmel/atmel toolchain/arm gcc/native/4.7.3.1029/arm-gnu-toolchain/bin/../lib/gcc/arm-none-eabi/4.7.3/../../../../arm-none-eabi/lib/armv7-m\libc.a(lib_a-init.o)
 .debug_abbrev  0x00000786      0x265 c:/program files (x86)/atmel/atmel toolchain/arm gcc/native/4.7.3.1029/arm-gnu-toolchain/bin/../lib/gcc/arm-none-eabi/4.7.3/../../../../arm-none-eabi/lib/armv7-m\libc.a(lib_a-__call_atexit.o)
 .debug_abbrev  0x000009eb       0xb6 c:/program files (x86)/atmel/atmel toolchain/arm gcc/native/4.7.3.1029/arm-gnu-toolchain/bin/../lib/gcc/arm-none-eabi/4.7.3/../../../../arm-none-eabi/lib/armv7-m\libc.a(lib_a-atexit.o)

.debug_loc      0x00000000      0x373
 .debug_loc     0x00000000       0x20 cmsis/src/startup_sam3xa.o
 .debug_loc     0x00000020       0x53 cmsis/src/system_sam3xa.o
 .debug_loc     0x00000073       0x20 emmy_hover_v3.o
 .debug_loc     0x00000093       0xfc c:/program files (x86)/atmel/atmel toolchain/arm gcc/native/4.7.3.1029/arm-gnu-toolchain/bin/../lib/gcc/arm-none-eabi/4.7.3/../../../../arm-none-eabi/lib/armv7-m\libc.a(lib_a-__atexit.o)
 .debug_loc     0x0000018f       0x33 c:/program files (x86)/atmel/atmel toolchain/arm gcc/native/4.7.3.1029/arm-gnu-toolchain/bin/../lib/gcc/arm-none-eabi/4.7.3/../../../../arm-none-eabi/lib/armv7-m\libc.a(lib_a-fini.o)
 .debug_loc     0x000001c2       0x4a c:/program files (x86)/atmel/atmel toolchain/arm gcc/native/4.7.3.1029/arm-gnu-toolchain/bin/../lib/gcc/arm-none-eabi/4.7.3/../../../../arm-none-eabi/lib/armv7-m\libc.a(lib_a-init.o)
 .debug_loc     0x0000020c      0x13b c:/program files (x86)/atmel/atmel toolchain/arm gcc/native/4.7.3.1029/arm-gnu-toolchain/bin/../lib/gcc/arm-none-eabi/4.7.3/../../../../arm-none-eabi/lib/armv7-m\libc.a(lib_a-__call_atexit.o)
 .debug_loc     0x00000347       0x2c c:/program files (x86)/atmel/atmel toolchain/arm gcc/native/4.7.3.1029/arm-gnu-toolchain/bin/../lib/gcc/arm-none-eabi/4.7.3/../../../../arm-none-eabi/lib/armv7-m\libc.a(lib_a-atexit.o)

.debug_aranges  0x00000000      0x138
 .debug_aranges
                0x00000000       0x28 cmsis/src/startup_sam3xa.o
 .debug_aranges
                0x00000028       0x30 cmsis/src/system_sam3xa.o
 .debug_aranges
                0x00000058       0x20 emmy_hover_v3.o
 .debug_aranges
                0x00000078       0x20 c:/program files (x86)/atmel/atmel toolchain/arm gcc/native/4.7.3.1029/arm-gnu-toolchain/bin/../lib/gcc/arm-none-eabi/4.7.3/../../../../arm-none-eabi/lib/armv7-m\libc.a(lib_a-__atexit.o)
 .debug_aranges
                0x00000098       0x20 c:/program files (x86)/atmel/atmel toolchain/arm gcc/native/4.7.3.1029/arm-gnu-toolchain/bin/../lib/gcc/arm-none-eabi/4.7.3/../../../../arm-none-eabi/lib/armv7-m\libc.a(lib_a-fini.o)
 .debug_aranges
                0x000000b8       0x18 c:/program files (x86)/atmel/atmel toolchain/arm gcc/native/4.7.3.1029/arm-gnu-toolchain/bin/../lib/gcc/arm-none-eabi/4.7.3/../../../../arm-none-eabi/lib/armv7-m\libc.a(lib_a-impure.o)
 .debug_aranges
                0x000000d0       0x20 c:/program files (x86)/atmel/atmel toolchain/arm gcc/native/4.7.3.1029/arm-gnu-toolchain/bin/../lib/gcc/arm-none-eabi/4.7.3/../../../../arm-none-eabi/lib/armv7-m\libc.a(lib_a-init.o)
 .debug_aranges
                0x000000f0       0x28 c:/program files (x86)/atmel/atmel toolchain/arm gcc/native/4.7.3.1029/arm-gnu-toolchain/bin/../lib/gcc/arm-none-eabi/4.7.3/../../../../arm-none-eabi/lib/armv7-m\libc.a(lib_a-__call_atexit.o)
 .debug_aranges
                0x00000118       0x20 c:/program files (x86)/atmel/atmel toolchain/arm gcc/native/4.7.3.1029/arm-gnu-toolchain/bin/../lib/gcc/arm-none-eabi/4.7.3/../../../../arm-none-eabi/lib/armv7-m\libc.a(lib_a-atexit.o)

.debug_ranges   0x00000000       0x98
 .debug_ranges  0x00000000       0x18 cmsis/src/startup_sam3xa.o
 .debug_ranges  0x00000018       0x20 cmsis/src/system_sam3xa.o
 .debug_ranges  0x00000038       0x10 emmy_hover_v3.o
 .debug_ranges  0x00000048       0x50 c:/program files (x86)/atmel/atmel toolchain/arm gcc/native/4.7.3.1029/arm-gnu-toolchain/bin/../lib/gcc/arm-none-eabi/4.7.3/../../../../arm-none-eabi/lib/armv7-m\libc.a(lib_a-__call_atexit.o)

.debug_macro    0x00000000    0x11377
 .debug_macro   0x00000000      0x354 cmsis/src/startup_sam3xa.o
 .debug_macro   0x00000354      0x814 cmsis/src/startup_sam3xa.o
 .debug_macro   0x00000b68       0x3a cmsis/src/startup_sam3xa.o
 .debug_macro   0x00000ba2       0x10 cmsis/src/startup_sam3xa.o
 .debug_macro   0x00000bb2       0x2e cmsis/src/startup_sam3xa.o
 .debug_macro   0x00000be0       0xa3 cmsis/src/startup_sam3xa.o
 .debug_macro   0x00000c83      0x20e cmsis/src/startup_sam3xa.o
 .debug_macro   0x00000e91       0x20 cmsis/src/startup_sam3xa.o
 .debug_macro   0x00000eb1       0x3a cmsis/src/startup_sam3xa.o
 .debug_macro   0x00000eeb       0x2d cmsis/src/startup_sam3xa.o
 .debug_macro   0x00000f18      0xbb1 cmsis/src/startup_sam3xa.o
 .debug_macro   0x00001ac9      0x979 cmsis/src/startup_sam3xa.o
 .debug_macro   0x00002442      0x55a cmsis/src/startup_sam3xa.o
 .debug_macro   0x0000299c      0x26e cmsis/src/startup_sam3xa.o
 .debug_macro   0x00002c0a      0x343 cmsis/src/startup_sam3xa.o
 .debug_macro   0x00002f4d      0x709 cmsis/src/startup_sam3xa.o
 .debug_macro   0x00003656       0xd6 cmsis/src/startup_sam3xa.o
 .debug_macro   0x0000372c      0x56c cmsis/src/startup_sam3xa.o
 .debug_macro   0x00003c98       0x1c cmsis/src/startup_sam3xa.o
 .debug_macro   0x00003cb4      0x69b cmsis/src/startup_sam3xa.o
 .debug_macro   0x0000434f      0x51e cmsis/src/startup_sam3xa.o
 .debug_macro   0x0000486d       0xee cmsis/src/startup_sam3xa.o
 .debug_macro   0x0000495b     0x2333 cmsis/src/startup_sam3xa.o
 .debug_macro   0x00006c8e      0x7d1 cmsis/src/startup_sam3xa.o
 .debug_macro   0x0000745f      0xdf3 cmsis/src/startup_sam3xa.o
 .debug_macro   0x00008252       0x9a cmsis/src/startup_sam3xa.o
 .debug_macro   0x000082ec      0x29c cmsis/src/startup_sam3xa.o
 .debug_macro   0x00008588       0x58 cmsis/src/startup_sam3xa.o
 .debug_macro   0x000085e0      0x9a0 cmsis/src/startup_sam3xa.o
 .debug_macro   0x00008f80      0x22d cmsis/src/startup_sam3xa.o
 .debug_macro   0x000091ad      0x4c9 cmsis/src/startup_sam3xa.o
 .debug_macro   0x00009676      0x64a cmsis/src/startup_sam3xa.o
 .debug_macro   0x00009cc0      0x590 cmsis/src/startup_sam3xa.o
 .debug_macro   0x0000a250       0x46 cmsis/src/startup_sam3xa.o
 .debug_macro   0x0000a296      0x377 cmsis/src/startup_sam3xa.o
 .debug_macro   0x0000a60d      0x2b6 cmsis/src/startup_sam3xa.o
 .debug_macro   0x0000a8c3     0x14dc cmsis/src/startup_sam3xa.o
 .debug_macro   0x0000bd9f      0x807 cmsis/src/startup_sam3xa.o
 .debug_macro   0x0000c5a6       0x76 cmsis/src/startup_sam3xa.o
 .debug_macro   0x0000c61c       0x82 cmsis/src/startup_sam3xa.o
 .debug_macro   0x0000c69e       0x76 cmsis/src/startup_sam3xa.o
 .debug_macro   0x0000c714       0x4c cmsis/src/startup_sam3xa.o
 .debug_macro   0x0000c760      0x100 cmsis/src/startup_sam3xa.o
 .debug_macro   0x0000c860      0x100 cmsis/src/startup_sam3xa.o
 .debug_macro   0x0000c960      0x100 cmsis/src/startup_sam3xa.o
 .debug_macro   0x0000ca60       0x88 cmsis/src/startup_sam3xa.o
 .debug_macro   0x0000cae8       0x88 cmsis/src/startup_sam3xa.o
 .debug_macro   0x0000cb70      0x3b4 cmsis/src/startup_sam3xa.o
 .debug_macro   0x0000cf24       0xbe cmsis/src/startup_sam3xa.o
 .debug_macro   0x0000cfe2       0xbe cmsis/src/startup_sam3xa.o
 .debug_macro   0x0000d0a0       0xbe cmsis/src/startup_sam3xa.o
 .debug_macro   0x0000d15e       0xbe cmsis/src/startup_sam3xa.o
 .debug_macro   0x0000d21c      0x2b8 cmsis/src/startup_sam3xa.o
 .debug_macro   0x0000d4d4      0x118 cmsis/src/startup_sam3xa.o
 .debug_macro   0x0000d5ec      0x216 cmsis/src/startup_sam3xa.o
 .debug_macro   0x0000d802      0x216 cmsis/src/startup_sam3xa.o
 .debug_macro   0x0000da18       0x2e cmsis/src/startup_sam3xa.o
 .debug_macro   0x0000da46       0xa6 cmsis/src/startup_sam3xa.o
 .debug_macro   0x0000daec      0x13e cmsis/src/startup_sam3xa.o
 .debug_macro   0x0000dc2a       0x7c cmsis/src/startup_sam3xa.o
 .debug_macro   0x0000dca6      0x1f6 cmsis/src/startup_sam3xa.o
 .debug_macro   0x0000de9c       0x64 cmsis/src/startup_sam3xa.o
 .debug_macro   0x0000df00       0xa6 cmsis/src/startup_sam3xa.o
 .debug_macro   0x0000dfa6       0x7c cmsis/src/startup_sam3xa.o
 .debug_macro   0x0000e022       0x16 cmsis/src/startup_sam3xa.o
 .debug_macro   0x0000e038       0x22 cmsis/src/startup_sam3xa.o
 .debug_macro   0x0000e05a       0x22 cmsis/src/startup_sam3xa.o
 .debug_macro   0x0000e07c      0x10c cmsis/src/startup_sam3xa.o
 .debug_macro   0x0000e188      0x10c cmsis/src/startup_sam3xa.o
 .debug_macro   0x0000e294      0x10c cmsis/src/startup_sam3xa.o
 .debug_macro   0x0000e3a0      0x10c cmsis/src/startup_sam3xa.o
 .debug_macro   0x0000e4ac       0x1c cmsis/src/startup_sam3xa.o
 .debug_macro   0x0000e4c8       0x2e cmsis/src/startup_sam3xa.o
 .debug_macro   0x0000e4f6       0x22 cmsis/src/startup_sam3xa.o
 .debug_macro   0x0000e518       0x1c cmsis/src/startup_sam3xa.o
 .debug_macro   0x0000e534       0x58 cmsis/src/startup_sam3xa.o
 .debug_macro   0x0000e58c       0x10 cmsis/src/startup_sam3xa.o
 .debug_macro   0x0000e59c      0x27a cmsis/src/startup_sam3xa.o
 .debug_macro   0x0000e816      0xd34 cmsis/src/startup_sam3xa.o
 .debug_macro   0x0000f54a      0x169 cmsis/src/startup_sam3xa.o
 .debug_macro   0x0000f6b3      0x366 cmsis/src/system_sam3xa.o
 .debug_macro   0x0000fa19      0x368 emmy_hover_v3.o
 .debug_macro   0x0000fd81      0x820 emmy_hover_v3.o
 .debug_macro   0x000105a1      0x183 emmy_hover_v3.o
 .debug_macro   0x00010724       0xa2 emmy_hover_v3.o
 .debug_macro   0x000107c6      0xbb1 emmy_hover_v3.o

.debug_line     0x00000000     0x2522
 .debug_line    0x00000000      0x8fe cmsis/src/startup_sam3xa.o
 .debug_line    0x000008fe      0x94a cmsis/src/system_sam3xa.o
 .debug_line    0x00001248      0x94f emmy_hover_v3.o
 .debug_line    0x00001b97      0x235 c:/program files (x86)/atmel/atmel toolchain/arm gcc/native/4.7.3.1029/arm-gnu-toolchain/bin/../lib/gcc/arm-none-eabi/4.7.3/../../../../arm-none-eabi/lib/armv7-m\libc.a(lib_a-__atexit.o)
 .debug_line    0x00001dcc      0x123 c:/program files (x86)/atmel/atmel toolchain/arm gcc/native/4.7.3.1029/arm-gnu-toolchain/bin/../lib/gcc/arm-none-eabi/4.7.3/../../../../arm-none-eabi/lib/armv7-m\libc.a(lib_a-fini.o)
 .debug_line    0x00001eef      0x183 c:/program files (x86)/atmel/atmel toolchain/arm gcc/native/4.7.3.1029/arm-gnu-toolchain/bin/../lib/gcc/arm-none-eabi/4.7.3/../../../../arm-none-eabi/lib/armv7-m\libc.a(lib_a-impure.o)
 .debug_line    0x00002072      0x135 c:/program files (x86)/atmel/atmel toolchain/arm gcc/native/4.7.3.1029/arm-gnu-toolchain/bin/../lib/gcc/arm-none-eabi/4.7.3/../../../../arm-none-eabi/lib/armv7-m\libc.a(lib_a-init.o)
 .debug_line    0x000021a7      0x270 c:/program files (x86)/atmel/atmel toolchain/arm gcc/native/4.7.3.1029/arm-gnu-toolchain/bin/../lib/gcc/arm-none-eabi/4.7.3/../../../../arm-none-eabi/lib/armv7-m\libc.a(lib_a-__call_atexit.o)
 .debug_line    0x00002417      0x10b c:/program files (x86)/atmel/atmel toolchain/arm gcc/native/4.7.3.1029/arm-gnu-toolchain/bin/../lib/gcc/arm-none-eabi/4.7.3/../../../../arm-none-eabi/lib/armv7-m\libc.a(lib_a-atexit.o)

.debug_str      0x00000000    0x50787
 .debug_str     0x00000000    0x4e811 cmsis/src/startup_sam3xa.o
                              0x4e90a (size before relaxing)
 .debug_str     0x0004e811      0x2d2 cmsis/src/system_sam3xa.o
                              0x4e6de (size before relaxing)
 .debug_str     0x0004eae3     0x1567 emmy_hover_v3.o
                              0x4f7b4 (size before relaxing)
 .debug_str     0x0005004a      0x460 c:/program files (x86)/atmel/atmel toolchain/arm gcc/native/4.7.3.1029/arm-gnu-toolchain/bin/../lib/gcc/arm-none-eabi/4.7.3/../../../../arm-none-eabi/lib/armv7-m\libc.a(lib_a-__atexit.o)
                                0x56d (size before relaxing)
 .debug_str     0x000504aa       0x96 c:/program files (x86)/atmel/atmel toolchain/arm gcc/native/4.7.3.1029/arm-gnu-toolchain/bin/../lib/gcc/arm-none-eabi/4.7.3/../../../../arm-none-eabi/lib/armv7-m\libc.a(lib_a-fini.o)
                                0x184 (size before relaxing)
 .debug_str     0x00050540       0x6f c:/program files (x86)/atmel/atmel toolchain/arm gcc/native/4.7.3.1029/arm-gnu-toolchain/bin/../lib/gcc/arm-none-eabi/4.7.3/../../../../arm-none-eabi/lib/armv7-m\libc.a(lib_a-impure.o)
                                0x518 (size before relaxing)
 .debug_str     0x000505af       0xc6 c:/program files (x86)/atmel/atmel toolchain/arm gcc/native/4.7.3.1029/arm-gnu-toolchain/bin/../lib/gcc/arm-none-eabi/4.7.3/../../../../arm-none-eabi/lib/armv7-m\libc.a(lib_a-init.o)
                                0x1ae (size before relaxing)
 .debug_str     0x00050675       0xae c:/program files (x86)/atmel/atmel toolchain/arm gcc/native/4.7.3.1029/arm-gnu-toolchain/bin/../lib/gcc/arm-none-eabi/4.7.3/../../../../arm-none-eabi/lib/armv7-m\libc.a(lib_a-__call_atexit.o)
                                0x569 (size before relaxing)
 .debug_str     0x00050723       0x64 c:/program files (x86)/atmel/atmel toolchain/arm gcc/native/4.7.3.1029/arm-gnu-toolchain/bin/../lib/gcc/arm-none-eabi/4.7.3/../../../../arm-none-eabi/lib/armv7-m\libc.a(lib_a-atexit.o)
                                0x18a (size before relaxing)

.debug_frame    0x00000000      0x194
 .debug_frame   0x00000000       0x3c cmsis/src/startup_sam3xa.o
 .debug_frame   0x0000003c       0x40 cmsis/src/system_sam3xa.o
 .debug_frame   0x0000007c       0x28 emmy_hover_v3.o
 .debug_frame   0x000000a4       0x34 c:/program files (x86)/atmel/atmel toolchain/arm gcc/native/4.7.3.1029/arm-gnu-toolchain/bin/../lib/gcc/arm-none-eabi/4.7.3/../../../../arm-none-eabi/lib/armv7-m\libc.a(lib_a-__atexit.o)
 .debug_frame   0x000000d8       0x2c c:/program files (x86)/atmel/atmel toolchain/arm gcc/native/4.7.3.1029/arm-gnu-toolchain/bin/../lib/gcc/arm-none-eabi/4.7.3/../../../../arm-none-eabi/lib/armv7-m\libc.a(lib_a-fini.o)
 .debug_frame   0x00000104       0x2c c:/program files (x86)/atmel/atmel toolchain/arm gcc/native/4.7.3.1029/arm-gnu-toolchain/bin/../lib/gcc/arm-none-eabi/4.7.3/../../../../arm-none-eabi/lib/armv7-m\libc.a(lib_a-init.o)
 .debug_frame   0x00000130       0x44 c:/program files (x86)/atmel/atmel toolchain/arm gcc/native/4.7.3.1029/arm-gnu-toolchain/bin/../lib/gcc/arm-none-eabi/4.7.3/../../../../arm-none-eabi/lib/armv7-m\libc.a(lib_a-__call_atexit.o)
 .debug_frame   0x00000174       0x20 c:/program files (x86)/atmel/atmel toolchain/arm gcc/native/4.7.3.1029/arm-gnu-toolchain/bin/../lib/gcc/arm-none-eabi/4.7.3/../../../../arm-none-eabi/lib/armv7-m\libc.a(lib_a-atexit.o)
