Archive member included because of file (symbol)

c:/program files (x86)/atmel/atmel toolchain/arm gcc/native/4.7.3.1029/arm-gnu-toolchain/bin/../lib/gcc/arm-none-eabi/4.7.3/../../../../arm-none-eabi/lib/armv7-m\libc.a(lib_a-__atexit.o)
                              c:/program files (x86)/atmel/atmel toolchain/arm gcc/native/4.7.3.1029/arm-gnu-toolchain/bin/../lib/gcc/arm-none-eabi/4.7.3/../../../../arm-none-eabi/lib/armv7-m/crt0.o (__register_exitproc)
c:/program files (x86)/atmel/atmel toolchain/arm gcc/native/4.7.3.1029/arm-gnu-toolchain/bin/../lib/gcc/arm-none-eabi/4.7.3/../../../../arm-none-eabi/lib/armv7-m\libc.a(lib_a-exit.o)
                              c:/program files (x86)/atmel/atmel toolchain/arm gcc/native/4.7.3.1029/arm-gnu-toolchain/bin/../lib/gcc/arm-none-eabi/4.7.3/../../../../arm-none-eabi/lib/armv7-m/crt0.o (exit)
c:/program files (x86)/atmel/atmel toolchain/arm gcc/native/4.7.3.1029/arm-gnu-toolchain/bin/../lib/gcc/arm-none-eabi/4.7.3/../../../../arm-none-eabi/lib/armv7-m\libc.a(lib_a-fini.o)
                              c:/program files (x86)/atmel/atmel toolchain/arm gcc/native/4.7.3.1029/arm-gnu-toolchain/bin/../lib/gcc/arm-none-eabi/4.7.3/../../../../arm-none-eabi/lib/armv7-m/crt0.o (__libc_fini_array)
c:/program files (x86)/atmel/atmel toolchain/arm gcc/native/4.7.3.1029/arm-gnu-toolchain/bin/../lib/gcc/arm-none-eabi/4.7.3/../../../../arm-none-eabi/lib/armv7-m\libc.a(lib_a-impure.o)
                              c:/program files (x86)/atmel/atmel toolchain/arm gcc/native/4.7.3.1029/arm-gnu-toolchain/bin/../lib/gcc/arm-none-eabi/4.7.3/../../../../arm-none-eabi/lib/armv7-m\libc.a(lib_a-__atexit.o) (_global_impure_ptr)
c:/program files (x86)/atmel/atmel toolchain/arm gcc/native/4.7.3.1029/arm-gnu-toolchain/bin/../lib/gcc/arm-none-eabi/4.7.3/../../../../arm-none-eabi/lib/armv7-m\libc.a(lib_a-init.o)
                              c:/program files (x86)/atmel/atmel toolchain/arm gcc/native/4.7.3.1029/arm-gnu-toolchain/bin/../lib/gcc/arm-none-eabi/4.7.3/../../../../arm-none-eabi/lib/armv7-m/crt0.o (__libc_init_array)
c:/program files (x86)/atmel/atmel toolchain/arm gcc/native/4.7.3.1029/arm-gnu-toolchain/bin/../lib/gcc/arm-none-eabi/4.7.3/../../../../arm-none-eabi/lib/armv7-m\libc.a(lib_a-iprintf.o)
                              src/ASF/sam/utils/syscalls/gcc/syscalls.o (iprintf)
c:/program files (x86)/atmel/atmel toolchain/arm gcc/native/4.7.3.1029/arm-gnu-toolchain/bin/../lib/gcc/arm-none-eabi/4.7.3/../../../../arm-none-eabi/lib/armv7-m\libc.a(lib_a-memcpy.o)
                              src/ASF/thirdparty/freertos/freertos-7.3.0/source/queue.o (memcpy)
c:/program files (x86)/atmel/atmel toolchain/arm gcc/native/4.7.3.1029/arm-gnu-toolchain/bin/../lib/gcc/arm-none-eabi/4.7.3/../../../../arm-none-eabi/lib/armv7-m\libc.a(lib_a-memset.o)
                              c:/program files (x86)/atmel/atmel toolchain/arm gcc/native/4.7.3.1029/arm-gnu-toolchain/bin/../lib/gcc/arm-none-eabi/4.7.3/../../../../arm-none-eabi/lib/armv7-m/crt0.o (memset)
c:/program files (x86)/atmel/atmel toolchain/arm gcc/native/4.7.3.1029/arm-gnu-toolchain/bin/../lib/gcc/arm-none-eabi/4.7.3/../../../../arm-none-eabi/lib/armv7-m\libc.a(lib_a-sprintf.o)
                              src/ASF/thirdparty/freertos/freertos-7.3.0/source/tasks.o (sprintf)
c:/program files (x86)/atmel/atmel toolchain/arm gcc/native/4.7.3.1029/arm-gnu-toolchain/bin/../lib/gcc/arm-none-eabi/4.7.3/../../../../arm-none-eabi/lib/armv7-m\libc.a(lib_a-strcat.o)
                              src/ASF/thirdparty/freertos/freertos-7.3.0/source/tasks.o (strcat)
c:/program files (x86)/atmel/atmel toolchain/arm gcc/native/4.7.3.1029/arm-gnu-toolchain/bin/../lib/gcc/arm-none-eabi/4.7.3/../../../../arm-none-eabi/lib/armv7-m\libc.a(lib_a-strlen.o)
                              src/ASF/thirdparty/freertos/freertos-7.3.0/source/FreeRTOS_CLI.o (strlen)
c:/program files (x86)/atmel/atmel toolchain/arm gcc/native/4.7.3.1029/arm-gnu-toolchain/bin/../lib/gcc/arm-none-eabi/4.7.3/../../../../arm-none-eabi/lib/armv7-m\libc.a(lib_a-strncmp.o)
                              src/ASF/thirdparty/freertos/freertos-7.3.0/source/FreeRTOS_CLI.o (strncmp)
c:/program files (x86)/atmel/atmel toolchain/arm gcc/native/4.7.3.1029/arm-gnu-toolchain/bin/../lib/gcc/arm-none-eabi/4.7.3/../../../../arm-none-eabi/lib/armv7-m\libc.a(lib_a-strncpy.o)
                              src/ASF/thirdparty/freertos/freertos-7.3.0/source/FreeRTOS_CLI.o (strncpy)
c:/program files (x86)/atmel/atmel toolchain/arm gcc/native/4.7.3.1029/arm-gnu-toolchain/bin/../lib/gcc/arm-none-eabi/4.7.3/../../../../arm-none-eabi/lib/armv7-m\libc.a(lib_a-svfprintf.o)
                              c:/program files (x86)/atmel/atmel toolchain/arm gcc/native/4.7.3.1029/arm-gnu-toolchain/bin/../lib/gcc/arm-none-eabi/4.7.3/../../../../arm-none-eabi/lib/armv7-m\libc.a(lib_a-sprintf.o) (_svfprintf_r)
[...]
Memory Configuration

Name             Origin             Length             Attributes
rom              0x00080000         0x00080000         xr
ram              0x20000000         0x00018000         xrw
*default*        0x00000000         0xffffffff

Linker script and memory map

LOAD c:/program files (x86)/atmel/atmel toolchain/arm gcc/native/4.7.3.1029/arm-gnu-toolchain/bin/../lib/gcc/arm-none-eabi/4.7.3/armv7-m/crti.o
LOAD c:/program files (x86)/atmel/atmel toolchain/arm gcc/native/4.7.3.1029/arm-gnu-toolchain/bin/../lib/gcc/arm-none-eabi/4.7.3/armv7-m/crtbegin.o
LOAD c:/program files (x86)/atmel/atmel toolchain/arm gcc/native/4.7.3.1029/arm-gnu-toolchain/bin/../lib/gcc/arm-none-eabi/4.7.3/../../../../arm-none-eabi/lib/armv7-m/crt0.o
LOAD emmy_hover_v3.o
LOAD src/ASF/sam/drivers/dacc/dacc.o
LOAD src/ASF/sam/drivers/pwm/pwm.o
LOAD src/ASF/thirdparty/freertos/freertos-7.3.0/source/FreeRTOS_CLI.o
LOAD src/ASF/thirdparty/freertos/freertos-7.3.0/source/list.o
LOAD src/ASF/thirdparty/freertos/freertos-7.3.0/source/portable/gcc/arm_cm3/port.o
LOAD src/ASF/thirdparty/freertos/freertos-7.3.0/source/portable/memmang/heap_4.o
LOAD src/ASF/thirdparty/freertos/freertos-7.3.0/source/queue.o
LOAD src/ASF/thirdparty/freertos/freertos-7.3.0/source/tasks.o
LOAD src/ASF/thirdparty/freertos/freertos-7.3.0/source/timers.o
LOAD src/ASF/common/services/clock/sam3x/sysclk.o
LOAD src/ASF/common/services/serial/usart_serial.o
LOAD src/ASF/common/utils/stdio/read.o
LOAD src/ASF/common/utils/stdio/write.o
LOAD src/ASF/sam/boards/arduino_due_x/init.o
LOAD src/ASF/sam/drivers/pio/pio.o
LOAD src/ASF/sam/drivers/pio/pio_handler.o
LOAD src/ASF/sam/drivers/pmc/pmc.o
LOAD src/ASF/sam/drivers/pmc/sleep.o
LOAD src/ASF/sam/drivers/uart/uart.o
LOAD src/ASF/sam/drivers/usart/usart.o
LOAD src/ASF/sam/utils/cmsis/sam3x/source/templates/exceptions.o
LOAD src/ASF/sam/utils/syscalls/gcc/syscalls.o
LOAD src/ASF/sam/utils/cmsis/sam3x/source/templates/gcc/startup_sam3x.o
LOAD src/ASF/sam/utils/cmsis/sam3x/source/templates/system_sam3x.o
LOAD src/ASF/common/utils/interrupt/interrupt_sam_nvic.o
START GROUP
LOAD ../src/ASF/thirdparty/CMSIS/Lib/GCC\libarm_cortexM3l_math.a
END GROUP
LOAD c:/program files (x86)/atmel/atmel toolchain/arm gcc/native/4.7.3.1029/arm-gnu-toolchain/bin/../lib/gcc/arm-none-eabi/4.7.3/../../../../arm-none-eabi/lib/armv7-m\libstdc++.a
LOAD c:/program files (x86)/atmel/atmel toolchain/arm gcc/native/4.7.3.1029/arm-gnu-toolchain/bin/../lib/gcc/arm-none-eabi/4.7.3/../../../../arm-none-eabi/lib/armv7-m\libm.a
START GROUP
LOAD c:/program files (x86)/atmel/atmel toolchain/arm gcc/native/4.7.3.1029/arm-gnu-toolchain/bin/../lib/gcc/arm-none-eabi/4.7.3/armv7-m\libgcc.a
LOAD c:/program files (x86)/atmel/atmel toolchain/arm gcc/native/4.7.3.1029/arm-gnu-toolchain/bin/../lib/gcc/arm-none-eabi/4.7.3/../../../../arm-none-eabi/lib/armv7-m\libc.a
END GROUP
LOAD c:/program files (x86)/atmel/atmel toolchain/arm gcc/native/4.7.3.1029/arm-gnu-toolchain/bin/../lib/gcc/arm-none-eabi/4.7.3/armv7-m/crtend.o
LOAD c:/program files (x86)/atmel/atmel toolchain/arm gcc/native/4.7.3.1029/arm-gnu-toolchain/bin/../lib/gcc/arm-none-eabi/4.7.3/armv7-m/crtn.o
                [0x00003000]                STACK_SIZE = DEFINED (STACK_SIZE)?STACK_SIZE:0x3000

.text           0x00080000     0x107c
                0x00080000                . = ALIGN (0x4)
                0x00080000                _sfixed = .
 *(.vectors .vectors.*)
 .vectors       0x00080000       0xf4 src/ASF/sam/utils/cmsis/sam3x/source/templates/gcc/startup_sam3x.o
                0x00080000                exception_table
 *(.text .text.* .gnu.linkonce.t.*)
 .text          0x000800f4       0xb0 c:/program files (x86)/atmel/atmel toolchain/arm gcc/native/4.7.3.1029/arm-gnu-toolchain/bin/../lib/gcc/arm-none-eabi/4.7.3/armv7-m/crtbegin.o
 .text.main     0x000801a4       0x18 emmy_hover_v3.o
                0x000801a4                main
 .text.vListInsertEnd
                0x000801bc       0x20 src/ASF/thirdparty/freertos/freertos-7.3.0/source/list.o
                0x000801bc                vListInsertEnd
 .text.uxListRemove
                0x000801dc       0x2c src/ASF/thirdparty/freertos/freertos-7.3.0/source/list.o
                0x000801dc                uxListRemove
 .text.SVC_Handler
                0x00080208       0x20 src/ASF/thirdparty/freertos/freertos-7.3.0/source/portable/gcc/arm_cm3/port.o
                0x00080208                SVC_Handler
 .text.ulPortSetInterruptMask
                0x00080228       0x14 src/ASF/thirdparty/freertos/freertos-7.3.0/source/portable/gcc/arm_cm3/port.o
                0x00080228                ulPortSetInterruptMask
 .text.vPortClearInterruptMask
                0x0008023c        0x8 src/ASF/thirdparty/freertos/freertos-7.3.0/source/portable/gcc/arm_cm3/port.o
                0x0008023c                vPortClearInterruptMask
 .text.PendSV_Handler
                0x00080244       0x3c src/ASF/thirdparty/freertos/freertos-7.3.0/source/portable/gcc/arm_cm3/port.o
                0x00080244                PendSV_Handler
 .text.SysTick_Handler
                0x00080280       0x34 src/ASF/thirdparty/freertos/freertos-7.3.0/source/portable/gcc/arm_cm3/port.o
                0x00080280                SysTick_Handler
 .text.vTaskIncrementTick
                0x000802b4      0x178 src/ASF/thirdparty/freertos/freertos-7.3.0/source/tasks.o
                0x000802b4                vTaskIncrementTick
 .text.vTaskSwitchContext
                0x0008042c       0xc0 src/ASF/thirdparty/freertos/freertos-7.3.0/source/tasks.o
                0x0008042c                vTaskSwitchContext
 .text.sysclk_init
                0x000804ec       0x78 src/ASF/common/services/clock/sam3x/sysclk.o
                0x000804ec                sysclk_init
 .text.board_init
                0x00080564       0xa4 src/ASF/sam/boards/arduino_due_x/init.o
                0x00080564                board_init
 .text.pio_pull_up
                0x00080608        0xc src/ASF/sam/drivers/pio/pio.o
                0x00080608                pio_pull_up
 .text.pio_set_peripheral
                0x00080614       0x44 src/ASF/sam/drivers/pio/pio.o
                0x00080614                pio_set_peripheral
 .text.pio_disable_interrupt
                0x00080658        0x4 src/ASF/sam/drivers/pio/pio.o
                0x00080658                pio_disable_interrupt
 .text.pio_set_output
                0x0008065c       0x3c src/ASF/sam/drivers/pio/pio.o
                0x0008065c                pio_set_output
 .text.pio_set_input
                0x00080698       0x4c src/ASF/sam/drivers/pio/pio.o
                0x00080698                pio_set_input
 .text.pio_get_interrupt_status
                0x000806e4        0x4 src/ASF/sam/drivers/pio/pio.o
                0x000806e4                pio_get_interrupt_status
 .text.pio_get_interrupt_mask
                0x000806e8        0x4 src/ASF/sam/drivers/pio/pio.o
                0x000806e8                pio_get_interrupt_mask
 .text.pio_configure_pin
                0x000806ec      0x100 src/ASF/sam/drivers/pio/pio.o
                0x000806ec                pio_configure_pin
 .text.pio_configure_pin_group
                0x000807ec       0xc8 src/ASF/sam/drivers/pio/pio.o
                0x000807ec                pio_configure_pin_group
 .text.pio_handler_process
                0x000808b4       0x54 src/ASF/sam/drivers/pio/pio_handler.o
                0x000808b4                pio_handler_process
 .text.PIOA_Handler
                0x00080908       0x1c src/ASF/sam/drivers/pio/pio_handler.o
                0x00080908                PIOA_Handler
 .text.PIOB_Handler
                0x00080924       0x1c src/ASF/sam/drivers/pio/pio_handler.o
                0x00080924                PIOB_Handler
 .text.PIOC_Handler
                0x00080940       0x1c src/ASF/sam/drivers/pio/pio_handler.o
                0x00080940                PIOC_Handler
 .text.PIOD_Handler
                0x0008095c       0x1c src/ASF/sam/drivers/pio/pio_handler.o
                0x0008095c                PIOD_Handler
 .text.pmc_switch_mck_to_pllack
                0x00080978       0xa0 src/ASF/sam/drivers/pmc/pmc.o
                0x00080978                pmc_switch_mck_to_pllack
 .text.pmc_switch_mainck_to_xtal
                0x00080a18       0x90 src/ASF/sam/drivers/pmc/pmc.o
                0x00080a18                pmc_switch_mainck_to_xtal
 .text.pmc_osc_is_ready_mainck
                0x00080aa8       0x10 src/ASF/sam/drivers/pmc/pmc.o
                0x00080aa8                pmc_osc_is_ready_mainck
 .text.pmc_disable_pllack
                0x00080ab8       0x10 src/ASF/sam/drivers/pmc/pmc.o
                0x00080ab8                pmc_disable_pllack
 .text.pmc_is_locked_pllack
                0x00080ac8       0x10 src/ASF/sam/drivers/pmc/pmc.o
                0x00080ac8                pmc_is_locked_pllack
 .text.pmc_enable_periph_clk
                0x00080ad8       0x84 src/ASF/sam/drivers/pmc/pmc.o
                0x00080ad8                pmc_enable_periph_clk
 .text.Dummy_Handler
                0x00080b5c        0x4 src/ASF/sam/utils/cmsis/sam3x/source/templates/exceptions.o
                0x00080b5c                DACC_Handler
                0x00080b5c                DebugMon_Handler
                0x00080b5c                DMAC_Handler
                0x00080b5c                TRNG_Handler
                0x00080b5c                HardFault_Handler
                0x00080b5c                TC2_Handler
                0x00080b5c                USART3_Handler
                0x00080b5c                TWI1_Handler
                0x00080b5c                NMI_Handler
                0x00080b5c                TC7_Handler
                0x00080b5c                ADC_Handler
                0x00080b5c                SMC_Handler
                0x00080b5c                USART0_Handler
                0x00080b5c                RTT_Handler
                0x00080b5c                EFC1_Handler
                0x00080b5c                RTC_Handler
                0x00080b5c                UsageFault_Handler
                0x00080b5c                TC6_Handler
                0x00080b5c                WDT_Handler
                0x00080b5c                CAN0_Handler
                0x00080b5c                TC4_Handler
                0x00080b5c                TC1_Handler
                0x00080b5c                HSMCI_Handler
                0x00080b5c                TC3_Handler
                0x00080b5c                Dummy_Handler
                0x00080b5c                TWI0_Handler
                0x00080b5c                USART1_Handler
                0x00080b5c                SSC_Handler
                0x00080b5c                EFC0_Handler
                0x00080b5c                PMC_Handler
                0x00080b5c                PWM_Handler
                0x00080b5c                CAN1_Handler
                0x00080b5c                MemManage_Handler
                0x00080b5c                SUPC_Handler
                0x00080b5c                TC8_Handler
                0x00080b5c                USART2_Handler
                0x00080b5c                EMAC_Handler
                0x00080b5c                UART_Handler
                0x00080b5c                BusFault_Handler
                0x00080b5c                RSTC_Handler
                0x00080b5c                TC0_Handler
                0x00080b5c                TC5_Handler
                0x00080b5c                UOTGHS_Handler
                0x00080b5c                SPI0_Handler
 .text.Reset_Handler
                0x00080b60      0x138 src/ASF/sam/utils/cmsis/sam3x/source/templates/gcc/startup_sam3x.o
                0x00080b60                Reset_Handler
 .text.SystemCoreClockUpdate
                0x00080c98      0x1c0 src/ASF/sam/utils/cmsis/sam3x/source/templates/system_sam3x.o
                0x00080c98                SystemCoreClockUpdate
 .text.system_init_flash
                0x00080e58       0xc4 src/ASF/sam/utils/cmsis/sam3x/source/templates/system_sam3x.o
                0x00080e58                system_init_flash
 .text          0x00080f1c       0x9c c:/program files (x86)/atmel/atmel toolchain/arm gcc/native/4.7.3.1029/arm-gnu-toolchain/bin/../lib/gcc/arm-none-eabi/4.7.3/../../../../arm-none-eabi/lib/armv7-m\libc.a(lib_a-__atexit.o)
                0x00080f1c                __register_exitproc
 .text          0x00080fb8       0x2c c:/program files (x86)/atmel/atmel toolchain/arm gcc/native/4.7.3.1029/arm-gnu-toolchain/bin/../lib/gcc/arm-none-eabi/4.7.3/../../../../arm-none-eabi/lib/armv7-m\libc.a(lib_a-fini.o)
                0x00080fb8                __libc_fini_array
 .text          0x00080fe4       0x4c c:/program files (x86)/atmel/atmel toolchain/arm gcc/native/4.7.3.1029/arm-gnu-toolchain/bin/../lib/gcc/arm-none-eabi/4.7.3/../../../../arm-none-eabi/lib/armv7-m\libc.a(lib_a-init.o)
                0x00080fe4                __libc_init_array
 .text.startup  0x00081030       0x14 c:/program files (x86)/atmel/atmel toolchain/arm gcc/native/4.7.3.1029/arm-gnu-toolchain/bin/../lib/gcc/arm-none-eabi/4.7.3/../../../../arm-none-eabi/lib/armv7-m\libc.a(lib_a-__call_atexit.o)
 .text          0x00081044        0xc c:/program files (x86)/atmel/atmel toolchain/arm gcc/native/4.7.3.1029/arm-gnu-toolchain/bin/../lib/gcc/arm-none-eabi/4.7.3/../../../../arm-none-eabi/lib/armv7-m\libc.a(lib_a-atexit.o)
                0x00081044                atexit
 *(.glue_7t)
 .glue_7t       0x00000000        0x0 linker stubs
 *(.glue_7)
 .glue_7        0x00000000        0x0 linker stubs
 *(.rodata .rodata* .gnu.linkonce.r.*)
 .rodata        0x00081050        0x4 c:/program files (x86)/atmel/atmel toolchain/arm gcc/native/4.7.3.1029/arm-gnu-toolchain/bin/../lib/gcc/arm-none-eabi/4.7.3/../../../../arm-none-eabi/lib/armv7-m\libc.a(lib_a-impure.o)
                0x00081050                _global_impure_ptr
 .rodata.str1.1
                0x00081054        0x2 c:/program files (x86)/atmel/atmel toolchain/arm gcc/native/4.7.3.1029/arm-gnu-toolchain/bin/../lib/gcc/arm-none-eabi/4.7.3/../../../../arm-none-eabi/lib/armv7-m\libc.a(lib_a-impure.o)
 *(.ARM.extab* .gnu.linkonce.armextab.*)
                0x00081058                . = ALIGN (0x4)
 *fill*         0x00081056        0x2 00
 *(.init)
 .init          0x00081058        0x4 c:/program files (x86)/atmel/atmel toolchain/arm gcc/native/4.7.3.1029/arm-gnu-toolchain/bin/../lib/gcc/arm-none-eabi/4.7.3/armv7-m/crti.o
                0x00081058                _init
 .init          0x0008105c        0x8 c:/program files (x86)/atmel/atmel toolchain/arm gcc/native/4.7.3.1029/arm-gnu-toolchain/bin/../lib/gcc/arm-none-eabi/4.7.3/armv7-m/crtn.o
                0x00081064                . = ALIGN (0x4)
                0x00081064                __preinit_array_start = .
 *(.preinit_array)
                0x00081064                __preinit_array_end = .
                0x00081064                . = ALIGN (0x4)
                0x00081064                __init_array_start = .
 *(SORT(.init_array.*))
 .init_array.00000
                0x00081064        0x4 c:/program files (x86)/atmel/atmel toolchain/arm gcc/native/4.7.3.1029/arm-gnu-toolchain/bin/../lib/gcc/arm-none-eabi/4.7.3/../../../../arm-none-eabi/lib/armv7-m\libc.a(lib_a-__call_atexit.o)
 *(.init_array)
 .init_array    0x00081068        0x4 c:/program files (x86)/atmel/atmel toolchain/arm gcc/native/4.7.3.1029/arm-gnu-toolchain/bin/../lib/gcc/arm-none-eabi/4.7.3/armv7-m/crtbegin.o
                0x0008106c                __init_array_end = .
                0x0008106c                . = ALIGN (0x4)
 *crtbegin.o(.ctors)
 *(EXCLUDE_FILE(*crtend.o) .ctors)
 *(SORT(.ctors.*))
 *crtend.o(.ctors)
                0x0008106c                . = ALIGN (0x4)
 *(.fini)
 .fini          0x0008106c        0x4 c:/program files (x86)/atmel/atmel toolchain/arm gcc/native/4.7.3.1029/arm-gnu-toolchain/bin/../lib/gcc/arm-none-eabi/4.7.3/armv7-m/crti.o
                0x0008106c                _fini
 .fini          0x00081070        0x8 c:/program files (x86)/atmel/atmel toolchain/arm gcc/native/4.7.3.1029/arm-gnu-toolchain/bin/../lib/gcc/arm-none-eabi/4.7.3/armv7-m/crtn.o
                0x00081078                . = ALIGN (0x4)
                0x00081078                __fini_array_start = .
 *(.fini_array)
 .fini_array    0x00081078        0x4 c:/program files (x86)/atmel/atmel toolchain/arm gcc/native/4.7.3.1029/arm-gnu-toolchain/bin/../lib/gcc/arm-none-eabi/4.7.3/armv7-m/crtbegin.o
 *(SORT(.fini_array.*))
                0x0008107c                __fini_array_end = .
 *crtbegin.o(.dtors)
 *(EXCLUDE_FILE(*crtend.o) .dtors)
 *(SORT(.dtors.*))
 *crtend.o(.dtors)
                0x0008107c                . = ALIGN (0x4)
                0x0008107c                _efixed = .
                0x0008107c                PROVIDE (__exidx_start, .)

.vfp11_veneer   0x0008107c        0x0
 .vfp11_veneer  0x00000000        0x0 linker stubs

.v4_bx          0x0008107c        0x0
 .v4_bx         0x00000000        0x0 linker stubs

.iplt           0x0008107c        0x0
 .iplt          0x00000000        0x0 c:/program files (x86)/atmel/atmel toolchain/arm gcc/native/4.7.3.1029/arm-gnu-toolchain/bin/../lib/gcc/arm-none-eabi/4.7.3/armv7-m/crtbegin.o

.eh_frame       0x0008107c        0x0
 .eh_frame      0x0008107c        0x0 c:/program files (x86)/atmel/atmel toolchain/arm gcc/native/4.7.3.1029/arm-gnu-toolchain/bin/../lib/gcc/arm-none-eabi/4.7.3/armv7-m/crtbegin.o

.rel.dyn        0x0008107c        0x0
 .rel.iplt      0x00000000        0x0 c:/program files (x86)/atmel/atmel toolchain/arm gcc/native/4.7.3.1029/arm-gnu-toolchain/bin/../lib/gcc/arm-none-eabi/4.7.3/armv7-m/crtbegin.o

.jcr            0x0008107c        0x0
 .jcr           0x0008107c        0x0 c:/program files (x86)/atmel/atmel toolchain/arm gcc/native/4.7.3.1029/arm-gnu-toolchain/bin/../lib/gcc/arm-none-eabi/4.7.3/armv7-m/crtbegin.o

.tm_clone_table
                0x0008107c        0x0
 .tm_clone_table
                0x0008107c        0x0 c:/program files (x86)/atmel/atmel toolchain/arm gcc/native/4.7.3.1029/arm-gnu-toolchain/bin/../lib/gcc/arm-none-eabi/4.7.3/armv7-m/crtbegin.o
 .tm_clone_table
                0x0008107c        0x0 c:/program files (x86)/atmel/atmel toolchain/arm gcc/native/4.7.3.1029/arm-gnu-toolchain/bin/../lib/gcc/arm-none-eabi/4.7.3/armv7-m/crtend.o

.igot.plt       0x0008107c        0x0
 .igot.plt      0x00000000        0x0 c:/program files (x86)/atmel/atmel toolchain/arm gcc/native/4.7.3.1029/arm-gnu-toolchain/bin/../lib/gcc/arm-none-eabi/4.7.3/armv7-m/crtbegin.o

.ARM.exidx
 *(.ARM.exidx* .gnu.linkonce.armexidx.*)
                0x0008107c                PROVIDE (__exidx_end, .)
                0x0008107c                . = ALIGN (0x4)
                0x0008107c                _etext = .

.relocate       0x20000000      0x438 load address 0x0008107c
                0x20000000                . = ALIGN (0x4)
                0x20000000                _srelocate = .
 *(.ramfunc .ramfunc.*)
 *(.data .data.*)
 .data          0x20000000        0x2 src/ASF/thirdparty/freertos/freertos-7.3.0/source/tasks.o
 *fill*         0x20000002        0x2 00
 .data          0x20000004        0x4 src/ASF/sam/utils/cmsis/sam3x/source/templates/system_sam3x.o
                0x20000004                SystemCoreClock
 .data          0x20000008      0x430 c:/program files (x86)/atmel/atmel toolchain/arm gcc/native/4.7.3.1029/arm-gnu-toolchain/bin/../lib/gcc/arm-none-eabi/4.7.3/../../../../arm-none-eabi/lib/armv7-m\libc.a(lib_a-impure.o)
                0x20000008                _impure_ptr
                0x20000438                . = ALIGN (0x4)
                0x20000438                _erelocate = .

.bss            0x20000438      0x22c load address 0x000814b4
                0x20000438                . = ALIGN (0x4)
                0x20000438                _sbss = .
                0x20000438                _szero = .
 *(.bss .bss.*)
 .bss           0x20000438       0x1c c:/program files (x86)/atmel/atmel toolchain/arm gcc/native/4.7.3.1029/arm-gnu-toolchain/bin/../lib/gcc/arm-none-eabi/4.7.3/armv7-m/crtbegin.o
 .bss           0x20000454      0x194 src/ASF/thirdparty/freertos/freertos-7.3.0/source/tasks.o
                0x20000454                pxCurrentTCB
 .bss           0x200005e8       0x7c src/ASF/sam/drivers/pio/pio_handler.o
 *(COMMON)
                0x20000664                . = ALIGN (0x4)
                0x20000664                _ebss = .
                0x20000664                _ezero = .

.stack          0x20000664     0x3004 load address 0x000816e0
                0x20000668                . = ALIGN (0x8)
 *fill*         0x20000664        0x4 00
                0x20000668                _sstack = .
                0x20003668                . = (. + STACK_SIZE)
 *fill*         0x20000668     0x3000 00
                0x20003668                . = ALIGN (0x8)
                0x20003668                _estack = .
                0x20003668                . = ALIGN (0x4)
                0x20003668                _end = .
OUTPUT(emmy_hover_v3.elf elf32-littlearm)

.ARM.attributes
                0x00000000       0x29
 .ARM.attributes
                0x00000000       0x1d c:/program files (x86)/atmel/atmel toolchain/arm gcc/native/4.7.3.1029/arm-gnu-toolchain/bin/../lib/gcc/arm-none-eabi/4.7.3/armv7-m/crti.o
 .ARM.attributes
                0x0000001d       0x2d c:/program files (x86)/atmel/atmel toolchain/arm gcc/native/4.7.3.1029/arm-gnu-toolchain/bin/../lib/gcc/arm-none-eabi/4.7.3/armv7-m/crtbegin.o
 .ARM.attributes
                0x0000004a       0x33 emmy_hover_v3.o
 .ARM.attributes
                0x0000007d       0x33 src/ASF/thirdparty/freertos/freertos-7.3.0/source/list.o
 .ARM.attributes
                0x000000b0       0x33 src/ASF/thirdparty/freertos/freertos-7.3.0/source/portable/gcc/arm_cm3/port.o
 .ARM.attributes
                0x000000e3       0x33 src/ASF/thirdparty/freertos/freertos-7.3.0/source/tasks.o
 .ARM.attributes
                0x00000116       0x33 src/ASF/common/services/clock/sam3x/sysclk.o
 .ARM.attributes
                0x00000149       0x33 src/ASF/sam/boards/arduino_due_x/init.o
 .ARM.attributes
                0x0000017c       0x33 src/ASF/sam/drivers/pio/pio.o
 .ARM.attributes
                0x000001af       0x33 src/ASF/sam/drivers/pio/pio_handler.o
 .ARM.attributes
                0x000001e2       0x33 src/ASF/sam/drivers/pmc/pmc.o
 .ARM.attributes
                0x00000215       0x33 src/ASF/sam/utils/cmsis/sam3x/source/templates/exceptions.o
 .ARM.attributes
                0x00000248       0x33 src/ASF/sam/utils/cmsis/sam3x/source/templates/gcc/startup_sam3x.o
 .ARM.attributes
                0x0000027b       0x33 src/ASF/sam/utils/cmsis/sam3x/source/templates/system_sam3x.o
 .ARM.attributes
                0x000002ae       0x2d c:/program files (x86)/atmel/atmel toolchain/arm gcc/native/4.7.3.1029/arm-gnu-toolchain/bin/../lib/gcc/arm-none-eabi/4.7.3/../../../../arm-none-eabi/lib/armv7-m\libc.a(lib_a-__atexit.o)
 .ARM.attributes
                0x000002db       0x2d c:/program files (x86)/atmel/atmel toolchain/arm gcc/native/4.7.3.1029/arm-gnu-toolchain/bin/../lib/gcc/arm-none-eabi/4.7.3/../../../../arm-none-eabi/lib/armv7-m\libc.a(lib_a-fini.o)
 .ARM.attributes
                0x00000308       0x2d c:/program files (x86)/atmel/atmel toolchain/arm gcc/native/4.7.3.1029/arm-gnu-toolchain/bin/../lib/gcc/arm-none-eabi/4.7.3/../../../../arm-none-eabi/lib/armv7-m\libc.a(lib_a-impure.o)
 .ARM.attributes
                0x00000335       0x2d c:/program files (x86)/atmel/atmel toolchain/arm gcc/native/4.7.3.1029/arm-gnu-toolchain/bin/../lib/gcc/arm-none-eabi/4.7.3/../../../../arm-none-eabi/lib/armv7-m\libc.a(lib_a-init.o)
 .ARM.attributes
                0x00000362       0x2d c:/program files (x86)/atmel/atmel toolchain/arm gcc/native/4.7.3.1029/arm-gnu-toolchain/bin/../lib/gcc/arm-none-eabi/4.7.3/../../../../arm-none-eabi/lib/armv7-m\libc.a(lib_a-__call_atexit.o)
 .ARM.attributes
                0x0000038f       0x2d c:/program files (x86)/atmel/atmel toolchain/arm gcc/native/4.7.3.1029/arm-gnu-toolchain/bin/../lib/gcc/arm-none-eabi/4.7.3/../../../../arm-none-eabi/lib/armv7-m\libc.a(lib_a-atexit.o)
 .ARM.attributes
                0x000003bc       0x2d c:/program files (x86)/atmel/atmel toolchain/arm gcc/native/4.7.3.1029/arm-gnu-toolchain/bin/../lib/gcc/arm-none-eabi/4.7.3/armv7-m/crtend.o
 .ARM.attributes
                0x000003e9       0x1d c:/program files (x86)/atmel/atmel toolchain/arm gcc/native/4.7.3.1029/arm-gnu-toolchain/bin/../lib/gcc/arm-none-eabi/4.7.3/armv7-m/crtn.o

.comment        0x00000000       0x71
 .comment       0x00000000       0x71 c:/program files (x86)/atmel/atmel toolchain/arm gcc/native/4.7.3.1029/arm-gnu-toolchain/bin/../lib/gcc/arm-none-eabi/4.7.3/armv7-m/crtbegin.o
                                 0x72 (size before relaxing)
 .comment       0x00000000       0x72 emmy_hover_v3.o
 .comment       0x00000000       0x72 src/ASF/thirdparty/freertos/freertos-7.3.0/source/list.o
 .comment       0x00000000       0x72 src/ASF/thirdparty/freertos/freertos-7.3.0/source/portable/gcc/arm_cm3/port.o
 .comment       0x00000000       0x72 src/ASF/thirdparty/freertos/freertos-7.3.0/source/tasks.o
 .comment       0x00000000       0x72 src/ASF/common/services/clock/sam3x/sysclk.o
 .comment       0x00000000       0x72 src/ASF/sam/boards/arduino_due_x/init.o
 .comment       0x00000000       0x72 src/ASF/sam/drivers/pio/pio.o
 .comment       0x00000000       0x72 src/ASF/sam/drivers/pio/pio_handler.o
 .comment       0x00000000       0x72 src/ASF/sam/drivers/pmc/pmc.o
 .comment       0x00000000       0x72 src/ASF/sam/utils/cmsis/sam3x/source/templates/exceptions.o
 .comment       0x00000000       0x72 src/ASF/sam/utils/cmsis/sam3x/source/templates/gcc/startup_sam3x.o
 .comment       0x00000000       0x72 src/ASF/sam/utils/cmsis/sam3x/source/templates/system_sam3x.o
 .comment       0x00000000       0x72 c:/program files (x86)/atmel/atmel toolchain/arm gcc/native/4.7.3.1029/arm-gnu-toolchain/bin/../lib/gcc/arm-none-eabi/4.7.3/../../../../arm-none-eabi/lib/armv7-m\libc.a(lib_a-__atexit.o)
 .comment       0x00000000       0x72 c:/program files (x86)/atmel/atmel toolchain/arm gcc/native/4.7.3.1029/arm-gnu-toolchain/bin/../lib/gcc/arm-none-eabi/4.7.3/../../../../arm-none-eabi/lib/armv7-m\libc.a(lib_a-fini.o)
 .comment       0x00000000       0x72 c:/program files (x86)/atmel/atmel toolchain/arm gcc/native/4.7.3.1029/arm-gnu-toolchain/bin/../lib/gcc/arm-none-eabi/4.7.3/../../../../arm-none-eabi/lib/armv7-m\libc.a(lib_a-impure.o)
 .comment       0x00000000       0x72 c:/program files (x86)/atmel/atmel toolchain/arm gcc/native/4.7.3.1029/arm-gnu-toolchain/bin/../lib/gcc/arm-none-eabi/4.7.3/../../../../arm-none-eabi/lib/armv7-m\libc.a(lib_a-init.o)
 .comment       0x00000000       0x72 c:/program files (x86)/atmel/atmel toolchain/arm gcc/native/4.7.3.1029/arm-gnu-toolchain/bin/../lib/gcc/arm-none-eabi/4.7.3/../../../../arm-none-eabi/lib/armv7-m\libc.a(lib_a-__call_atexit.o)
 .comment       0x00000000       0x72 c:/program files (x86)/atmel/atmel toolchain/arm gcc/native/4.7.3.1029/arm-gnu-toolchain/bin/../lib/gcc/arm-none-eabi/4.7.3/../../../../arm-none-eabi/lib/armv7-m\libc.a(lib_a-atexit.o)
 .comment       0x00000000       0x72 c:/program files (x86)/atmel/atmel toolchain/arm gcc/native/4.7.3.1029/arm-gnu-toolchain/bin/../lib/gcc/arm-none-eabi/4.7.3/armv7-m/crtend.o

.debug_info     0x00000000     0x931d
 .debug_info    0x00000000      0xa58 emmy_hover_v3.o
 .debug_info    0x00000a58      0x2b9 src/ASF/thirdparty/freertos/freertos-7.3.0/source/list.o
 .debug_info    0x00000d11      0x38c src/ASF/thirdparty/freertos/freertos-7.3.0/source/portable/gcc/arm_cm3/port.o
 .debug_info    0x0000109d     0x18da src/ASF/thirdparty/freertos/freertos-7.3.0/source/tasks.o
 .debug_info    0x00002977      0x728 src/ASF/common/services/clock/sam3x/sysclk.o
 .debug_info    0x0000309f      0x703 src/ASF/sam/boards/arduino_due_x/init.o
 .debug_info    0x000037a2     0x1185 src/ASF/sam/drivers/pio/pio.o
 .debug_info    0x00004927      0xd98 src/ASF/sam/drivers/pio/pio_handler.o
 .debug_info    0x000056bf     0x12db src/ASF/sam/drivers/pmc/pmc.o
 .debug_info    0x0000699a       0xae src/ASF/sam/utils/cmsis/sam3x/source/templates/exceptions.o
 .debug_info    0x00006a48      0x33f src/ASF/sam/utils/cmsis/sam3x/source/templates/gcc/startup_sam3x.o
 .debug_info    0x00006d87      0x48e src/ASF/sam/utils/cmsis/sam3x/source/templates/system_sam3x.o
 .debug_info    0x00007215      0xa15 c:/program files (x86)/atmel/atmel toolchain/arm gcc/native/4.7.3.1029/arm-gnu-toolchain/bin/../lib/gcc/arm-none-eabi/4.7.3/../../../../arm-none-eabi/lib/armv7-m\libc.a(lib_a-__atexit.o)
 .debug_info    0x00007c2a       0xf7 c:/program files (x86)/atmel/atmel toolchain/arm gcc/native/4.7.3.1029/arm-gnu-toolchain/bin/../lib/gcc/arm-none-eabi/4.7.3/../../../../arm-none-eabi/lib/armv7-m\libc.a(lib_a-fini.o)
 .debug_info    0x00007d21      0x961 c:/program files (x86)/atmel/atmel toolchain/arm gcc/native/4.7.3.1029/arm-gnu-toolchain/bin/../lib/gcc/arm-none-eabi/4.7.3/../../../../arm-none-eabi/lib/armv7-m\libc.a(lib_a-impure.o)
 .debug_info    0x00008682      0x110 c:/program files (x86)/atmel/atmel toolchain/arm gcc/native/4.7.3.1029/arm-gnu-toolchain/bin/../lib/gcc/arm-none-eabi/4.7.3/../../../../arm-none-eabi/lib/armv7-m\libc.a(lib_a-init.o)
 .debug_info    0x00008792      0xa7c c:/program files (x86)/atmel/atmel toolchain/arm gcc/native/4.7.3.1029/arm-gnu-toolchain/bin/../lib/gcc/arm-none-eabi/4.7.3/../../../../arm-none-eabi/lib/armv7-m\libc.a(lib_a-__call_atexit.o)
 .debug_info    0x0000920e      0x10f c:/program files (x86)/atmel/atmel toolchain/arm gcc/native/4.7.3.1029/arm-gnu-toolchain/bin/../lib/gcc/arm-none-eabi/4.7.3/../../../../arm-none-eabi/lib/armv7-m\libc.a(lib_a-atexit.o)

.debug_abbrev   0x00000000     0x1d04
 .debug_abbrev  0x00000000      0x1a8 emmy_hover_v3.o
 .debug_abbrev  0x000001a8       0xfb src/ASF/thirdparty/freertos/freertos-7.3.0/source/list.o
 .debug_abbrev  0x000002a3      0x246 src/ASF/thirdparty/freertos/freertos-7.3.0/source/portable/gcc/arm_cm3/port.o
 .debug_abbrev  0x000004e9      0x2ca src/ASF/thirdparty/freertos/freertos-7.3.0/source/tasks.o
 .debug_abbrev  0x000007b3      0x227 src/ASF/common/services/clock/sam3x/sysclk.o
 .debug_abbrev  0x000009da      0x16f src/ASF/sam/boards/arduino_due_x/init.o
 .debug_abbrev  0x00000b49      0x214 src/ASF/sam/drivers/pio/pio.o
 .debug_abbrev  0x00000d5d      0x266 src/ASF/sam/drivers/pio/pio_handler.o
 .debug_abbrev  0x00000fc3      0x29b src/ASF/sam/drivers/pmc/pmc.o
 .debug_abbrev  0x0000125e       0x6c src/ASF/sam/utils/cmsis/sam3x/source/templates/exceptions.o
 .debug_abbrev  0x000012ca      0x107 src/ASF/sam/utils/cmsis/sam3x/source/templates/gcc/startup_sam3x.o
 .debug_abbrev  0x000013d1      0x147 src/ASF/sam/utils/cmsis/sam3x/source/templates/system_sam3x.o
 .debug_abbrev  0x00001518      0x1fe c:/program files (x86)/atmel/atmel toolchain/arm gcc/native/4.7.3.1029/arm-gnu-toolchain/bin/../lib/gcc/arm-none-eabi/4.7.3/../../../../arm-none-eabi/lib/armv7-m\libc.a(lib_a-__atexit.o)
 .debug_abbrev  0x00001716       0xbb c:/program files (x86)/atmel/atmel toolchain/arm gcc/native/4.7.3.1029/arm-gnu-toolchain/bin/../lib/gcc/arm-none-eabi/4.7.3/../../../../arm-none-eabi/lib/armv7-m\libc.a(lib_a-fini.o)
 .debug_abbrev  0x000017d1      0x160 c:/program files (x86)/atmel/atmel toolchain/arm gcc/native/4.7.3.1029/arm-gnu-toolchain/bin/../lib/gcc/arm-none-eabi/4.7.3/../../../../arm-none-eabi/lib/armv7-m\libc.a(lib_a-impure.o)
 .debug_abbrev  0x00001931       0xb8 c:/program files (x86)/atmel/atmel toolchain/arm gcc/native/4.7.3.1029/arm-gnu-toolchain/bin/../lib/gcc/arm-none-eabi/4.7.3/../../../../arm-none-eabi/lib/armv7-m\libc.a(lib_a-init.o)
 .debug_abbrev  0x000019e9      0x265 c:/program files (x86)/atmel/atmel toolchain/arm gcc/native/4.7.3.1029/arm-gnu-toolchain/bin/../lib/gcc/arm-none-eabi/4.7.3/../../../../arm-none-eabi/lib/armv7-m\libc.a(lib_a-__call_atexit.o)
 .debug_abbrev  0x00001c4e       0xb6 c:/program files (x86)/atmel/atmel toolchain/arm gcc/native/4.7.3.1029/arm-gnu-toolchain/bin/../lib/gcc/arm-none-eabi/4.7.3/../../../../arm-none-eabi/lib/armv7-m\libc.a(lib_a-atexit.o)

.debug_loc      0x00000000     0x34b5
 .debug_loc     0x00000000       0x20 emmy_hover_v3.o
 .debug_loc     0x00000020       0xbe src/ASF/thirdparty/freertos/freertos-7.3.0/source/list.o
 .debug_loc     0x000000de      0x12b src/ASF/thirdparty/freertos/freertos-7.3.0/source/portable/gcc/arm_cm3/port.o
 .debug_loc     0x00000209     0x13d1 src/ASF/thirdparty/freertos/freertos-7.3.0/source/tasks.o
 .debug_loc     0x000015da      0x12d src/ASF/common/services/clock/sam3x/sysclk.o
 .debug_loc     0x00001707       0x20 src/ASF/sam/boards/arduino_due_x/init.o
 .debug_loc     0x00001727      0x8dc src/ASF/sam/drivers/pio/pio.o
 .debug_loc     0x00002003      0x4a4 src/ASF/sam/drivers/pio/pio_handler.o
 .debug_loc     0x000024a7      0xc82 src/ASF/sam/drivers/pmc/pmc.o
 .debug_loc     0x00003129       0x20 src/ASF/sam/utils/cmsis/sam3x/source/templates/gcc/startup_sam3x.o
 .debug_loc     0x00003149       0x8c src/ASF/sam/utils/cmsis/sam3x/source/templates/system_sam3x.o
 .debug_loc     0x000031d5       0xfc c:/program files (x86)/atmel/atmel toolchain/arm gcc/native/4.7.3.1029/arm-gnu-toolchain/bin/../lib/gcc/arm-none-eabi/4.7.3/../../../../arm-none-eabi/lib/armv7-m\libc.a(lib_a-__atexit.o)
 .debug_loc     0x000032d1       0x33 c:/program files (x86)/atmel/atmel toolchain/arm gcc/native/4.7.3.1029/arm-gnu-toolchain/bin/../lib/gcc/arm-none-eabi/4.7.3/../../../../arm-none-eabi/lib/armv7-m\libc.a(lib_a-fini.o)
 .debug_loc     0x00003304       0x4a c:/program files (x86)/atmel/atmel toolchain/arm gcc/native/4.7.3.1029/arm-gnu-toolchain/bin/../lib/gcc/arm-none-eabi/4.7.3/../../../../arm-none-eabi/lib/armv7-m\libc.a(lib_a-init.o)
 .debug_loc     0x0000334e      0x13b c:/program files (x86)/atmel/atmel toolchain/arm gcc/native/4.7.3.1029/arm-gnu-toolchain/bin/../lib/gcc/arm-none-eabi/4.7.3/../../../../arm-none-eabi/lib/armv7-m\libc.a(lib_a-__call_atexit.o)
 .debug_loc     0x00003489       0x2c c:/program files (x86)/atmel/atmel toolchain/arm gcc/native/4.7.3.1029/arm-gnu-toolchain/bin/../lib/gcc/arm-none-eabi/4.7.3/../../../../arm-none-eabi/lib/armv7-m\libc.a(lib_a-atexit.o)

.debug_aranges  0x00000000      0x738
 .debug_aranges
                0x00000000       0x20 emmy_hover_v3.o
 .debug_aranges
                0x00000020       0x40 src/ASF/thirdparty/freertos/freertos-7.3.0/source/list.o
 .debug_aranges
                0x00000060       0x80 src/ASF/thirdparty/freertos/freertos-7.3.0/source/portable/gcc/arm_cm3/port.o
 .debug_aranges
                0x000000e0      0x130 src/ASF/thirdparty/freertos/freertos-7.3.0/source/tasks.o
 .debug_aranges
                0x00000210       0x40 src/ASF/common/services/clock/sam3x/sysclk.o
 .debug_aranges
                0x00000250       0x20 src/ASF/sam/boards/arduino_due_x/init.o
 .debug_aranges
                0x00000270      0x148 src/ASF/sam/drivers/pio/pio.o
 .debug_aranges
                0x000003b8       0x58 src/ASF/sam/drivers/pio/pio_handler.o
 .debug_aranges
                0x00000410      0x1f8 src/ASF/sam/drivers/pmc/pmc.o
 .debug_aranges
                0x00000608       0x20 src/ASF/sam/utils/cmsis/sam3x/source/templates/exceptions.o
 .debug_aranges
                0x00000628       0x20 src/ASF/sam/utils/cmsis/sam3x/source/templates/gcc/startup_sam3x.o
 .debug_aranges
                0x00000648       0x30 src/ASF/sam/utils/cmsis/sam3x/source/templates/system_sam3x.o
 .debug_aranges
                0x00000678       0x20 c:/program files (x86)/atmel/atmel toolchain/arm gcc/native/4.7.3.1029/arm-gnu-toolchain/bin/../lib/gcc/arm-none-eabi/4.7.3/../../../../arm-none-eabi/lib/armv7-m\libc.a(lib_a-__atexit.o)
 .debug_aranges
                0x00000698       0x20 c:/program files (x86)/atmel/atmel toolchain/arm gcc/native/4.7.3.1029/arm-gnu-toolchain/bin/../lib/gcc/arm-none-eabi/4.7.3/../../../../arm-none-eabi/lib/armv7-m\libc.a(lib_a-fini.o)
 .debug_aranges
                0x000006b8       0x18 c:/program files (x86)/atmel/atmel toolchain/arm gcc/native/4.7.3.1029/arm-gnu-toolchain/bin/../lib/gcc/arm-none-eabi/4.7.3/../../../../arm-none-eabi/lib/armv7-m\libc.a(lib_a-impure.o)
 .debug_aranges
                0x000006d0       0x20 c:/program files (x86)/atmel/atmel toolchain/arm gcc/native/4.7.3.1029/arm-gnu-toolchain/bin/../lib/gcc/arm-none-eabi/4.7.3/../../../../arm-none-eabi/lib/armv7-m\libc.a(lib_a-init.o)
 .debug_aranges
                0x000006f0       0x28 c:/program files (x86)/atmel/atmel toolchain/arm gcc/native/4.7.3.1029/arm-gnu-toolchain/bin/../lib/gcc/arm-none-eabi/4.7.3/../../../../arm-none-eabi/lib/armv7-m\libc.a(lib_a-__call_atexit.o)
 .debug_aranges
                0x00000718       0x20 c:/program files (x86)/atmel/atmel toolchain/arm gcc/native/4.7.3.1029/arm-gnu-toolchain/bin/../lib/gcc/arm-none-eabi/4.7.3/../../../../arm-none-eabi/lib/armv7-m\libc.a(lib_a-atexit.o)

.debug_ranges   0x00000000      0x6b8
 .debug_ranges  0x00000000       0x10 emmy_hover_v3.o
 .debug_ranges  0x00000010       0x30 src/ASF/thirdparty/freertos/freertos-7.3.0/source/list.o
 .debug_ranges  0x00000040       0x70 src/ASF/thirdparty/freertos/freertos-7.3.0/source/portable/gcc/arm_cm3/port.o
 .debug_ranges  0x000000b0      0x1d0 src/ASF/thirdparty/freertos/freertos-7.3.0/source/tasks.o
 .debug_ranges  0x00000280       0x30 src/ASF/common/services/clock/sam3x/sysclk.o
 .debug_ranges  0x000002b0       0x10 src/ASF/sam/boards/arduino_due_x/init.o
 .debug_ranges  0x000002c0      0x138 src/ASF/sam/drivers/pio/pio.o
 .debug_ranges  0x000003f8       0x48 src/ASF/sam/drivers/pio/pio_handler.o
 .debug_ranges  0x00000440      0x1e8 src/ASF/sam/drivers/pmc/pmc.o
 .debug_ranges  0x00000628       0x10 src/ASF/sam/utils/cmsis/sam3x/source/templates/exceptions.o
 .debug_ranges  0x00000638       0x10 src/ASF/sam/utils/cmsis/sam3x/source/templates/gcc/startup_sam3x.o
 .debug_ranges  0x00000648       0x20 src/ASF/sam/utils/cmsis/sam3x/source/templates/system_sam3x.o
 .debug_ranges  0x00000668       0x50 c:/program files (x86)/atmel/atmel toolchain/arm gcc/native/4.7.3.1029/arm-gnu-toolchain/bin/../lib/gcc/arm-none-eabi/4.7.3/../../../../arm-none-eabi/lib/armv7-m\libc.a(lib_a-__call_atexit.o)

.debug_macro    0x00000000    0x15579
 .debug_macro   0x00000000      0x6af emmy_hover_v3.o
 .debug_macro   0x000006af      0x838 emmy_hover_v3.o
 .debug_macro   0x00000ee7      0x16c emmy_hover_v3.o
 .debug_macro   0x00001053      0x2ee emmy_hover_v3.o
 .debug_macro   0x00001341       0x76 emmy_hover_v3.o
 .debug_macro   0x000013b7       0x16 emmy_hover_v3.o
 .debug_macro   0x000013cd      0x6e1 emmy_hover_v3.o
 .debug_macro   0x00001aae       0x3a emmy_hover_v3.o
 .debug_macro   0x00001ae8       0x10 emmy_hover_v3.o
 .debug_macro   0x00001af8       0x2e emmy_hover_v3.o
 .debug_macro   0x00001b26       0xa2 emmy_hover_v3.o
 .debug_macro   0x00001bc8      0x20e emmy_hover_v3.o
 .debug_macro   0x00001dd6       0x20 emmy_hover_v3.o
 .debug_macro   0x00001df6       0x3a emmy_hover_v3.o
 .debug_macro   0x00001e30       0x2d emmy_hover_v3.o
 .debug_macro   0x00001e5d      0xbb1 emmy_hover_v3.o
 .debug_macro   0x00002a0e      0x979 emmy_hover_v3.o
 .debug_macro   0x00003387      0x55a emmy_hover_v3.o
 .debug_macro   0x000038e1      0x26e emmy_hover_v3.o
 .debug_macro   0x00003b4f      0x343 emmy_hover_v3.o
 .debug_macro   0x00003e92      0x709 emmy_hover_v3.o
 .debug_macro   0x0000459b       0xd6 emmy_hover_v3.o
 .debug_macro   0x00004671      0x56c emmy_hover_v3.o
 .debug_macro   0x00004bdd       0x1c emmy_hover_v3.o
 .debug_macro   0x00004bf9      0x69b emmy_hover_v3.o
 .debug_macro   0x00005294      0x51e emmy_hover_v3.o
 .debug_macro   0x000057b2       0xee emmy_hover_v3.o
 .debug_macro   0x000058a0     0x2333 emmy_hover_v3.o
 .debug_macro   0x00007bd3      0x7d1 emmy_hover_v3.o
 .debug_macro   0x000083a4      0xdf3 emmy_hover_v3.o
 .debug_macro   0x00009197       0x9a emmy_hover_v3.o
 .debug_macro   0x00009231      0x29c emmy_hover_v3.o
 .debug_macro   0x000094cd       0x58 emmy_hover_v3.o
 .debug_macro   0x00009525      0x9a0 emmy_hover_v3.o
 .debug_macro   0x00009ec5      0x22d emmy_hover_v3.o
 .debug_macro   0x0000a0f2      0x4c9 emmy_hover_v3.o
 .debug_macro   0x0000a5bb      0x64a emmy_hover_v3.o
 .debug_macro   0x0000ac05      0x590 emmy_hover_v3.o
 .debug_macro   0x0000b195       0x46 emmy_hover_v3.o
 .debug_macro   0x0000b1db      0x377 emmy_hover_v3.o
 .debug_macro   0x0000b552      0x2b6 emmy_hover_v3.o
 .debug_macro   0x0000b808     0x14dc emmy_hover_v3.o
 .debug_macro   0x0000cce4      0x807 emmy_hover_v3.o
 .debug_macro   0x0000d4eb       0x76 emmy_hover_v3.o
 .debug_macro   0x0000d561       0x82 emmy_hover_v3.o
 .debug_macro   0x0000d5e3       0x76 emmy_hover_v3.o
 .debug_macro   0x0000d659       0x4c emmy_hover_v3.o
 .debug_macro   0x0000d6a5      0x100 emmy_hover_v3.o
 .debug_macro   0x0000d7a5      0x100 emmy_hover_v3.o
 .debug_macro   0x0000d8a5      0x100 emmy_hover_v3.o
 .debug_macro   0x0000d9a5       0x88 emmy_hover_v3.o
 .debug_macro   0x0000da2d       0x88 emmy_hover_v3.o
 .debug_macro   0x0000dab5      0x3b4 emmy_hover_v3.o
 .debug_macro   0x0000de69       0xbe emmy_hover_v3.o
 .debug_macro   0x0000df27       0xbe emmy_hover_v3.o
 .debug_macro   0x0000dfe5       0xbe emmy_hover_v3.o
 .debug_macro   0x0000e0a3       0xbe emmy_hover_v3.o
 .debug_macro   0x0000e161      0x2b8 emmy_hover_v3.o
 .debug_macro   0x0000e419      0x118 emmy_hover_v3.o
 .debug_macro   0x0000e531      0x216 emmy_hover_v3.o
 .debug_macro   0x0000e747      0x216 emmy_hover_v3.o
 .debug_macro   0x0000e95d       0x2e emmy_hover_v3.o
 .debug_macro   0x0000e98b       0xa6 emmy_hover_v3.o
 .debug_macro   0x0000ea31      0x13e emmy_hover_v3.o
 .debug_macro   0x0000eb6f       0x7c emmy_hover_v3.o
 .debug_macro   0x0000ebeb      0x1f6 emmy_hover_v3.o
 .debug_macro   0x0000ede1       0x64 emmy_hover_v3.o
 .debug_macro   0x0000ee45       0xa6 emmy_hover_v3.o
 .debug_macro   0x0000eeeb       0x7c emmy_hover_v3.o
 .debug_macro   0x0000ef67       0x16 emmy_hover_v3.o
 .debug_macro   0x0000ef7d       0x22 emmy_hover_v3.o
 .debug_macro   0x0000ef9f       0x22 emmy_hover_v3.o
 .debug_macro   0x0000efc1      0x10c emmy_hover_v3.o
 .debug_macro   0x0000f0cd      0x10c emmy_hover_v3.o
 .debug_macro   0x0000f1d9      0x10c emmy_hover_v3.o
 .debug_macro   0x0000f2e5      0x10c emmy_hover_v3.o
 .debug_macro   0x0000f3f1       0x1c emmy_hover_v3.o
 .debug_macro   0x0000f40d       0x2e emmy_hover_v3.o
 .debug_macro   0x0000f43b       0x22 emmy_hover_v3.o
 .debug_macro   0x0000f45d       0x1c emmy_hover_v3.o
 .debug_macro   0x0000f479       0x58 emmy_hover_v3.o
 .debug_macro   0x0000f4d1       0x10 emmy_hover_v3.o
 .debug_macro   0x0000f4e1      0x27a emmy_hover_v3.o
 .debug_macro   0x0000f75b      0xd34 emmy_hover_v3.o
 .debug_macro   0x0001048f      0x169 emmy_hover_v3.o
 .debug_macro   0x000105f8       0x10 emmy_hover_v3.o
 .debug_macro   0x00010608       0x35 emmy_hover_v3.o
 .debug_macro   0x0001063d       0x10 emmy_hover_v3.o
 .debug_macro   0x0001064d       0x3a emmy_hover_v3.o
 .debug_macro   0x00010687       0x52 emmy_hover_v3.o
 .debug_macro   0x000106d9       0x43 emmy_hover_v3.o
 .debug_macro   0x0001071c      0x16d emmy_hover_v3.o
 .debug_macro   0x00010889       0x10 emmy_hover_v3.o
 .debug_macro   0x00010899       0x22 emmy_hover_v3.o
 .debug_macro   0x000108bb       0x91 emmy_hover_v3.o
 .debug_macro   0x0001094c       0x16 emmy_hover_v3.o
 .debug_macro   0x00010962      0x16d emmy_hover_v3.o
 .debug_macro   0x00010acf       0x28 emmy_hover_v3.o
 .debug_macro   0x00010af7       0x10 emmy_hover_v3.o
 .debug_macro   0x00010b07       0x16 emmy_hover_v3.o
 .debug_macro   0x00010b1d       0x23 emmy_hover_v3.o
 .debug_macro   0x00010b40       0x66 emmy_hover_v3.o
 .debug_macro   0x00010ba6       0x3e emmy_hover_v3.o
 .debug_macro   0x00010be4      0x3c3 emmy_hover_v3.o
 .debug_macro   0x00010fa7       0x16 emmy_hover_v3.o
 .debug_macro   0x00010fbd       0x46 emmy_hover_v3.o
 .debug_macro   0x00011003       0xfc emmy_hover_v3.o
 .debug_macro   0x000110ff       0x99 emmy_hover_v3.o
 .debug_macro   0x00011198       0x12 emmy_hover_v3.o
 .debug_macro   0x000111aa       0x1f emmy_hover_v3.o
 .debug_macro   0x000111c9      0x1e7 emmy_hover_v3.o
 .debug_macro   0x000113b0       0x10 emmy_hover_v3.o
 .debug_macro   0x000113c0       0x16 emmy_hover_v3.o
 .debug_macro   0x000113d6       0x5e emmy_hover_v3.o
 .debug_macro   0x00011434       0x43 emmy_hover_v3.o
 .debug_macro   0x00011477       0x96 emmy_hover_v3.o
 .debug_macro   0x0001150d       0x77 emmy_hover_v3.o
 .debug_macro   0x00011584       0x5d emmy_hover_v3.o
 .debug_macro   0x000115e1       0x5b emmy_hover_v3.o
 .debug_macro   0x0001163c       0x94 emmy_hover_v3.o
 .debug_macro   0x000116d0       0x40 emmy_hover_v3.o
 .debug_macro   0x00011710      0x1e3 emmy_hover_v3.o
 .debug_macro   0x000118f3      0x78f emmy_hover_v3.o
 .debug_macro   0x00012082       0x34 emmy_hover_v3.o
 .debug_macro   0x000120b6       0x58 emmy_hover_v3.o
 .debug_macro   0x0001210e       0x64 emmy_hover_v3.o
 .debug_macro   0x00012172       0x5f emmy_hover_v3.o
 .debug_macro   0x000121d1       0x90 emmy_hover_v3.o
 .debug_macro   0x00012261       0x6a emmy_hover_v3.o
 .debug_macro   0x000122cb       0x2e emmy_hover_v3.o
 .debug_macro   0x000122f9       0x10 emmy_hover_v3.o
 .debug_macro   0x00012309       0x2e emmy_hover_v3.o
 .debug_macro   0x00012337      0x13c src/ASF/thirdparty/freertos/freertos-7.3.0/source/list.o
 .debug_macro   0x00012473      0x100 src/ASF/thirdparty/freertos/freertos-7.3.0/source/list.o
 .debug_macro   0x00012573       0x29 src/ASF/thirdparty/freertos/freertos-7.3.0/source/list.o
 .debug_macro   0x0001259c       0x85 src/ASF/thirdparty/freertos/freertos-7.3.0/source/list.o
 .debug_macro   0x00012621       0xf6 src/ASF/thirdparty/freertos/freertos-7.3.0/source/list.o
 .debug_macro   0x00012717      0x5f6 src/ASF/thirdparty/freertos/freertos-7.3.0/source/portable/gcc/arm_cm3/port.o
 .debug_macro   0x00012d0d       0x26 src/ASF/thirdparty/freertos/freertos-7.3.0/source/portable/gcc/arm_cm3/port.o
 .debug_macro   0x00012d33      0x1dd src/ASF/thirdparty/freertos/freertos-7.3.0/source/portable/gcc/arm_cm3/port.o
 .debug_macro   0x00012f10      0x238 src/ASF/thirdparty/freertos/freertos-7.3.0/source/tasks.o
 .debug_macro   0x00013148      0x530 src/ASF/common/services/clock/sam3x/sysclk.o
 .debug_macro   0x00013678      0x56f src/ASF/sam/boards/arduino_due_x/init.o
 .debug_macro   0x00013be7       0x16 src/ASF/sam/boards/arduino_due_x/init.o
 .debug_macro   0x00013bfd      0x4c2 src/ASF/sam/drivers/pio/pio.o
 .debug_macro   0x000140bf       0x8e src/ASF/sam/drivers/pio/pio.o
 .debug_macro   0x0001414d      0x4cf src/ASF/sam/drivers/pio/pio_handler.o
 .debug_macro   0x0001461c      0x4bb src/ASF/sam/drivers/pmc/pmc.o
 .debug_macro   0x00014ad7       0x52 src/ASF/sam/drivers/pmc/pmc.o
 .debug_macro   0x00014b29      0x35e src/ASF/sam/utils/cmsis/sam3x/source/templates/exceptions.o
 .debug_macro   0x00014e87      0x376 src/ASF/sam/utils/cmsis/sam3x/source/templates/gcc/startup_sam3x.o
 .debug_macro   0x000151fd      0x37c src/ASF/sam/utils/cmsis/sam3x/source/templates/system_sam3x.o

.debug_line     0x00000000     0x965d
 .debug_line    0x00000000      0xfc9 emmy_hover_v3.o
 .debug_line    0x00000fc9      0x507 src/ASF/thirdparty/freertos/freertos-7.3.0/source/list.o
 .debug_line    0x000014d0      0xdd5 src/ASF/thirdparty/freertos/freertos-7.3.0/source/portable/gcc/arm_cm3/port.o
 .debug_line    0x000022a5      0xb15 src/ASF/thirdparty/freertos/freertos-7.3.0/source/tasks.o
 .debug_line    0x00002dba      0xc67 src/ASF/common/services/clock/sam3x/sysclk.o
 .debug_line    0x00003a21      0xcfd src/ASF/sam/boards/arduino_due_x/init.o
 .debug_line    0x0000471e      0xdd0 src/ASF/sam/drivers/pio/pio.o
 .debug_line    0x000054ee      0xba8 src/ASF/sam/drivers/pio/pio_handler.o
 .debug_line    0x00006096     0x1053 src/ASF/sam/drivers/pmc/pmc.o
 .debug_line    0x000070e9      0x8f8 src/ASF/sam/utils/cmsis/sam3x/source/templates/exceptions.o
 .debug_line    0x000079e1      0x96b src/ASF/sam/utils/cmsis/sam3x/source/templates/gcc/startup_sam3x.o
 .debug_line    0x0000834c      0x986 src/ASF/sam/utils/cmsis/sam3x/source/templates/system_sam3x.o
 .debug_line    0x00008cd2      0x235 c:/program files (x86)/atmel/atmel toolchain/arm gcc/native/4.7.3.1029/arm-gnu-toolchain/bin/../lib/gcc/arm-none-eabi/4.7.3/../../../../arm-none-eabi/lib/armv7-m\libc.a(lib_a-__atexit.o)
 .debug_line    0x00008f07      0x123 c:/program files (x86)/atmel/atmel toolchain/arm gcc/native/4.7.3.1029/arm-gnu-toolchain/bin/../lib/gcc/arm-none-eabi/4.7.3/../../../../arm-none-eabi/lib/armv7-m\libc.a(lib_a-fini.o)
 .debug_line    0x0000902a      0x183 c:/program files (x86)/atmel/atmel toolchain/arm gcc/native/4.7.3.1029/arm-gnu-toolchain/bin/../lib/gcc/arm-none-eabi/4.7.3/../../../../arm-none-eabi/lib/armv7-m\libc.a(lib_a-impure.o)
 .debug_line    0x000091ad      0x135 c:/program files (x86)/atmel/atmel toolchain/arm gcc/native/4.7.3.1029/arm-gnu-toolchain/bin/../lib/gcc/arm-none-eabi/4.7.3/../../../../arm-none-eabi/lib/armv7-m\libc.a(lib_a-init.o)
 .debug_line    0x000092e2      0x270 c:/program files (x86)/atmel/atmel toolchain/arm gcc/native/4.7.3.1029/arm-gnu-toolchain/bin/../lib/gcc/arm-none-eabi/4.7.3/../../../../arm-none-eabi/lib/armv7-m\libc.a(lib_a-__call_atexit.o)
 .debug_line    0x00009552      0x10b c:/program files (x86)/atmel/atmel toolchain/arm gcc/native/4.7.3.1029/arm-gnu-toolchain/bin/../lib/gcc/arm-none-eabi/4.7.3/../../../../arm-none-eabi/lib/armv7-m\libc.a(lib_a-atexit.o)

.debug_str      0x00000000    0x64b62
 .debug_str     0x00000000    0x61810 emmy_hover_v3.o
                              0x61b65 (size before relaxing)
 .debug_str     0x00061810      0x326 src/ASF/thirdparty/freertos/freertos-7.3.0/source/list.o
                               0x64d2 (size before relaxing)
 .debug_str     0x00061b36      0x61f src/ASF/thirdparty/freertos/freertos-7.3.0/source/portable/gcc/arm_cm3/port.o
                              0x5f74d (size before relaxing)
 .debug_str     0x00062155      0xf41 src/ASF/thirdparty/freertos/freertos-7.3.0/source/tasks.o
                               0x8732 (size before relaxing)
 .debug_str     0x00063096      0x288 src/ASF/common/services/clock/sam3x/sysclk.o
                              0x5d703 (size before relaxing)
 .debug_str     0x0006331e      0x280 src/ASF/sam/boards/arduino_due_x/init.o
                              0x5dec7 (size before relaxing)
 .debug_str     0x0006359e      0x431 src/ASF/sam/drivers/pio/pio.o
                              0x5a404 (size before relaxing)
 .debug_str     0x000639cf      0x460 src/ASF/sam/drivers/pio/pio_handler.o
                              0x5a458 (size before relaxing)
 .debug_str     0x00063e2f      0x6bb src/ASF/sam/drivers/pmc/pmc.o
                              0x5a471 (size before relaxing)
 .debug_str     0x000644ea       0x4d src/ASF/sam/utils/cmsis/sam3x/source/templates/exceptions.o
                              0x4e49c (size before relaxing)
 .debug_str     0x00064537       0xb2 src/ASF/sam/utils/cmsis/sam3x/source/templates/gcc/startup_sam3x.o
                              0x4e589 (size before relaxing)
 .debug_str     0x000645e9      0x1ea src/ASF/sam/utils/cmsis/sam3x/source/templates/system_sam3x.o
                              0x4e7be (size before relaxing)
 .debug_str     0x000647d3       0xb8 c:/program files (x86)/atmel/atmel toolchain/arm gcc/native/4.7.3.1029/arm-gnu-toolchain/bin/../lib/gcc/arm-none-eabi/4.7.3/../../../../arm-none-eabi/lib/armv7-m\libc.a(lib_a-__atexit.o)
                                0x56d (size before relaxing)
 .debug_str     0x0006488b       0x96 c:/program files (x86)/atmel/atmel toolchain/arm gcc/native/4.7.3.1029/arm-gnu-toolchain/bin/../lib/gcc/arm-none-eabi/4.7.3/../../../../arm-none-eabi/lib/armv7-m\libc.a(lib_a-fini.o)
                                0x184 (size before relaxing)
 .debug_str     0x00064921       0x6f c:/program files (x86)/atmel/atmel toolchain/arm gcc/native/4.7.3.1029/arm-gnu-toolchain/bin/../lib/gcc/arm-none-eabi/4.7.3/../../../../arm-none-eabi/lib/armv7-m\libc.a(lib_a-impure.o)
                                0x518 (size before relaxing)
 .debug_str     0x00064990       0xc0 c:/program files (x86)/atmel/atmel toolchain/arm gcc/native/4.7.3.1029/arm-gnu-toolchain/bin/../lib/gcc/arm-none-eabi/4.7.3/../../../../arm-none-eabi/lib/armv7-m\libc.a(lib_a-init.o)
                                0x1ae (size before relaxing)
 .debug_str     0x00064a50       0xae c:/program files (x86)/atmel/atmel toolchain/arm gcc/native/4.7.3.1029/arm-gnu-toolchain/bin/../lib/gcc/arm-none-eabi/4.7.3/../../../../arm-none-eabi/lib/armv7-m\libc.a(lib_a-__call_atexit.o)
                                0x569 (size before relaxing)
 .debug_str     0x00064afe       0x64 c:/program files (x86)/atmel/atmel toolchain/arm gcc/native/4.7.3.1029/arm-gnu-toolchain/bin/../lib/gcc/arm-none-eabi/4.7.3/../../../../arm-none-eabi/lib/armv7-m\libc.a(lib_a-atexit.o)
                                0x18a (size before relaxing)

.debug_frame    0x00000000      0xf94
 .debug_frame   0x00000000       0x28 emmy_hover_v3.o
 .debug_frame   0x00000028       0x68 src/ASF/thirdparty/freertos/freertos-7.3.0/source/list.o
 .debug_frame   0x00000090      0x100 src/ASF/thirdparty/freertos/freertos-7.3.0/source/portable/gcc/arm_cm3/port.o
 .debug_frame   0x00000190      0x3a8 src/ASF/thirdparty/freertos/freertos-7.3.0/source/tasks.o
 .debug_frame   0x00000538       0x88 src/ASF/common/services/clock/sam3x/sysclk.o
 .debug_frame   0x000005c0       0x28 src/ASF/sam/boards/arduino_due_x/init.o
 .debug_frame   0x000005e8      0x2bc src/ASF/sam/drivers/pio/pio.o
 .debug_frame   0x000008a4       0xf0 src/ASF/sam/drivers/pio/pio_handler.o
 .debug_frame   0x00000994      0x47c src/ASF/sam/drivers/pmc/pmc.o
 .debug_frame   0x00000e10       0x20 src/ASF/sam/utils/cmsis/sam3x/source/templates/exceptions.o
 .debug_frame   0x00000e30       0x2c src/ASF/sam/utils/cmsis/sam3x/source/templates/gcc/startup_sam3x.o
 .debug_frame   0x00000e5c       0x48 src/ASF/sam/utils/cmsis/sam3x/source/templates/system_sam3x.o
 .debug_frame   0x00000ea4       0x34 c:/program files (x86)/atmel/atmel toolchain/arm gcc/native/4.7.3.1029/arm-gnu-toolchain/bin/../lib/gcc/arm-none-eabi/4.7.3/../../../../arm-none-eabi/lib/armv7-m\libc.a(lib_a-__atexit.o)
 .debug_frame   0x00000ed8       0x2c c:/program files (x86)/atmel/atmel toolchain/arm gcc/native/4.7.3.1029/arm-gnu-toolchain/bin/../lib/gcc/arm-none-eabi/4.7.3/../../../../arm-none-eabi/lib/armv7-m\libc.a(lib_a-fini.o)
 .debug_frame   0x00000f04       0x2c c:/program files (x86)/atmel/atmel toolchain/arm gcc/native/4.7.3.1029/arm-gnu-toolchain/bin/../lib/gcc/arm-none-eabi/4.7.3/../../../../arm-none-eabi/lib/armv7-m\libc.a(lib_a-init.o)
 .debug_frame   0x00000f30       0x44 c:/program files (x86)/atmel/atmel toolchain/arm gcc/native/4.7.3.1029/arm-gnu-toolchain/bin/../lib/gcc/arm-none-eabi/4.7.3/../../../../arm-none-eabi/lib/armv7-m\libc.a(lib_a-__call_atexit.o)
 .debug_frame   0x00000f74       0x20 c:/program files (x86)/atmel/atmel toolchain/arm gcc/native/4.7.3.1029/arm-gnu-toolchain/bin/../lib/gcc/arm-none-eabi/4.7.3/../../../../arm-none-eabi/lib/armv7-m\libc.a(lib_a-atexit.o)
