Archive member included because of file (symbol)

u:/installedapps/atmel/atmel toolchain/arm gcc/native/4.7.3.1029/arm-gnu-toolchain/bin/../lib/gcc/arm-none-eabi/4.7.3/../../../../arm-none-eabi/lib/armv7-m\libc.a(lib_a-__atexit.o)
                              u:/installedapps/atmel/atmel toolchain/arm gcc/native/4.7.3.1029/arm-gnu-toolchain/bin/../lib/gcc/arm-none-eabi/4.7.3/../../../../arm-none-eabi/lib/armv7-m/crt0.o (__register_exitproc)
u:/installedapps/atmel/atmel toolchain/arm gcc/native/4.7.3.1029/arm-gnu-toolchain/bin/../lib/gcc/arm-none-eabi/4.7.3/../../../../arm-none-eabi/lib/armv7-m\libc.a(lib_a-exit.o)
                              u:/installedapps/atmel/atmel toolchain/arm gcc/native/4.7.3.1029/arm-gnu-toolchain/bin/../lib/gcc/arm-none-eabi/4.7.3/../../../../arm-none-eabi/lib/armv7-m/crt0.o (exit)
u:/installedapps/atmel/atmel toolchain/arm gcc/native/4.7.3.1029/arm-gnu-toolchain/bin/../lib/gcc/arm-none-eabi/4.7.3/../../../../arm-none-eabi/lib/armv7-m\libc.a(lib_a-fini.o)
                              u:/installedapps/atmel/atmel toolchain/arm gcc/native/4.7.3.1029/arm-gnu-toolchain/bin/../lib/gcc/arm-none-eabi/4.7.3/../../../../arm-none-eabi/lib/armv7-m/crt0.o (__libc_fini_array)
u:/installedapps/atmel/atmel toolchain/arm gcc/native/4.7.3.1029/arm-gnu-toolchain/bin/../lib/gcc/arm-none-eabi/4.7.3/../../../../arm-none-eabi/lib/armv7-m\libc.a(lib_a-impure.o)
                              u:/installedapps/atmel/atmel toolchain/arm gcc/native/4.7.3.1029/arm-gnu-toolchain/bin/../lib/gcc/arm-none-eabi/4.7.3/../../../../arm-none-eabi/lib/armv7-m\libc.a(lib_a-__atexit.o) (_global_impure_ptr)
u:/installedapps/atmel/atmel toolchain/arm gcc/native/4.7.3.1029/arm-gnu-toolchain/bin/../lib/gcc/arm-none-eabi/4.7.3/../../../../arm-none-eabi/lib/armv7-m\libc.a(lib_a-init.o)
                              u:/installedapps/atmel/atmel toolchain/arm gcc/native/4.7.3.1029/arm-gnu-toolchain/bin/../lib/gcc/arm-none-eabi/4.7.3/../../../../arm-none-eabi/lib/armv7-m/crt0.o (__libc_init_array)
u:/installedapps/atmel/atmel toolchain/arm gcc/native/4.7.3.1029/arm-gnu-toolchain/bin/../lib/gcc/arm-none-eabi/4.7.3/../../../../arm-none-eabi/lib/armv7-m\libc.a(lib_a-iprintf.o)
                              src/task1.o (iprintf)
u:/installedapps/atmel/atmel toolchain/arm gcc/native/4.7.3.1029/arm-gnu-toolchain/bin/../lib/gcc/arm-none-eabi/4.7.3/../../../../arm-none-eabi/lib/armv7-m\libc.a(lib_a-memcpy.o)
                              src/ASF/thirdparty/freertos/freertos-7.3.0/source/queue.o (memcpy)
u:/installedapps/atmel/atmel toolchain/arm gcc/native/4.7.3.1029/arm-gnu-toolchain/bin/../lib/gcc/arm-none-eabi/4.7.3/../../../../arm-none-eabi/lib/armv7-m\libc.a(lib_a-memset.o)
                              u:/installedapps/atmel/atmel toolchain/arm gcc/native/4.7.3.1029/arm-gnu-toolchain/bin/../lib/gcc/arm-none-eabi/4.7.3/../../../../arm-none-eabi/lib/armv7-m/crt0.o (memset)
u:/installedapps/atmel/atmel toolchain/arm gcc/native/4.7.3.1029/arm-gnu-toolchain/bin/../lib/gcc/arm-none-eabi/4.7.3/../../../../arm-none-eabi/lib/armv7-m\libc.a(lib_a-setbuf.o)
                              src/main.o (setbuf)
u:/installedapps/atmel/atmel toolchain/arm gcc/native/4.7.3.1029/arm-gnu-toolchain/bin/../lib/gcc/arm-none-eabi/4.7.3/../../../../arm-none-eabi/lib/armv7-m\libc.a(lib_a-setvbuf.o)
                              u:/installedapps/atmel/atmel toolchain/arm gcc/native/4.7.3.1029/arm-gnu-toolchain/bin/../lib/gcc/arm-none-eabi/4.7.3/../../../../arm-none-eabi/lib/armv7-m\libc.a(lib_a-setbuf.o) (setvbuf)
u:/installedapps/atmel/atmel toolchain/arm gcc/native/4.7.3.1029/arm-gnu-toolchain/bin/../lib/gcc/arm-none-eabi/4.7.3/../../../../arm-none-eabi/lib/armv7-m\libc.a(lib_a-sprintf.o)
                              src/ASF/thirdparty/freertos/freertos-7.3.0/source/tasks.o (sprintf)
u:/installedapps/atmel/atmel toolchain/arm gcc/native/4.7.3.1029/arm-gnu-toolchain/bin/../lib/gcc/arm-none-eabi/4.7.3/../../../../arm-none-eabi/lib/armv7-m\libc.a(lib_a-strcat.o)
                              src/ASF/thirdparty/freertos/freertos-7.3.0/source/tasks.o (strcat)
u:/installedapps/atmel/atmel toolchain/arm gcc/native/4.7.3.1029/arm-gnu-toolchain/bin/../lib/gcc/arm-none-eabi/4.7.3/../../../../arm-none-eabi/lib/armv7-m\libc.a(lib_a-strlen.o)
                              src/ASF/thirdparty/freertos/freertos-7.3.0/source/FreeRTOS_CLI.o (strlen)
u:/installedapps/atmel/atmel toolchain/arm gcc/native/4.7.3.1029/arm-gnu-toolchain/bin/../lib/gcc/arm-none-eabi/4.7.3/../../../../arm-none-eabi/lib/armv7-m\libc.a(lib_a-strncmp.o)
                              src/ASF/thirdparty/freertos/freertos-7.3.0/source/FreeRTOS_CLI.o (strncmp)
u:/installedapps/atmel/atmel toolchain/arm gcc/native/4.7.3.1029/arm-gnu-toolchain/bin/../lib/gcc/arm-none-eabi/4.7.3/../../../../arm-none-eabi/lib/armv7-m\libc.a(lib_a-strncpy.o)
                              src/ASF/thirdparty/freertos/freertos-7.3.0/source/FreeRTOS_CLI.o (strncpy)
[...]
Memory Configuration

Name             Origin             Length             Attributes
rom              0x00080000         0x00080000         xr
sram0            0x20000000         0x00010000         xrw
sram1            0x20080000         0x00008000         xrw
ram              0x20070000         0x00018000         xrw
*default*        0x00000000         0xffffffff

Linker script and memory map

LOAD u:/installedapps/atmel/atmel toolchain/arm gcc/native/4.7.3.1029/arm-gnu-toolchain/bin/../lib/gcc/arm-none-eabi/4.7.3/armv7-m/crti.o
LOAD u:/installedapps/atmel/atmel toolchain/arm gcc/native/4.7.3.1029/arm-gnu-toolchain/bin/../lib/gcc/arm-none-eabi/4.7.3/armv7-m/crtbegin.o
LOAD u:/installedapps/atmel/atmel toolchain/arm gcc/native/4.7.3.1029/arm-gnu-toolchain/bin/../lib/gcc/arm-none-eabi/4.7.3/../../../../arm-none-eabi/lib/armv7-m/crt0.o
LOAD src/ASF/sam/drivers/pwm/pwm.o
LOAD src/ASF/thirdparty/freertos/freertos-7.3.0/source/FreeRTOS_CLI.o
LOAD src/ASF/thirdparty/freertos/freertos-7.3.0/source/list.o
LOAD src/ASF/thirdparty/freertos/freertos-7.3.0/source/portable/gcc/arm_cm3/port.o
LOAD src/ASF/thirdparty/freertos/freertos-7.3.0/source/portable/memmang/heap_4.o
LOAD src/ASF/thirdparty/freertos/freertos-7.3.0/source/queue.o
LOAD src/ASF/thirdparty/freertos/freertos-7.3.0/source/tasks.o
LOAD src/ASF/thirdparty/freertos/freertos-7.3.0/source/timers.o
LOAD src/setup_PWM.o
LOAD src/task1.o
LOAD src/task2.o
LOAD src/ASF/common/services/serial/usart_serial.o
LOAD src/ASF/common/utils/stdio/read.o
LOAD src/ASF/common/utils/stdio/write.o
LOAD src/ASF/sam/drivers/uart/uart.o
LOAD src/ASF/sam/drivers/usart/usart.o
LOAD src/main.o
LOAD src/ASF/common/services/clock/sam3x/sysclk.o
LOAD src/ASF/common/utils/interrupt/interrupt_sam_nvic.o
LOAD src/ASF/sam/boards/arduino_due_x/init.o
LOAD src/ASF/sam/drivers/pio/pio.o
LOAD src/ASF/sam/drivers/pio/pio_handler.o
LOAD src/ASF/sam/drivers/pmc/pmc.o
LOAD src/ASF/sam/drivers/pmc/sleep.o
LOAD src/ASF/sam/utils/cmsis/sam3x/source/templates/exceptions.o
LOAD src/ASF/sam/utils/cmsis/sam3x/source/templates/gcc/startup_sam3x.o
LOAD src/ASF/sam/utils/cmsis/sam3x/source/templates/system_sam3x.o
LOAD src/ASF/sam/utils/syscalls/gcc/syscalls.o
START GROUP
LOAD ../src/ASF/thirdparty/CMSIS/Lib/GCC\libarm_cortexM3l_math.a
LOAD u:/installedapps/atmel/atmel toolchain/arm gcc/native/4.7.3.1029/arm-gnu-toolchain/bin/../lib/gcc/arm-none-eabi/4.7.3/../../../../arm-none-eabi/lib/armv7-m\libm.a
END GROUP
START GROUP
LOAD u:/installedapps/atmel/atmel toolchain/arm gcc/native/4.7.3.1029/arm-gnu-toolchain/bin/../lib/gcc/arm-none-eabi/4.7.3/armv7-m\libgcc.a
LOAD u:/installedapps/atmel/atmel toolchain/arm gcc/native/4.7.3.1029/arm-gnu-toolchain/bin/../lib/gcc/arm-none-eabi/4.7.3/../../../../arm-none-eabi/lib/armv7-m\libc.a
END GROUP
LOAD u:/installedapps/atmel/atmel toolchain/arm gcc/native/4.7.3.1029/arm-gnu-toolchain/bin/../lib/gcc/arm-none-eabi/4.7.3/armv7-m/crtend.o
LOAD u:/installedapps/atmel/atmel toolchain/arm gcc/native/4.7.3.1029/arm-gnu-toolchain/bin/../lib/gcc/arm-none-eabi/4.7.3/armv7-m/crtn.o
                [0x00002000]                __stack_size__ = DEFINED (__stack_size__)?__stack_size__:0x2000

.text           0x00080000     0x4e90
                0x00080000                . = ALIGN (0x4)
                0x00080000                _sfixed = .
 *(.vectors .vectors.*)
 .vectors       0x00080000       0xf4 src/ASF/sam/utils/cmsis/sam3x/source/templates/gcc/startup_sam3x.o
                0x00080000                exception_table
 *(.text .text.* .gnu.linkonce.t.*)
 .text          0x000800f4       0xb0 u:/installedapps/atmel/atmel toolchain/arm gcc/native/4.7.3.1029/arm-gnu-toolchain/bin/../lib/gcc/arm-none-eabi/4.7.3/armv7-m/crtbegin.o
 .text.pwm_clocks_generate
                0x000801a4      0x124 src/ASF/sam/drivers/pwm/pwm.o
 .text.pwm_init
                0x000802c8       0x4c src/ASF/sam/drivers/pwm/pwm.o
                0x000802c8                pwm_init
 .text.pwm_channel_init
                0x00080314      0x12c src/ASF/sam/drivers/pwm/pwm.o
                0x00080314                pwm_channel_init
 .text.pwm_channel_enable
                0x00080440        0xc src/ASF/sam/drivers/pwm/pwm.o
                0x00080440                pwm_channel_enable
 .text.pwm_channel_disable
                0x0008044c        0xc src/ASF/sam/drivers/pwm/pwm.o
                0x0008044c                pwm_channel_disable
 .text.vListInitialise
                0x00080458       0x18 src/ASF/thirdparty/freertos/freertos-7.3.0/source/list.o
                0x00080458                vListInitialise
 .text.vListInitialiseItem
                0x00080470        0x8 src/ASF/thirdparty/freertos/freertos-7.3.0/source/list.o
                0x00080470                vListInitialiseItem
 .text.vListInsertEnd
                0x00080478       0x20 src/ASF/thirdparty/freertos/freertos-7.3.0/source/list.o
                0x00080478                vListInsertEnd
 .text.vListInsert
                0x00080498       0x44 src/ASF/thirdparty/freertos/freertos-7.3.0/source/list.o
                0x00080498                vListInsert
 .text.uxListRemove
                0x000804dc       0x2c src/ASF/thirdparty/freertos/freertos-7.3.0/source/list.o
                0x000804dc                uxListRemove
 .text.pxPortInitialiseStack
                0x00080508       0x20 src/ASF/thirdparty/freertos/freertos-7.3.0/source/portable/gcc/arm_cm3/port.o
                0x00080508                pxPortInitialiseStack
 .text.SVC_Handler
                0x00080528       0x20 src/ASF/thirdparty/freertos/freertos-7.3.0/source/portable/gcc/arm_cm3/port.o
                0x00080528                SVC_Handler
 .text.vPortYieldFromISR
                0x00080548       0x10 src/ASF/thirdparty/freertos/freertos-7.3.0/source/portable/gcc/arm_cm3/port.o
                0x00080548                vPortYieldFromISR
 .text.ulPortSetInterruptMask
                0x00080558       0x14 src/ASF/thirdparty/freertos/freertos-7.3.0/source/portable/gcc/arm_cm3/port.o
                0x00080558                ulPortSetInterruptMask
 .text.vPortEnterCritical
                0x0008056c       0x20 src/ASF/thirdparty/freertos/freertos-7.3.0/source/portable/gcc/arm_cm3/port.o
                0x0008056c                vPortEnterCritical
 .text.vPortClearInterruptMask
                0x0008058c        0x8 src/ASF/thirdparty/freertos/freertos-7.3.0/source/portable/gcc/arm_cm3/port.o
                0x0008058c                vPortClearInterruptMask
 .text.vPortExitCritical
                0x00080594       0x24 src/ASF/thirdparty/freertos/freertos-7.3.0/source/portable/gcc/arm_cm3/port.o
                0x00080594                vPortExitCritical
 .text.PendSV_Handler
                0x000805b8       0x3c src/ASF/thirdparty/freertos/freertos-7.3.0/source/portable/gcc/arm_cm3/port.o
                0x000805b8                PendSV_Handler
 .text.SysTick_Handler
                0x000805f4       0x34 src/ASF/thirdparty/freertos/freertos-7.3.0/source/portable/gcc/arm_cm3/port.o
                0x000805f4                SysTick_Handler
 .text.prvInsertBlockIntoFreeList
                0x00080628       0x5c src/ASF/thirdparty/freertos/freertos-7.3.0/source/portable/memmang/heap_4.o
 .text.pvPortMalloc
                0x00080684       0xfc src/ASF/thirdparty/freertos/freertos-7.3.0/source/portable/memmang/heap_4.o
                0x00080684                pvPortMalloc
 .text.vPortFree
                0x00080780       0x3c src/ASF/thirdparty/freertos/freertos-7.3.0/source/portable/memmang/heap_4.o
                0x00080780                vPortFree
 .text.prvUnlockQueue
                0x000807bc       0xb4 src/ASF/thirdparty/freertos/freertos-7.3.0/source/queue.o
 .text.prvCopyDataToQueue
                0x00080870       0x78 src/ASF/thirdparty/freertos/freertos-7.3.0/source/queue.o
 .text.xQueueGenericReset
                0x000808e8       0x90 src/ASF/thirdparty/freertos/freertos-7.3.0/source/queue.o
                0x000808e8                xQueueGenericReset
 .text.xQueueGenericCreate
                0x00080978       0x6c src/ASF/thirdparty/freertos/freertos-7.3.0/source/queue.o
                0x00080978                xQueueGenericCreate
 .text.xQueueGenericSend
                0x000809e4      0x180 src/ASF/thirdparty/freertos/freertos-7.3.0/source/queue.o
                0x000809e4                xQueueGenericSend
 .text.prvAddCurrentTaskToDelayedList
                0x00080b64       0x84 src/ASF/thirdparty/freertos/freertos-7.3.0/source/tasks.o
 .text.xTaskGenericCreate
                0x00080be8      0x2bc src/ASF/thirdparty/freertos/freertos-7.3.0/source/tasks.o
                0x00080be8                xTaskGenericCreate
 .text.vTaskSuspendAll
                0x00080ea4       0x14 src/ASF/thirdparty/freertos/freertos-7.3.0/source/tasks.o
                0x00080ea4                vTaskSuspendAll
 .text.vTaskIncrementTick
                0x00080eb8      0x19c src/ASF/thirdparty/freertos/freertos-7.3.0/source/tasks.o
                0x00080eb8                vTaskIncrementTick
 .text.xTaskResumeAll
                0x00081054      0x14c src/ASF/thirdparty/freertos/freertos-7.3.0/source/tasks.o
                0x00081054                xTaskResumeAll
 .text.vTaskSwitchContext
                0x000811a0       0xc0 src/ASF/thirdparty/freertos/freertos-7.3.0/source/tasks.o
                0x000811a0                vTaskSwitchContext
 .text.vTaskPlaceOnEventList
                0x00081260       0x78 src/ASF/thirdparty/freertos/freertos-7.3.0/source/tasks.o
                0x00081260                vTaskPlaceOnEventList
 .text.xTaskRemoveFromEventList
                0x000812d8       0xa8 src/ASF/thirdparty/freertos/freertos-7.3.0/source/tasks.o
                0x000812d8                xTaskRemoveFromEventList
 .text.vTaskSetTimeOutState
                0x00081380       0x30 src/ASF/thirdparty/freertos/freertos-7.3.0/source/tasks.o
                0x00081380                vTaskSetTimeOutState
 .text.xTaskCheckForTimeOut
                0x000813b0       0xb4 src/ASF/thirdparty/freertos/freertos-7.3.0/source/tasks.o
                0x000813b0                xTaskCheckForTimeOut
 .text.vTaskMissedYield
                0x00081464       0x10 src/ASF/thirdparty/freertos/freertos-7.3.0/source/tasks.o
                0x00081464                vTaskMissedYield
 .text.vTaskPriorityDisinherit
                0x00081474       0x60 src/ASF/thirdparty/freertos/freertos-7.3.0/source/tasks.o
                0x00081474                vTaskPriorityDisinherit
 .text.set_pin  0x000814d4       0x3c src/setup_PWM.o
                0x000814d4                set_pin
 .text.initialize_PWM
                0x00081510       0x9c src/setup_PWM.o
                0x00081510                initialize_PWM
 .text.task1    0x000815ac       0x30 src/task1.o
                0x000815ac                task1
 .text._read    0x000815dc       0x88 src/ASF/common/utils/stdio/read.o
                0x000815dc                _read
 .text._write   0x00081664       0xa0 src/ASF/common/utils/stdio/write.o
                0x00081664                _write
 .text.uart_init
                0x00081704       0x44 src/ASF/sam/drivers/uart/uart.o
                0x00081704                uart_init
 .text.uart_write
                0x00081748       0x18 src/ASF/sam/drivers/uart/uart.o
                0x00081748                uart_write
 .text.uart_read
                0x00081760       0x18 src/ASF/sam/drivers/uart/uart.o
                0x00081760                uart_read
 .text.usart_write
                0x00081778       0x20 src/ASF/sam/drivers/usart/usart.o
                0x00081778                usart_write
 .text.usart_read
                0x00081798       0x20 src/ASF/sam/drivers/usart/usart.o
                0x00081798                usart_read
 .text.usart_serial_getchar
                0x000817b8       0xe8 src/main.o
 .text.usart_serial_putchar
                0x000818a0       0xe8 src/main.o
 .text.main     0x00081988      0x178 src/main.o
                0x00081988                main
 .text.sysclk_init
                0x00081b00       0x78 src/ASF/common/services/clock/sam3x/sysclk.o
                0x00081b00                sysclk_init
 .text.board_init
                0x00081b78       0xa4 src/ASF/sam/boards/arduino_due_x/init.o
                0x00081b78                board_init
 .text.pio_pull_up
                0x00081c1c        0xc src/ASF/sam/drivers/pio/pio.o
                0x00081c1c                pio_pull_up
 .text.pio_set_peripheral
                0x00081c28       0x44 src/ASF/sam/drivers/pio/pio.o
                0x00081c28                pio_set_peripheral
 .text.pio_disable_interrupt
                0x00081c6c        0x4 src/ASF/sam/drivers/pio/pio.o
                0x00081c6c                pio_disable_interrupt
 .text.pio_set_output
                0x00081c70       0x3c src/ASF/sam/drivers/pio/pio.o
                0x00081c70                pio_set_output
 .text.pio_set_input
                0x00081cac       0x4c src/ASF/sam/drivers/pio/pio.o
                0x00081cac                pio_set_input
 .text.pio_get_interrupt_status
                0x00081cf8        0x4 src/ASF/sam/drivers/pio/pio.o
                0x00081cf8                pio_get_interrupt_status
 .text.pio_get_interrupt_mask
                0x00081cfc        0x4 src/ASF/sam/drivers/pio/pio.o
                0x00081cfc                pio_get_interrupt_mask
 .text.pio_configure_pin
                0x00081d00      0x100 src/ASF/sam/drivers/pio/pio.o
                0x00081d00                pio_configure_pin
 .text.pio_configure_pin_group
                0x00081e00       0xc8 src/ASF/sam/drivers/pio/pio.o
                0x00081e00                pio_configure_pin_group
 .text.pio_handler_process
                0x00081ec8       0x54 src/ASF/sam/drivers/pio/pio_handler.o
                0x00081ec8                pio_handler_process
 .text.PIOA_Handler
                0x00081f1c       0x1c src/ASF/sam/drivers/pio/pio_handler.o
                0x00081f1c                PIOA_Handler
 .text.PIOB_Handler
                0x00081f38       0x1c src/ASF/sam/drivers/pio/pio_handler.o
                0x00081f38                PIOB_Handler
 .text.PIOC_Handler
                0x00081f54       0x1c src/ASF/sam/drivers/pio/pio_handler.o
                0x00081f54                PIOC_Handler
 .text.PIOD_Handler
                0x00081f70       0x1c src/ASF/sam/drivers/pio/pio_handler.o
                0x00081f70                PIOD_Handler
 .text.pmc_switch_mck_to_pllack
                0x00081f8c       0xa0 src/ASF/sam/drivers/pmc/pmc.o
                0x00081f8c                pmc_switch_mck_to_pllack
 .text.pmc_switch_mainck_to_xtal
                0x0008202c       0x70 src/ASF/sam/drivers/pmc/pmc.o
                0x0008202c                pmc_switch_mainck_to_xtal
 .text.pmc_osc_is_ready_mainck
                0x0008209c       0x10 src/ASF/sam/drivers/pmc/pmc.o
                0x0008209c                pmc_osc_is_ready_mainck
 .text.pmc_disable_pllack
                0x000820ac       0x10 src/ASF/sam/drivers/pmc/pmc.o
                0x000820ac                pmc_disable_pllack
 .text.pmc_is_locked_pllack
                0x000820bc       0x10 src/ASF/sam/drivers/pmc/pmc.o
                0x000820bc                pmc_is_locked_pllack
 .text.pmc_enable_periph_clk
                0x000820cc       0x84 src/ASF/sam/drivers/pmc/pmc.o
                0x000820cc                pmc_enable_periph_clk
 .text.Dummy_Handler
                0x00082150        0x4 src/ASF/sam/utils/cmsis/sam3x/source/templates/exceptions.o
                0x00082150                DACC_Handler
                0x00082150                DebugMon_Handler
                0x00082150                DMAC_Handler
                0x00082150                TRNG_Handler
                0x00082150                HardFault_Handler
                0x00082150                TC2_Handler
                0x00082150                USART3_Handler
                0x00082150                TWI1_Handler
                0x00082150                NMI_Handler
                0x00082150                TC7_Handler
                0x00082150                ADC_Handler
                0x00082150                SMC_Handler
                0x00082150                USART0_Handler
                0x00082150                RTT_Handler
                0x00082150                EFC1_Handler
                0x00082150                RTC_Handler
                0x00082150                UsageFault_Handler
                0x00082150                TC6_Handler
                0x00082150                WDT_Handler
                0x00082150                CAN0_Handler
                0x00082150                TC4_Handler
                0x00082150                TC1_Handler
                0x00082150                HSMCI_Handler
                0x00082150                TC3_Handler
                0x00082150                Dummy_Handler
                0x00082150                TWI0_Handler
                0x00082150                USART1_Handler
                0x00082150                SSC_Handler
                0x00082150                EFC0_Handler
                0x00082150                PMC_Handler
                0x00082150                PWM_Handler
                0x00082150                CAN1_Handler
                0x00082150                MemManage_Handler
                0x00082150                SUPC_Handler
                0x00082150                TC8_Handler
                0x00082150                USART2_Handler
                0x00082150                EMAC_Handler
                0x00082150                UART_Handler
                0x00082150                BusFault_Handler
                0x00082150                RSTC_Handler
                0x00082150                TC0_Handler
                0x00082150                TC5_Handler
                0x00082150                UOTGHS_Handler
                0x00082150                SPI0_Handler
 .text.Reset_Handler
                0x00082154      0x138 src/ASF/sam/utils/cmsis/sam3x/source/templates/gcc/startup_sam3x.o
                0x00082154                Reset_Handler
 .text.SystemCoreClockUpdate
                0x0008228c      0x1c8 src/ASF/sam/utils/cmsis/sam3x/source/templates/system_sam3x.o
                0x0008228c                SystemCoreClockUpdate
 .text.system_init_flash
                0x00082454       0xc4 src/ASF/sam/utils/cmsis/sam3x/source/templates/system_sam3x.o
                0x00082454                system_init_flash
 .text._sbrk    0x00082518       0x30 src/ASF/sam/utils/syscalls/gcc/syscalls.o
                0x00082518                _sbrk
 .text._close   0x00082548        0x8 src/ASF/sam/utils/syscalls/gcc/syscalls.o
                0x00082548                _close
 .text._fstat   0x00082550        0xc src/ASF/sam/utils/syscalls/gcc/syscalls.o
                0x00082550                _fstat
 .text._isatty  0x0008255c        0x8 src/ASF/sam/utils/syscalls/gcc/syscalls.o
                0x0008255c                _isatty
 .text._lseek   0x00082564        0x8 src/ASF/sam/utils/syscalls/gcc/syscalls.o
                0x00082564                _lseek
 .text          0x0008256c       0x9c u:/installedapps/atmel/atmel toolchain/arm gcc/native/4.7.3.1029/arm-gnu-toolchain/bin/../lib/gcc/arm-none-eabi/4.7.3/../../../../arm-none-eabi/lib/armv7-m\libc.a(lib_a-__atexit.o)
                0x0008256c                __register_exitproc
 .text          0x00082608       0x2c u:/installedapps/atmel/atmel toolchain/arm gcc/native/4.7.3.1029/arm-gnu-toolchain/bin/../lib/gcc/arm-none-eabi/4.7.3/../../../../arm-none-eabi/lib/armv7-m\libc.a(lib_a-fini.o)
                0x00082608                __libc_fini_array
 .text          0x00082634       0x4c u:/installedapps/atmel/atmel toolchain/arm gcc/native/4.7.3.1029/arm-gnu-toolchain/bin/../lib/gcc/arm-none-eabi/4.7.3/../../../../arm-none-eabi/lib/armv7-m\libc.a(lib_a-init.o)
                0x00082634                __libc_init_array
 .text          0x00082680       0x40 u:/installedapps/atmel/atmel toolchain/arm gcc/native/4.7.3.1029/arm-gnu-toolchain/bin/../lib/gcc/arm-none-eabi/4.7.3/../../../../arm-none-eabi/lib/armv7-m\libc.a(lib_a-iprintf.o)
                0x00082680                iprintf
                0x000826a4                _iprintf_r
 .text          0x000826c0       0x12 u:/installedapps/atmel/atmel toolchain/arm gcc/native/4.7.3.1029/arm-gnu-toolchain/bin/../lib/gcc/arm-none-eabi/4.7.3/../../../../arm-none-eabi/lib/armv7-m\libc.a(lib_a-memcpy.o)
                0x000826c0                memcpy
 .text          0x000826d2       0x10 u:/installedapps/atmel/atmel toolchain/arm gcc/native/4.7.3.1029/arm-gnu-toolchain/bin/../lib/gcc/arm-none-eabi/4.7.3/../../../../arm-none-eabi/lib/armv7-m\libc.a(lib_a-memset.o)
                0x000826d2                memset
 .text          0x000826e2       0x10 u:/installedapps/atmel/atmel toolchain/arm gcc/native/4.7.3.1029/arm-gnu-toolchain/bin/../lib/gcc/arm-none-eabi/4.7.3/../../../../arm-none-eabi/lib/armv7-m\libc.a(lib_a-setbuf.o)
                0x000826e2                setbuf
 *fill*         0x000826f2        0x2 00
 .text          0x000826f4       0xec u:/installedapps/atmel/atmel toolchain/arm gcc/native/4.7.3.1029/arm-gnu-toolchain/bin/../lib/gcc/arm-none-eabi/4.7.3/../../../../arm-none-eabi/lib/armv7-m\libc.a(lib_a-setvbuf.o)
                0x000826f4                setvbuf
 .text          0x000827e0       0x10 u:/installedapps/atmel/atmel toolchain/arm gcc/native/4.7.3.1029/arm-gnu-toolchain/bin/../lib/gcc/arm-none-eabi/4.7.3/../../../../arm-none-eabi/lib/armv7-m\libc.a(lib_a-strlen.o)
                0x000827e0                strlen
 .text          0x000827f0       0x2a u:/installedapps/atmel/atmel toolchain/arm gcc/native/4.7.3.1029/arm-gnu-toolchain/bin/../lib/gcc/arm-none-eabi/4.7.3/../../../../arm-none-eabi/lib/armv7-m\libc.a(lib_a-strncpy.o)
                0x000827f0                strncpy
 *fill*         0x0008281a        0x2 00
 .text          0x0008281c      0x914 u:/installedapps/atmel/atmel toolchain/arm gcc/native/4.7.3.1029/arm-gnu-toolchain/bin/../lib/gcc/arm-none-eabi/4.7.3/../../../../arm-none-eabi/lib/armv7-m\libc.a(lib_a-vfiprintf.o)
                0x0008281c                __sprint_r
                0x00082884                _vfiprintf_r
                0x00083112                vfiprintf
 .text          0x00083130       0xb8 u:/installedapps/atmel/atmel toolchain/arm gcc/native/4.7.3.1029/arm-gnu-toolchain/bin/../lib/gcc/arm-none-eabi/4.7.3/../../../../arm-none-eabi/lib/armv7-m\libc.a(lib_a-wsetup.o)
                0x00083130                __swsetup_r
 .text.startup  0x000831e8       0x14 u:/installedapps/atmel/atmel toolchain/arm gcc/native/4.7.3.1029/arm-gnu-toolchain/bin/../lib/gcc/arm-none-eabi/4.7.3/../../../../arm-none-eabi/lib/armv7-m\libc.a(lib_a-__call_atexit.o)
 .text          0x000831fc        0xc u:/installedapps/atmel/atmel toolchain/arm gcc/native/4.7.3.1029/arm-gnu-toolchain/bin/../lib/gcc/arm-none-eabi/4.7.3/../../../../arm-none-eabi/lib/armv7-m\libc.a(lib_a-atexit.o)
                0x000831fc                atexit
 .text          0x00083208      0x150 u:/installedapps/atmel/atmel toolchain/arm gcc/native/4.7.3.1029/arm-gnu-toolchain/bin/../lib/gcc/arm-none-eabi/4.7.3/../../../../arm-none-eabi/lib/armv7-m\libc.a(lib_a-fflush.o)
                0x00083208                _fflush_r
                0x00083336                fflush
 .text          0x00083358      0x18c u:/installedapps/atmel/atmel toolchain/arm gcc/native/4.7.3.1029/arm-gnu-toolchain/bin/../lib/gcc/arm-none-eabi/4.7.3/../../../../arm-none-eabi/lib/armv7-m\libc.a(lib_a-findfp.o)
                0x00083360                _cleanup_r
                0x000833b4                __sfmoreglue
                0x000833de                _cleanup
                0x000833ec                __sinit
                0x00083438                __sfp
                0x000834b4                __sfp_lock_acquire
                0x000834b6                __sfp_lock_release
                0x000834b8                __sinit_lock_acquire
                0x000834ba                __sinit_lock_release
                0x000834bc                __fp_lock_all
                0x000834d0                __fp_unlock_all
 .text          0x000834e4       0xe8 u:/installedapps/atmel/atmel toolchain/arm gcc/native/4.7.3.1029/arm-gnu-toolchain/bin/../lib/gcc/arm-none-eabi/4.7.3/../../../../arm-none-eabi/lib/armv7-m\libc.a(lib_a-fputwc.o)
                0x000834e4                _fputwc_r
                0x000835a4                fputwc
 .text          0x000835cc      0x208 u:/installedapps/atmel/atmel toolchain/arm gcc/native/4.7.3.1029/arm-gnu-toolchain/bin/../lib/gcc/arm-none-eabi/4.7.3/../../../../arm-none-eabi/lib/armv7-m\libc.a(lib_a-freer.o)
                0x000835cc                _malloc_trim_r
                0x00083668                _free_r
 .text          0x000837d4      0x2b6 u:/installedapps/atmel/atmel toolchain/arm gcc/native/4.7.3.1029/arm-gnu-toolchain/bin/../lib/gcc/arm-none-eabi/4.7.3/../../../../arm-none-eabi/lib/armv7-m\libc.a(lib_a-fvwrite.o)
                0x000837d4                __sfvwrite_r
 .text          0x00083a8a       0x86 u:/installedapps/atmel/atmel toolchain/arm gcc/native/4.7.3.1029/arm-gnu-toolchain/bin/../lib/gcc/arm-none-eabi/4.7.3/../../../../arm-none-eabi/lib/armv7-m\libc.a(lib_a-fwalk.o)
                0x00083a8a                _fwalk
                0x00083acc                _fwalk_reent
 .text          0x00083b10       0x88 u:/installedapps/atmel/atmel toolchain/arm gcc/native/4.7.3.1029/arm-gnu-toolchain/bin/../lib/gcc/arm-none-eabi/4.7.3/../../../../arm-none-eabi/lib/armv7-m\libc.a(lib_a-locale.o)
                0x00083b10                _setlocale_r
                0x00083b54                __locale_charset
                0x00083b5c                __locale_mb_cur_max
                0x00083b68                __locale_msgcharset
                0x00083b70                __locale_cjk_lang
                0x00083b74                _localeconv_r
                0x00083b7c                setlocale
                0x00083b90                localeconv
 .text          0x00083b98       0xd8 u:/installedapps/atmel/atmel toolchain/arm gcc/native/4.7.3.1029/arm-gnu-toolchain/bin/../lib/gcc/arm-none-eabi/4.7.3/../../../../arm-none-eabi/lib/armv7-m\libc.a(lib_a-makebuf.o)
                0x00083b98                __smakebuf_r
 .text          0x00083c70       0x20 u:/installedapps/atmel/atmel toolchain/arm gcc/native/4.7.3.1029/arm-gnu-toolchain/bin/../lib/gcc/arm-none-eabi/4.7.3/../../../../arm-none-eabi/lib/armv7-m\libc.a(lib_a-malloc.o)
                0x00083c70                malloc
                0x00083c80                free
 .text          0x00083c90      0x404 u:/installedapps/atmel/atmel toolchain/arm gcc/native/4.7.3.1029/arm-gnu-toolchain/bin/../lib/gcc/arm-none-eabi/4.7.3/../../../../arm-none-eabi/lib/armv7-m\libc.a(lib_a-mallocr.o)
                0x00083c90                _malloc_r
 .text          0x00084094       0x1c u:/installedapps/atmel/atmel toolchain/arm gcc/native/4.7.3.1029/arm-gnu-toolchain/bin/../lib/gcc/arm-none-eabi/4.7.3/../../../../arm-none-eabi/lib/armv7-m\libc.a(lib_a-memchr.o)
                0x00084094                memchr
 .text          0x000840b0       0x34 u:/installedapps/atmel/atmel toolchain/arm gcc/native/4.7.3.1029/arm-gnu-toolchain/bin/../lib/gcc/arm-none-eabi/4.7.3/../../../../arm-none-eabi/lib/armv7-m\libc.a(lib_a-memmove.o)
                0x000840b0                memmove
 .text          0x000840e4        0x4 u:/installedapps/atmel/atmel toolchain/arm gcc/native/4.7.3.1029/arm-gnu-toolchain/bin/../lib/gcc/arm-none-eabi/4.7.3/../../../../arm-none-eabi/lib/armv7-m\libc.a(lib_a-mlock.o)
                0x000840e4                __malloc_lock
                0x000840e6                __malloc_unlock
 .text          0x000840e8      0x2dc u:/installedapps/atmel/atmel toolchain/arm gcc/native/4.7.3.1029/arm-gnu-toolchain/bin/../lib/gcc/arm-none-eabi/4.7.3/../../../../arm-none-eabi/lib/armv7-m\libc.a(lib_a-reallocr.o)
                0x000840e8                _realloc_r
 .text          0x000843c4       0x20 u:/installedapps/atmel/atmel toolchain/arm gcc/native/4.7.3.1029/arm-gnu-toolchain/bin/../lib/gcc/arm-none-eabi/4.7.3/../../../../arm-none-eabi/lib/armv7-m\libc.a(lib_a-sbrkr.o)
                0x000843c4                _sbrk_r
 .text          0x000843e4       0x8e u:/installedapps/atmel/atmel toolchain/arm gcc/native/4.7.3.1029/arm-gnu-toolchain/bin/../lib/gcc/arm-none-eabi/4.7.3/../../../../arm-none-eabi/lib/armv7-m\libc.a(lib_a-stdio.o)
                0x000843e4                __sread
                0x00084406                __seofread
                0x0008440a                __swrite
                0x00084446                __sseek
                0x0008446a                __sclose
 .text          0x00084472       0x16 u:/installedapps/atmel/atmel toolchain/arm gcc/native/4.7.3.1029/arm-gnu-toolchain/bin/../lib/gcc/arm-none-eabi/4.7.3/../../../../arm-none-eabi/lib/armv7-m\libc.a(lib_a-strcmp.o)
                0x00084472                strcmp
 .text          0x00084488       0xb4 u:/installedapps/atmel/atmel toolchain/arm gcc/native/4.7.3.1029/arm-gnu-toolchain/bin/../lib/gcc/arm-none-eabi/4.7.3/../../../../arm-none-eabi/lib/armv7-m\libc.a(lib_a-wbuf.o)
                0x00084488                __swbuf_r
                0x0008452a                __swbuf
 .text          0x0008453c       0x68 u:/installedapps/atmel/atmel toolchain/arm gcc/native/4.7.3.1029/arm-gnu-toolchain/bin/../lib/gcc/arm-none-eabi/4.7.3/../../../../arm-none-eabi/lib/armv7-m\libc.a(lib_a-wcrtomb.o)
                0x0008453c                _wcrtomb_r
                0x00084588                wcrtomb
 .text          0x000845a4       0x44 u:/installedapps/atmel/atmel toolchain/arm gcc/native/4.7.3.1029/arm-gnu-toolchain/bin/../lib/gcc/arm-none-eabi/4.7.3/../../../../arm-none-eabi/lib/armv7-m\libc.a(lib_a-wctomb_r.o)
                0x000845a4                __ascii_wctomb
                0x000845be                _wctomb_r
 .text          0x000845e8       0x24 u:/installedapps/atmel/atmel toolchain/arm gcc/native/4.7.3.1029/arm-gnu-toolchain/bin/../lib/gcc/arm-none-eabi/4.7.3/../../../../arm-none-eabi/lib/armv7-m\libc.a(lib_a-writer.o)
                0x000845e8                _write_r
 .text          0x0008460c       0x20 u:/installedapps/atmel/atmel toolchain/arm gcc/native/4.7.3.1029/arm-gnu-toolchain/bin/../lib/gcc/arm-none-eabi/4.7.3/../../../../arm-none-eabi/lib/armv7-m\libc.a(lib_a-closer.o)
                0x0008460c                _close_r
 .text          0x0008462c       0x94 u:/installedapps/atmel/atmel toolchain/arm gcc/native/4.7.3.1029/arm-gnu-toolchain/bin/../lib/gcc/arm-none-eabi/4.7.3/../../../../arm-none-eabi/lib/armv7-m\libc.a(lib_a-fclose.o)
                0x0008462c                _fclose_r
                0x000846b0                fclose
 .text          0x000846c0       0x24 u:/installedapps/atmel/atmel toolchain/arm gcc/native/4.7.3.1029/arm-gnu-toolchain/bin/../lib/gcc/arm-none-eabi/4.7.3/../../../../arm-none-eabi/lib/armv7-m\libc.a(lib_a-fstatr.o)
                0x000846c0                _fstat_r
 .text          0x000846e4       0x20 u:/installedapps/atmel/atmel toolchain/arm gcc/native/4.7.3.1029/arm-gnu-toolchain/bin/../lib/gcc/arm-none-eabi/4.7.3/../../../../arm-none-eabi/lib/armv7-m\libc.a(lib_a-isattyr.o)
                0x000846e4                _isatty_r
 .text          0x00084704       0x24 u:/installedapps/atmel/atmel toolchain/arm gcc/native/4.7.3.1029/arm-gnu-toolchain/bin/../lib/gcc/arm-none-eabi/4.7.3/../../../../arm-none-eabi/lib/armv7-m\libc.a(lib_a-lseekr.o)
                0x00084704                _lseek_r
 .text          0x00084728       0x24 u:/installedapps/atmel/atmel toolchain/arm gcc/native/4.7.3.1029/arm-gnu-toolchain/bin/../lib/gcc/arm-none-eabi/4.7.3/../../../../arm-none-eabi/lib/armv7-m\libc.a(lib_a-readr.o)
                0x00084728                _read_r
 .text          0x0008474c       0x2c u:/installedapps/atmel/atmel toolchain/arm gcc/native/4.7.3.1029/arm-gnu-toolchain/bin/../lib/gcc/arm-none-eabi/4.7.3/armv7-m\libgcc.a(_aeabi_uldivmod.o)
                0x0008474c                __aeabi_uldivmod
 .text          0x00084778       0x60 u:/installedapps/atmel/atmel toolchain/arm gcc/native/4.7.3.1029/arm-gnu-toolchain/bin/../lib/gcc/arm-none-eabi/4.7.3/armv7-m\libgcc.a(bpabi.o)
                0x00084778                __gnu_ldivmod_helper
                0x000847a8                __gnu_uldivmod_helper
 .text          0x000847d8        0x4 u:/installedapps/atmel/atmel toolchain/arm gcc/native/4.7.3.1029/arm-gnu-toolchain/bin/../lib/gcc/arm-none-eabi/4.7.3/armv7-m\libgcc.a(_dvmd_tls.o)
                0x000847d8                __aeabi_idiv0
                0x000847d8                __aeabi_ldiv0
 .text          0x000847dc      0x2bc u:/installedapps/atmel/atmel toolchain/arm gcc/native/4.7.3.1029/arm-gnu-toolchain/bin/../lib/gcc/arm-none-eabi/4.7.3/armv7-m\libgcc.a(_divdi3.o)
                0x000847dc                __divdi3
 .text          0x00084a98      0x28c u:/installedapps/atmel/atmel toolchain/arm gcc/native/4.7.3.1029/arm-gnu-toolchain/bin/../lib/gcc/arm-none-eabi/4.7.3/armv7-m\libgcc.a(_udivdi3.o)
                0x00084a98                __udivdi3
 *(.glue_7t)
 .glue_7t       0x00000000        0x0 linker stubs
 *(.glue_7)
 .glue_7        0x00000000        0x0 linker stubs
 *(.rodata .rodata* .gnu.linkonce.r.*)
 .rodata        0x00084d24       0x2c src/ASF/sam/drivers/pwm/pwm.o
 .rodata        0x00084d50        0xc src/setup_PWM.o
 .rodata.str1.4
                0x00084d5c       0x18 src/task1.o
 .rodata.str1.4
                0x00084d74       0xa8 src/main.o
 .rodata        0x00084e1c        0x4 u:/installedapps/atmel/atmel toolchain/arm gcc/native/4.7.3.1029/arm-gnu-toolchain/bin/../lib/gcc/arm-none-eabi/4.7.3/../../../../arm-none-eabi/lib/armv7-m\libc.a(lib_a-impure.o)
                0x00084e1c                _global_impure_ptr
 .rodata.str1.1
                0x00084e20        0x2 u:/installedapps/atmel/atmel toolchain/arm gcc/native/4.7.3.1029/arm-gnu-toolchain/bin/../lib/gcc/arm-none-eabi/4.7.3/../../../../arm-none-eabi/lib/armv7-m\libc.a(lib_a-impure.o)
 .rodata        0x00084e22       0x20 u:/installedapps/atmel/atmel toolchain/arm gcc/native/4.7.3.1029/arm-gnu-toolchain/bin/../lib/gcc/arm-none-eabi/4.7.3/../../../../arm-none-eabi/lib/armv7-m\libc.a(lib_a-vfiprintf.o)
 .rodata.str1.1
                0x00084e42       0x22 u:/installedapps/atmel/atmel toolchain/arm gcc/native/4.7.3.1029/arm-gnu-toolchain/bin/../lib/gcc/arm-none-eabi/4.7.3/../../../../arm-none-eabi/lib/armv7-m\libc.a(lib_a-vfiprintf.o)
 .rodata.str1.1
                0x00084e64        0x8 u:/installedapps/atmel/atmel toolchain/arm gcc/native/4.7.3.1029/arm-gnu-toolchain/bin/../lib/gcc/arm-none-eabi/4.7.3/../../../../arm-none-eabi/lib/armv7-m\libc.a(lib_a-locale.o)
                                  0xb (size before relaxing)
 *(.ARM.extab* .gnu.linkonce.armextab.*)
                0x00084e6c                . = ALIGN (0x4)
 *(.init)
 .init          0x00084e6c        0x4 u:/installedapps/atmel/atmel toolchain/arm gcc/native/4.7.3.1029/arm-gnu-toolchain/bin/../lib/gcc/arm-none-eabi/4.7.3/armv7-m/crti.o
                0x00084e6c                _init
 .init          0x00084e70        0x8 u:/installedapps/atmel/atmel toolchain/arm gcc/native/4.7.3.1029/arm-gnu-toolchain/bin/../lib/gcc/arm-none-eabi/4.7.3/armv7-m/crtn.o
                0x00084e78                . = ALIGN (0x4)
                0x00084e78                __preinit_array_start = .
 *(.preinit_array)
                0x00084e78                __preinit_array_end = .
                0x00084e78                . = ALIGN (0x4)
                0x00084e78                __init_array_start = .
 *(SORT(.init_array.*))
 .init_array.00000
                0x00084e78        0x4 u:/installedapps/atmel/atmel toolchain/arm gcc/native/4.7.3.1029/arm-gnu-toolchain/bin/../lib/gcc/arm-none-eabi/4.7.3/../../../../arm-none-eabi/lib/armv7-m\libc.a(lib_a-__call_atexit.o)
 *(.init_array)
 .init_array    0x00084e7c        0x4 u:/installedapps/atmel/atmel toolchain/arm gcc/native/4.7.3.1029/arm-gnu-toolchain/bin/../lib/gcc/arm-none-eabi/4.7.3/armv7-m/crtbegin.o
                0x00084e80                __init_array_end = .
                0x00084e80                . = ALIGN (0x4)
 *crtbegin.o(.ctors)
 *(EXCLUDE_FILE(*crtend.o) .ctors)
 *(SORT(.ctors.*))
 *crtend.o(.ctors)
                0x00084e80                . = ALIGN (0x4)
 *(.fini)
 .fini          0x00084e80        0x4 u:/installedapps/atmel/atmel toolchain/arm gcc/native/4.7.3.1029/arm-gnu-toolchain/bin/../lib/gcc/arm-none-eabi/4.7.3/armv7-m/crti.o
                0x00084e80                _fini
 .fini          0x00084e84        0x8 u:/installedapps/atmel/atmel toolchain/arm gcc/native/4.7.3.1029/arm-gnu-toolchain/bin/../lib/gcc/arm-none-eabi/4.7.3/armv7-m/crtn.o
                0x00084e8c                . = ALIGN (0x4)
                0x00084e8c                __fini_array_start = .
 *(.fini_array)
 .fini_array    0x00084e8c        0x4 u:/installedapps/atmel/atmel toolchain/arm gcc/native/4.7.3.1029/arm-gnu-toolchain/bin/../lib/gcc/arm-none-eabi/4.7.3/armv7-m/crtbegin.o
 *(SORT(.fini_array.*))
                0x00084e90                __fini_array_end = .
 *crtbegin.o(.dtors)
 *(EXCLUDE_FILE(*crtend.o) .dtors)
 *(SORT(.dtors.*))
 *crtend.o(.dtors)
                0x00084e90                . = ALIGN (0x4)
                0x00084e90                _efixed = .
                0x00084e90                PROVIDE (__exidx_start, .)

.vfp11_veneer   0x00084e90        0x0
 .vfp11_veneer  0x00000000        0x0 linker stubs

.v4_bx          0x00084e90        0x0
 .v4_bx         0x00000000        0x0 linker stubs

.iplt           0x00084e90        0x0
 .iplt          0x00000000        0x0 u:/installedapps/atmel/atmel toolchain/arm gcc/native/4.7.3.1029/arm-gnu-toolchain/bin/../lib/gcc/arm-none-eabi/4.7.3/armv7-m/crtbegin.o

.ARM.exidx      0x00084e90        0x8
 *(.ARM.exidx* .gnu.linkonce.armexidx.*)
 .ARM.exidx     0x00084e90        0x8 u:/installedapps/atmel/atmel toolchain/arm gcc/native/4.7.3.1029/arm-gnu-toolchain/bin/../lib/gcc/arm-none-eabi/4.7.3/armv7-m\libgcc.a(_divdi3.o)
 .ARM.exidx     0x00084e98        0x0 u:/installedapps/atmel/atmel toolchain/arm gcc/native/4.7.3.1029/arm-gnu-toolchain/bin/../lib/gcc/arm-none-eabi/4.7.3/armv7-m\libgcc.a(_udivdi3.o)
                                  0x8 (size before relaxing)
                0x00084e98                PROVIDE (__exidx_end, .)

.eh_frame       0x00084e98        0x0
 .eh_frame      0x00084e98        0x0 u:/installedapps/atmel/atmel toolchain/arm gcc/native/4.7.3.1029/arm-gnu-toolchain/bin/../lib/gcc/arm-none-eabi/4.7.3/armv7-m/crtbegin.o

.rel.dyn        0x00084e98        0x0
 .rel.iplt      0x00000000        0x0 u:/installedapps/atmel/atmel toolchain/arm gcc/native/4.7.3.1029/arm-gnu-toolchain/bin/../lib/gcc/arm-none-eabi/4.7.3/armv7-m/crtbegin.o

.jcr            0x00084e98        0x0
 .jcr           0x00084e98        0x0 u:/installedapps/atmel/atmel toolchain/arm gcc/native/4.7.3.1029/arm-gnu-toolchain/bin/../lib/gcc/arm-none-eabi/4.7.3/armv7-m/crtbegin.o

.tm_clone_table
                0x00084e98        0x0
 .tm_clone_table
                0x00084e98        0x0 u:/installedapps/atmel/atmel toolchain/arm gcc/native/4.7.3.1029/arm-gnu-toolchain/bin/../lib/gcc/arm-none-eabi/4.7.3/armv7-m/crtbegin.o
 .tm_clone_table
                0x00084e98        0x0 u:/installedapps/atmel/atmel toolchain/arm gcc/native/4.7.3.1029/arm-gnu-toolchain/bin/../lib/gcc/arm-none-eabi/4.7.3/armv7-m/crtend.o

.igot.plt       0x00084e98        0x0
 .igot.plt      0x00000000        0x0 u:/installedapps/atmel/atmel toolchain/arm gcc/native/4.7.3.1029/arm-gnu-toolchain/bin/../lib/gcc/arm-none-eabi/4.7.3/armv7-m/crtbegin.o
                0x00084e98                . = ALIGN (0x4)
                0x00084e98                _etext = .

.relocate       0x20070000      0x8d0 load address 0x00084e98
                0x20070000                . = ALIGN (0x4)
                0x20070000                _srelocate = .
 *(.ramfunc .ramfunc.*)
 *(.data .data.*)
 .data.uxCriticalNesting
                0x20070000        0x4 src/ASF/thirdparty/freertos/freertos-7.3.0/source/portable/gcc/arm_cm3/port.o
 .data.xFreeBytesRemaining
                0x20070004        0x4 src/ASF/thirdparty/freertos/freertos-7.3.0/source/portable/memmang/heap_4.o
 .data.xNextTaskUnblockTime
                0x20070008        0x2 src/ASF/thirdparty/freertos/freertos-7.3.0/source/tasks.o
 *fill*         0x2007000a        0x2 00
 .data.SystemCoreClock
                0x2007000c        0x4 src/ASF/sam/utils/cmsis/sam3x/source/templates/system_sam3x.o
                0x2007000c                SystemCoreClock
 .data          0x20070010      0x430 u:/installedapps/atmel/atmel toolchain/arm gcc/native/4.7.3.1029/arm-gnu-toolchain/bin/../lib/gcc/arm-none-eabi/4.7.3/../../../../arm-none-eabi/lib/armv7-m\libc.a(lib_a-impure.o)
                0x20070010                _impure_ptr
 .data          0x20070440       0x7c u:/installedapps/atmel/atmel toolchain/arm gcc/native/4.7.3.1029/arm-gnu-toolchain/bin/../lib/gcc/arm-none-eabi/4.7.3/../../../../arm-none-eabi/lib/armv7-m\libc.a(lib_a-locale.o)
                0x20070460                __mb_cur_max
 .data          0x200704bc      0x410 u:/installedapps/atmel/atmel toolchain/arm gcc/native/4.7.3.1029/arm-gnu-toolchain/bin/../lib/gcc/arm-none-eabi/4.7.3/../../../../arm-none-eabi/lib/armv7-m\libc.a(lib_a-mallocr.o)
                0x200704bc                __malloc_av_
                0x200708c4                __malloc_sbrk_base
                0x200708c8                __malloc_trim_threshold
 .data          0x200708cc        0x4 u:/installedapps/atmel/atmel toolchain/arm gcc/native/4.7.3.1029/arm-gnu-toolchain/bin/../lib/gcc/arm-none-eabi/4.7.3/../../../../arm-none-eabi/lib/armv7-m\libc.a(lib_a-wctomb_r.o)
                0x200708cc                __wctomb
                0x200708d0                . = ALIGN (0x4)
                0x200708d0                _erelocate = .

.bss            0x200708d0     0x8248 load address 0x00085768
                0x200708d0                . = ALIGN (0x4)
                0x200708d0                _sbss = .
                0x200708d0                _szero = .
 *(.bss .bss.*)
 .bss           0x200708d0       0x1c u:/installedapps/atmel/atmel toolchain/arm gcc/native/4.7.3.1029/arm-gnu-toolchain/bin/../lib/gcc/arm-none-eabi/4.7.3/armv7-m/crtbegin.o
 *fill*         0x200708ec        0x4 00
 .bss.xHeap     0x200708f0     0x8000 src/ASF/thirdparty/freertos/freertos-7.3.0/source/portable/memmang/heap_4.o
 .bss.pxEnd     0x200788f0        0x4 src/ASF/thirdparty/freertos/freertos-7.3.0/source/portable/memmang/heap_4.o
 .bss.xStart    0x200788f4        0x8 src/ASF/thirdparty/freertos/freertos-7.3.0/source/portable/memmang/heap_4.o
 .bss.uxMissedTicks
                0x200788fc        0x4 src/ASF/thirdparty/freertos/freertos-7.3.0/source/tasks.o
 .bss.xSuspendedTaskList
                0x20078900       0x14 src/ASF/thirdparty/freertos/freertos-7.3.0/source/tasks.o
 .bss.pxDelayedTaskList
                0x20078914        0x4 src/ASF/thirdparty/freertos/freertos-7.3.0/source/tasks.o
 .bss.xSchedulerRunning
                0x20078918        0x4 src/ASF/thirdparty/freertos/freertos-7.3.0/source/tasks.o
 .bss.xTasksWaitingTermination
                0x2007891c       0x14 src/ASF/thirdparty/freertos/freertos-7.3.0/source/tasks.o
 .bss.xDelayedTaskList2
                0x20078930       0x14 src/ASF/thirdparty/freertos/freertos-7.3.0/source/tasks.o
 .bss.uxTopReadyPriority
                0x20078944        0x4 src/ASF/thirdparty/freertos/freertos-7.3.0/source/tasks.o
 .bss.pxReadyTasksLists
                0x20078948       0xc8 src/ASF/thirdparty/freertos/freertos-7.3.0/source/tasks.o
 .bss.uxSchedulerSuspended
                0x20078a10        0x4 src/ASF/thirdparty/freertos/freertos-7.3.0/source/tasks.o
 .bss.pxCurrentTCB
                0x20078a14        0x4 src/ASF/thirdparty/freertos/freertos-7.3.0/source/tasks.o
                0x20078a14                pxCurrentTCB
 .bss.xPendingReadyList
                0x20078a18       0x14 src/ASF/thirdparty/freertos/freertos-7.3.0/source/tasks.o
 .bss.xNumOfOverflows
                0x20078a2c        0x4 src/ASF/thirdparty/freertos/freertos-7.3.0/source/tasks.o
 .bss.xTickCount
                0x20078a30        0x2 src/ASF/thirdparty/freertos/freertos-7.3.0/source/tasks.o
 *fill*         0x20078a32        0x2 00
 .bss.pxOverflowDelayedTaskList
                0x20078a34        0x4 src/ASF/thirdparty/freertos/freertos-7.3.0/source/tasks.o
 .bss.uxTaskNumber
                0x20078a38        0x4 src/ASF/thirdparty/freertos/freertos-7.3.0/source/tasks.o
 .bss.xDelayedTaskList1
                0x20078a3c       0x14 src/ASF/thirdparty/freertos/freertos-7.3.0/source/tasks.o
 .bss.xMissedYield
                0x20078a50        0x4 src/ASF/thirdparty/freertos/freertos-7.3.0/source/tasks.o
 .bss.uxCurrentNumberOfTasks
                0x20078a54        0x4 src/ASF/thirdparty/freertos/freertos-7.3.0/source/tasks.o
 .bss.uxTopUsedPriority
                0x20078a58        0x4 src/ASF/thirdparty/freertos/freertos-7.3.0/source/tasks.o
 .bss.semafor_signal
                0x20078a5c        0x4 src/main.o
                0x20078a5c                semafor_signal
 .bss.gs_interrupt_sources
                0x20078a60       0x70 src/ASF/sam/drivers/pio/pio_handler.o
 .bss.heap.5084
                0x20078ad0        0x4 src/ASF/sam/utils/syscalls/gcc/syscalls.o
 .bss           0x20078ad4       0x34 u:/installedapps/atmel/atmel toolchain/arm gcc/native/4.7.3.1029/arm-gnu-toolchain/bin/../lib/gcc/arm-none-eabi/4.7.3/../../../../arm-none-eabi/lib/armv7-m\libc.a(lib_a-mallocr.o)
                0x20078ad4                __malloc_top_pad
                0x20078ad8                __malloc_current_mallinfo
                0x20078b00                __malloc_max_sbrked_mem
                0x20078b04                __malloc_max_total_mem
 *(COMMON)
 COMMON         0x20078b08        0x4 src/ASF/common/utils/stdio/read.o
                0x20078b08                ptr_get
 COMMON         0x20078b0c        0x8 src/ASF/common/utils/stdio/write.o
                0x20078b0c                ptr_put
                0x20078b10                stdio_base
 COMMON         0x20078b14        0x4 u:/installedapps/atmel/atmel toolchain/arm gcc/native/4.7.3.1029/arm-gnu-toolchain/bin/../lib/gcc/arm-none-eabi/4.7.3/../../../../arm-none-eabi/lib/armv7-m\libc.a(lib_a-reent.o)
                0x20078b14                errno
                0x20078b18                . = ALIGN (0x4)
                0x20078b18                _ebss = .
                0x20078b18                _ezero = .

.stack          0x20078b18     0x2000 load address 0x0008d9b0
                0x20078b18                . = ALIGN (0x8)
                0x20078b18                _sstack = .
                0x2007ab18                . = (. + __stack_size__)
 *fill*         0x20078b18     0x2000 00
                0x2007ab18                . = ALIGN (0x8)
                0x2007ab18                _estack = .
                0x2007ab18                . = ALIGN (0x4)
                0x2007ab18                _end = .
OUTPUT(hover_sprint_1.elf elf32-littlearm)

.ARM.attributes
                0x00000000       0x29
 .ARM.attributes
                0x00000000       0x1d u:/installedapps/atmel/atmel toolchain/arm gcc/native/4.7.3.1029/arm-gnu-toolchain/bin/../lib/gcc/arm-none-eabi/4.7.3/armv7-m/crti.o
 .ARM.attributes
                0x0000001d       0x2d u:/installedapps/atmel/atmel toolchain/arm gcc/native/4.7.3.1029/arm-gnu-toolchain/bin/../lib/gcc/arm-none-eabi/4.7.3/armv7-m/crtbegin.o
 .ARM.attributes
                0x0000004a       0x33 src/ASF/sam/drivers/pwm/pwm.o
 .ARM.attributes
                0x0000007d       0x33 src/ASF/thirdparty/freertos/freertos-7.3.0/source/list.o
 .ARM.attributes
                0x000000b0       0x33 src/ASF/thirdparty/freertos/freertos-7.3.0/source/portable/gcc/arm_cm3/port.o
 .ARM.attributes
                0x000000e3       0x33 src/ASF/thirdparty/freertos/freertos-7.3.0/source/portable/memmang/heap_4.o
 .ARM.attributes
                0x00000116       0x33 src/ASF/thirdparty/freertos/freertos-7.3.0/source/queue.o
 .ARM.attributes
                0x00000149       0x33 src/ASF/thirdparty/freertos/freertos-7.3.0/source/tasks.o
 .ARM.attributes
                0x0000017c       0x33 src/setup_PWM.o
 .ARM.attributes
                0x000001af       0x33 src/task1.o
 .ARM.attributes
                0x000001e2       0x33 src/ASF/common/utils/stdio/read.o
 .ARM.attributes
                0x00000215       0x33 src/ASF/common/utils/stdio/write.o
 .ARM.attributes
                0x00000248       0x33 src/ASF/sam/drivers/uart/uart.o
 .ARM.attributes
                0x0000027b       0x33 src/ASF/sam/drivers/usart/usart.o
 .ARM.attributes
                0x000002ae       0x33 src/main.o
 .ARM.attributes
                0x000002e1       0x33 src/ASF/common/services/clock/sam3x/sysclk.o
 .ARM.attributes
                0x00000314       0x33 src/ASF/sam/boards/arduino_due_x/init.o
 .ARM.attributes
                0x00000347       0x33 src/ASF/sam/drivers/pio/pio.o
 .ARM.attributes
                0x0000037a       0x33 src/ASF/sam/drivers/pio/pio_handler.o
 .ARM.attributes
                0x000003ad       0x33 src/ASF/sam/drivers/pmc/pmc.o
 .ARM.attributes
                0x000003e0       0x33 src/ASF/sam/utils/cmsis/sam3x/source/templates/exceptions.o
 .ARM.attributes
                0x00000413       0x33 src/ASF/sam/utils/cmsis/sam3x/source/templates/gcc/startup_sam3x.o
 .ARM.attributes
                0x00000446       0x33 src/ASF/sam/utils/cmsis/sam3x/source/templates/system_sam3x.o
 .ARM.attributes
                0x00000479       0x33 src/ASF/sam/utils/syscalls/gcc/syscalls.o
 .ARM.attributes
                0x000004ac       0x2d u:/installedapps/atmel/atmel toolchain/arm gcc/native/4.7.3.1029/arm-gnu-toolchain/bin/../lib/gcc/arm-none-eabi/4.7.3/../../../../arm-none-eabi/lib/armv7-m\libc.a(lib_a-__atexit.o)
 .ARM.attributes
                0x000004d9       0x2d u:/installedapps/atmel/atmel toolchain/arm gcc/native/4.7.3.1029/arm-gnu-toolchain/bin/../lib/gcc/arm-none-eabi/4.7.3/../../../../arm-none-eabi/lib/armv7-m\libc.a(lib_a-fini.o)
 .ARM.attributes
                0x00000506       0x2d u:/installedapps/atmel/atmel toolchain/arm gcc/native/4.7.3.1029/arm-gnu-toolchain/bin/../lib/gcc/arm-none-eabi/4.7.3/../../../../arm-none-eabi/lib/armv7-m\libc.a(lib_a-impure.o)
 .ARM.attributes
                0x00000533       0x2d u:/installedapps/atmel/atmel toolchain/arm gcc/native/4.7.3.1029/arm-gnu-toolchain/bin/../lib/gcc/arm-none-eabi/4.7.3/../../../../arm-none-eabi/lib/armv7-m\libc.a(lib_a-init.o)
 .ARM.attributes
                0x00000560       0x2d u:/installedapps/atmel/atmel toolchain/arm gcc/native/4.7.3.1029/arm-gnu-toolchain/bin/../lib/gcc/arm-none-eabi/4.7.3/../../../../arm-none-eabi/lib/armv7-m\libc.a(lib_a-iprintf.o)
 .ARM.attributes
                0x0000058d       0x2d u:/installedapps/atmel/atmel toolchain/arm gcc/native/4.7.3.1029/arm-gnu-toolchain/bin/../lib/gcc/arm-none-eabi/4.7.3/../../../../arm-none-eabi/lib/armv7-m\libc.a(lib_a-memcpy.o)
 .ARM.attributes
                0x000005ba       0x2d u:/installedapps/atmel/atmel toolchain/arm gcc/native/4.7.3.1029/arm-gnu-toolchain/bin/../lib/gcc/arm-none-eabi/4.7.3/../../../../arm-none-eabi/lib/armv7-m\libc.a(lib_a-memset.o)
 .ARM.attributes
                0x000005e7       0x2d u:/installedapps/atmel/atmel toolchain/arm gcc/native/4.7.3.1029/arm-gnu-toolchain/bin/../lib/gcc/arm-none-eabi/4.7.3/../../../../arm-none-eabi/lib/armv7-m\libc.a(lib_a-setbuf.o)
 .ARM.attributes
                0x00000614       0x2d u:/installedapps/atmel/atmel toolchain/arm gcc/native/4.7.3.1029/arm-gnu-toolchain/bin/../lib/gcc/arm-none-eabi/4.7.3/../../../../arm-none-eabi/lib/armv7-m\libc.a(lib_a-setvbuf.o)
 .ARM.attributes
                0x00000641       0x2d u:/installedapps/atmel/atmel toolchain/arm gcc/native/4.7.3.1029/arm-gnu-toolchain/bin/../lib/gcc/arm-none-eabi/4.7.3/../../../../arm-none-eabi/lib/armv7-m\libc.a(lib_a-strlen.o)
 .ARM.attributes
                0x0000066e       0x2d u:/installedapps/atmel/atmel toolchain/arm gcc/native/4.7.3.1029/arm-gnu-toolchain/bin/../lib/gcc/arm-none-eabi/4.7.3/../../../../arm-none-eabi/lib/armv7-m\libc.a(lib_a-strncpy.o)
 .ARM.attributes
                0x0000069b       0x2d u:/installedapps/atmel/atmel toolchain/arm gcc/native/4.7.3.1029/arm-gnu-toolchain/bin/../lib/gcc/arm-none-eabi/4.7.3/../../../../arm-none-eabi/lib/armv7-m\libc.a(lib_a-vfiprintf.o)
 .ARM.attributes
                0x000006c8       0x2d u:/installedapps/atmel/atmel toolchain/arm gcc/native/4.7.3.1029/arm-gnu-toolchain/bin/../lib/gcc/arm-none-eabi/4.7.3/../../../../arm-none-eabi/lib/armv7-m\libc.a(lib_a-wsetup.o)
 .ARM.attributes
                0x000006f5       0x2d u:/installedapps/atmel/atmel toolchain/arm gcc/native/4.7.3.1029/arm-gnu-toolchain/bin/../lib/gcc/arm-none-eabi/4.7.3/../../../../arm-none-eabi/lib/armv7-m\libc.a(lib_a-__call_atexit.o)
 .ARM.attributes
                0x00000722       0x2d u:/installedapps/atmel/atmel toolchain/arm gcc/native/4.7.3.1029/arm-gnu-toolchain/bin/../lib/gcc/arm-none-eabi/4.7.3/../../../../arm-none-eabi/lib/armv7-m\libc.a(lib_a-atexit.o)
 .ARM.attributes
                0x0000074f       0x2d u:/installedapps/atmel/atmel toolchain/arm gcc/native/4.7.3.1029/arm-gnu-toolchain/bin/../lib/gcc/arm-none-eabi/4.7.3/../../../../arm-none-eabi/lib/armv7-m\libc.a(lib_a-fflush.o)
 .ARM.attributes
                0x0000077c       0x2d u:/installedapps/atmel/atmel toolchain/arm gcc/native/4.7.3.1029/arm-gnu-toolchain/bin/../lib/gcc/arm-none-eabi/4.7.3/../../../../arm-none-eabi/lib/armv7-m\libc.a(lib_a-findfp.o)
 .ARM.attributes
                0x000007a9       0x2d u:/installedapps/atmel/atmel toolchain/arm gcc/native/4.7.3.1029/arm-gnu-toolchain/bin/../lib/gcc/arm-none-eabi/4.7.3/../../../../arm-none-eabi/lib/armv7-m\libc.a(lib_a-fputwc.o)
 .ARM.attributes
                0x000007d6       0x2d u:/installedapps/atmel/atmel toolchain/arm gcc/native/4.7.3.1029/arm-gnu-toolchain/bin/../lib/gcc/arm-none-eabi/4.7.3/../../../../arm-none-eabi/lib/armv7-m\libc.a(lib_a-freer.o)
 .ARM.attributes
                0x00000803       0x2d u:/installedapps/atmel/atmel toolchain/arm gcc/native/4.7.3.1029/arm-gnu-toolchain/bin/../lib/gcc/arm-none-eabi/4.7.3/../../../../arm-none-eabi/lib/armv7-m\libc.a(lib_a-fvwrite.o)
 .ARM.attributes
                0x00000830       0x2d u:/installedapps/atmel/atmel toolchain/arm gcc/native/4.7.3.1029/arm-gnu-toolchain/bin/../lib/gcc/arm-none-eabi/4.7.3/../../../../arm-none-eabi/lib/armv7-m\libc.a(lib_a-fwalk.o)
 .ARM.attributes
                0x0000085d       0x2d u:/installedapps/atmel/atmel toolchain/arm gcc/native/4.7.3.1029/arm-gnu-toolchain/bin/../lib/gcc/arm-none-eabi/4.7.3/../../../../arm-none-eabi/lib/armv7-m\libc.a(lib_a-locale.o)
 .ARM.attributes
                0x0000088a       0x2d u:/installedapps/atmel/atmel toolchain/arm gcc/native/4.7.3.1029/arm-gnu-toolchain/bin/../lib/gcc/arm-none-eabi/4.7.3/../../../../arm-none-eabi/lib/armv7-m\libc.a(lib_a-makebuf.o)
 .ARM.attributes
                0x000008b7       0x2d u:/installedapps/atmel/atmel toolchain/arm gcc/native/4.7.3.1029/arm-gnu-toolchain/bin/../lib/gcc/arm-none-eabi/4.7.3/../../../../arm-none-eabi/lib/armv7-m\libc.a(lib_a-malloc.o)
 .ARM.attributes
                0x000008e4       0x2d u:/installedapps/atmel/atmel toolchain/arm gcc/native/4.7.3.1029/arm-gnu-toolchain/bin/../lib/gcc/arm-none-eabi/4.7.3/../../../../arm-none-eabi/lib/armv7-m\libc.a(lib_a-mallocr.o)
 .ARM.attributes
                0x00000911       0x2d u:/installedapps/atmel/atmel toolchain/arm gcc/native/4.7.3.1029/arm-gnu-toolchain/bin/../lib/gcc/arm-none-eabi/4.7.3/../../../../arm-none-eabi/lib/armv7-m\libc.a(lib_a-memchr.o)
 .ARM.attributes
                0x0000093e       0x2d u:/installedapps/atmel/atmel toolchain/arm gcc/native/4.7.3.1029/arm-gnu-toolchain/bin/../lib/gcc/arm-none-eabi/4.7.3/../../../../arm-none-eabi/lib/armv7-m\libc.a(lib_a-memmove.o)
 .ARM.attributes
                0x0000096b       0x2d u:/installedapps/atmel/atmel toolchain/arm gcc/native/4.7.3.1029/arm-gnu-toolchain/bin/../lib/gcc/arm-none-eabi/4.7.3/../../../../arm-none-eabi/lib/armv7-m\libc.a(lib_a-mlock.o)
 .ARM.attributes
                0x00000998       0x2d u:/installedapps/atmel/atmel toolchain/arm gcc/native/4.7.3.1029/arm-gnu-toolchain/bin/../lib/gcc/arm-none-eabi/4.7.3/../../../../arm-none-eabi/lib/armv7-m\libc.a(lib_a-reallocr.o)
 .ARM.attributes
                0x000009c5       0x2d u:/installedapps/atmel/atmel toolchain/arm gcc/native/4.7.3.1029/arm-gnu-toolchain/bin/../lib/gcc/arm-none-eabi/4.7.3/../../../../arm-none-eabi/lib/armv7-m\libc.a(lib_a-sbrkr.o)
 .ARM.attributes
                0x000009f2       0x2d u:/installedapps/atmel/atmel toolchain/arm gcc/native/4.7.3.1029/arm-gnu-toolchain/bin/../lib/gcc/arm-none-eabi/4.7.3/../../../../arm-none-eabi/lib/armv7-m\libc.a(lib_a-stdio.o)
 .ARM.attributes
                0x00000a1f       0x2d u:/installedapps/atmel/atmel toolchain/arm gcc/native/4.7.3.1029/arm-gnu-toolchain/bin/../lib/gcc/arm-none-eabi/4.7.3/../../../../arm-none-eabi/lib/armv7-m\libc.a(lib_a-strcmp.o)
 .ARM.attributes
                0x00000a4c       0x2d u:/installedapps/atmel/atmel toolchain/arm gcc/native/4.7.3.1029/arm-gnu-toolchain/bin/../lib/gcc/arm-none-eabi/4.7.3/../../../../arm-none-eabi/lib/armv7-m\libc.a(lib_a-wbuf.o)
 .ARM.attributes
                0x00000a79       0x2d u:/installedapps/atmel/atmel toolchain/arm gcc/native/4.7.3.1029/arm-gnu-toolchain/bin/../lib/gcc/arm-none-eabi/4.7.3/../../../../arm-none-eabi/lib/armv7-m\libc.a(lib_a-wcrtomb.o)
 .ARM.attributes
                0x00000aa6       0x2d u:/installedapps/atmel/atmel toolchain/arm gcc/native/4.7.3.1029/arm-gnu-toolchain/bin/../lib/gcc/arm-none-eabi/4.7.3/../../../../arm-none-eabi/lib/armv7-m\libc.a(lib_a-wctomb_r.o)
 .ARM.attributes
                0x00000ad3       0x2d u:/installedapps/atmel/atmel toolchain/arm gcc/native/4.7.3.1029/arm-gnu-toolchain/bin/../lib/gcc/arm-none-eabi/4.7.3/../../../../arm-none-eabi/lib/armv7-m\libc.a(lib_a-writer.o)
 .ARM.attributes
                0x00000b00       0x2d u:/installedapps/atmel/atmel toolchain/arm gcc/native/4.7.3.1029/arm-gnu-toolchain/bin/../lib/gcc/arm-none-eabi/4.7.3/../../../../arm-none-eabi/lib/armv7-m\libc.a(lib_a-closer.o)
 .ARM.attributes
                0x00000b2d       0x2d u:/installedapps/atmel/atmel toolchain/arm gcc/native/4.7.3.1029/arm-gnu-toolchain/bin/../lib/gcc/arm-none-eabi/4.7.3/../../../../arm-none-eabi/lib/armv7-m\libc.a(lib_a-fclose.o)
 .ARM.attributes
                0x00000b5a       0x2d u:/installedapps/atmel/atmel toolchain/arm gcc/native/4.7.3.1029/arm-gnu-toolchain/bin/../lib/gcc/arm-none-eabi/4.7.3/../../../../arm-none-eabi/lib/armv7-m\libc.a(lib_a-fstatr.o)
 .ARM.attributes
                0x00000b87       0x2d u:/installedapps/atmel/atmel toolchain/arm gcc/native/4.7.3.1029/arm-gnu-toolchain/bin/../lib/gcc/arm-none-eabi/4.7.3/../../../../arm-none-eabi/lib/armv7-m\libc.a(lib_a-isattyr.o)
 .ARM.attributes
                0x00000bb4       0x2d u:/installedapps/atmel/atmel toolchain/arm gcc/native/4.7.3.1029/arm-gnu-toolchain/bin/../lib/gcc/arm-none-eabi/4.7.3/../../../../arm-none-eabi/lib/armv7-m\libc.a(lib_a-lseekr.o)
 .ARM.attributes
                0x00000be1       0x2d u:/installedapps/atmel/atmel toolchain/arm gcc/native/4.7.3.1029/arm-gnu-toolchain/bin/../lib/gcc/arm-none-eabi/4.7.3/../../../../arm-none-eabi/lib/armv7-m\libc.a(lib_a-readr.o)
 .ARM.attributes
                0x00000c0e       0x2d u:/installedapps/atmel/atmel toolchain/arm gcc/native/4.7.3.1029/arm-gnu-toolchain/bin/../lib/gcc/arm-none-eabi/4.7.3/../../../../arm-none-eabi/lib/armv7-m\libc.a(lib_a-reent.o)
 .ARM.attributes
                0x00000c3b       0x1d u:/installedapps/atmel/atmel toolchain/arm gcc/native/4.7.3.1029/arm-gnu-toolchain/bin/../lib/gcc/arm-none-eabi/4.7.3/armv7-m\libgcc.a(_aeabi_uldivmod.o)
 .ARM.attributes
                0x00000c58       0x2d u:/installedapps/atmel/atmel toolchain/arm gcc/native/4.7.3.1029/arm-gnu-toolchain/bin/../lib/gcc/arm-none-eabi/4.7.3/armv7-m\libgcc.a(bpabi.o)
 .ARM.attributes
                0x00000c85       0x1d u:/installedapps/atmel/atmel toolchain/arm gcc/native/4.7.3.1029/arm-gnu-toolchain/bin/../lib/gcc/arm-none-eabi/4.7.3/armv7-m\libgcc.a(_dvmd_tls.o)
 .ARM.attributes
                0x00000ca2       0x2d u:/installedapps/atmel/atmel toolchain/arm gcc/native/4.7.3.1029/arm-gnu-toolchain/bin/../lib/gcc/arm-none-eabi/4.7.3/armv7-m\libgcc.a(_divdi3.o)
 .ARM.attributes
                0x00000ccf       0x2d u:/installedapps/atmel/atmel toolchain/arm gcc/native/4.7.3.1029/arm-gnu-toolchain/bin/../lib/gcc/arm-none-eabi/4.7.3/armv7-m\libgcc.a(_udivdi3.o)
 .ARM.attributes
                0x00000cfc       0x2d u:/installedapps/atmel/atmel toolchain/arm gcc/native/4.7.3.1029/arm-gnu-toolchain/bin/../lib/gcc/arm-none-eabi/4.7.3/armv7-m/crtend.o
 .ARM.attributes
                0x00000d29       0x1d u:/installedapps/atmel/atmel toolchain/arm gcc/native/4.7.3.1029/arm-gnu-toolchain/bin/../lib/gcc/arm-none-eabi/4.7.3/armv7-m/crtn.o

.comment        0x00000000       0x71
 .comment       0x00000000       0x71 u:/installedapps/atmel/atmel toolchain/arm gcc/native/4.7.3.1029/arm-gnu-toolchain/bin/../lib/gcc/arm-none-eabi/4.7.3/armv7-m/crtbegin.o
                                 0x72 (size before relaxing)
 .comment       0x00000000       0x72 src/ASF/sam/drivers/pwm/pwm.o
 .comment       0x00000000       0x72 src/ASF/thirdparty/freertos/freertos-7.3.0/source/list.o
 .comment       0x00000000       0x72 src/ASF/thirdparty/freertos/freertos-7.3.0/source/portable/gcc/arm_cm3/port.o
 .comment       0x00000000       0x72 src/ASF/thirdparty/freertos/freertos-7.3.0/source/portable/memmang/heap_4.o
 .comment       0x00000000       0x72 src/ASF/thirdparty/freertos/freertos-7.3.0/source/queue.o
 .comment       0x00000000       0x72 src/ASF/thirdparty/freertos/freertos-7.3.0/source/tasks.o
 .comment       0x00000000       0x72 src/setup_PWM.o
 .comment       0x00000000       0x72 src/task1.o
 .comment       0x00000000       0x72 src/ASF/common/utils/stdio/read.o
 .comment       0x00000000       0x72 src/ASF/common/utils/stdio/write.o
 .comment       0x00000000       0x72 src/ASF/sam/drivers/uart/uart.o
 .comment       0x00000000       0x72 src/ASF/sam/drivers/usart/usart.o
 .comment       0x00000000       0x72 src/main.o
 .comment       0x00000000       0x72 src/ASF/common/services/clock/sam3x/sysclk.o
 .comment       0x00000000       0x72 src/ASF/sam/boards/arduino_due_x/init.o
 .comment       0x00000000       0x72 src/ASF/sam/drivers/pio/pio.o
 .comment       0x00000000       0x72 src/ASF/sam/drivers/pio/pio_handler.o
 .comment       0x00000000       0x72 src/ASF/sam/drivers/pmc/pmc.o
 .comment       0x00000000       0x72 src/ASF/sam/utils/cmsis/sam3x/source/templates/exceptions.o
 .comment       0x00000000       0x72 src/ASF/sam/utils/cmsis/sam3x/source/templates/gcc/startup_sam3x.o
 .comment       0x00000000       0x72 src/ASF/sam/utils/cmsis/sam3x/source/templates/system_sam3x.o
 .comment       0x00000000       0x72 src/ASF/sam/utils/syscalls/gcc/syscalls.o
 .comment       0x00000000       0x72 u:/installedapps/atmel/atmel toolchain/arm gcc/native/4.7.3.1029/arm-gnu-toolchain/bin/../lib/gcc/arm-none-eabi/4.7.3/../../../../arm-none-eabi/lib/armv7-m\libc.a(lib_a-__atexit.o)
 .comment       0x00000000       0x72 u:/installedapps/atmel/atmel toolchain/arm gcc/native/4.7.3.1029/arm-gnu-toolchain/bin/../lib/gcc/arm-none-eabi/4.7.3/../../../../arm-none-eabi/lib/armv7-m\libc.a(lib_a-fini.o)
 .comment       0x00000000       0x72 u:/installedapps/atmel/atmel toolchain/arm gcc/native/4.7.3.1029/arm-gnu-toolchain/bin/../lib/gcc/arm-none-eabi/4.7.3/../../../../arm-none-eabi/lib/armv7-m\libc.a(lib_a-impure.o)
 .comment       0x00000000       0x72 u:/installedapps/atmel/atmel toolchain/arm gcc/native/4.7.3.1029/arm-gnu-toolchain/bin/../lib/gcc/arm-none-eabi/4.7.3/../../../../arm-none-eabi/lib/armv7-m\libc.a(lib_a-init.o)
 .comment       0x00000000       0x72 u:/installedapps/atmel/atmel toolchain/arm gcc/native/4.7.3.1029/arm-gnu-toolchain/bin/../lib/gcc/arm-none-eabi/4.7.3/../../../../arm-none-eabi/lib/armv7-m\libc.a(lib_a-iprintf.o)
 .comment       0x00000000       0x72 u:/installedapps/atmel/atmel toolchain/arm gcc/native/4.7.3.1029/arm-gnu-toolchain/bin/../lib/gcc/arm-none-eabi/4.7.3/../../../../arm-none-eabi/lib/armv7-m\libc.a(lib_a-memcpy.o)
 .comment       0x00000000       0x72 u:/installedapps/atmel/atmel toolchain/arm gcc/native/4.7.3.1029/arm-gnu-toolchain/bin/../lib/gcc/arm-none-eabi/4.7.3/../../../../arm-none-eabi/lib/armv7-m\libc.a(lib_a-memset.o)
 .comment       0x00000000       0x72 u:/installedapps/atmel/atmel toolchain/arm gcc/native/4.7.3.1029/arm-gnu-toolchain/bin/../lib/gcc/arm-none-eabi/4.7.3/../../../../arm-none-eabi/lib/armv7-m\libc.a(lib_a-setbuf.o)
 .comment       0x00000000       0x72 u:/installedapps/atmel/atmel toolchain/arm gcc/native/4.7.3.1029/arm-gnu-toolchain/bin/../lib/gcc/arm-none-eabi/4.7.3/../../../../arm-none-eabi/lib/armv7-m\libc.a(lib_a-setvbuf.o)
 .comment       0x00000000       0x72 u:/installedapps/atmel/atmel toolchain/arm gcc/native/4.7.3.1029/arm-gnu-toolchain/bin/../lib/gcc/arm-none-eabi/4.7.3/../../../../arm-none-eabi/lib/armv7-m\libc.a(lib_a-strlen.o)
 .comment       0x00000000       0x72 u:/installedapps/atmel/atmel toolchain/arm gcc/native/4.7.3.1029/arm-gnu-toolchain/bin/../lib/gcc/arm-none-eabi/4.7.3/../../../../arm-none-eabi/lib/armv7-m\libc.a(lib_a-strncpy.o)
 .comment       0x00000000       0x72 u:/installedapps/atmel/atmel toolchain/arm gcc/native/4.7.3.1029/arm-gnu-toolchain/bin/../lib/gcc/arm-none-eabi/4.7.3/../../../../arm-none-eabi/lib/armv7-m\libc.a(lib_a-vfiprintf.o)
 .comment       0x00000000       0x72 u:/installedapps/atmel/atmel toolchain/arm gcc/native/4.7.3.1029/arm-gnu-toolchain/bin/../lib/gcc/arm-none-eabi/4.7.3/../../../../arm-none-eabi/lib/armv7-m\libc.a(lib_a-wsetup.o)
 .comment       0x00000000       0x72 u:/installedapps/atmel/atmel toolchain/arm gcc/native/4.7.3.1029/arm-gnu-toolchain/bin/../lib/gcc/arm-none-eabi/4.7.3/../../../../arm-none-eabi/lib/armv7-m\libc.a(lib_a-__call_atexit.o)
 .comment       0x00000000       0x72 u:/installedapps/atmel/atmel toolchain/arm gcc/native/4.7.3.1029/arm-gnu-toolchain/bin/../lib/gcc/arm-none-eabi/4.7.3/../../../../arm-none-eabi/lib/armv7-m\libc.a(lib_a-atexit.o)
 .comment       0x00000000       0x72 u:/installedapps/atmel/atmel toolchain/arm gcc/native/4.7.3.1029/arm-gnu-toolchain/bin/../lib/gcc/arm-none-eabi/4.7.3/../../../../arm-none-eabi/lib/armv7-m\libc.a(lib_a-fflush.o)
 .comment       0x00000000       0x72 u:/installedapps/atmel/atmel toolchain/arm gcc/native/4.7.3.1029/arm-gnu-toolchain/bin/../lib/gcc/arm-none-eabi/4.7.3/../../../../arm-none-eabi/lib/armv7-m\libc.a(lib_a-findfp.o)
 .comment       0x00000000       0x72 u:/installedapps/atmel/atmel toolchain/arm gcc/native/4.7.3.1029/arm-gnu-toolchain/bin/../lib/gcc/arm-none-eabi/4.7.3/../../../../arm-none-eabi/lib/armv7-m\libc.a(lib_a-fputwc.o)
 .comment       0x00000000       0x72 u:/installedapps/atmel/atmel toolchain/arm gcc/native/4.7.3.1029/arm-gnu-toolchain/bin/../lib/gcc/arm-none-eabi/4.7.3/../../../../arm-none-eabi/lib/armv7-m\libc.a(lib_a-freer.o)
 .comment       0x00000000       0x72 u:/installedapps/atmel/atmel toolchain/arm gcc/native/4.7.3.1029/arm-gnu-toolchain/bin/../lib/gcc/arm-none-eabi/4.7.3/../../../../arm-none-eabi/lib/armv7-m\libc.a(lib_a-fvwrite.o)
 .comment       0x00000000       0x72 u:/installedapps/atmel/atmel toolchain/arm gcc/native/4.7.3.1029/arm-gnu-toolchain/bin/../lib/gcc/arm-none-eabi/4.7.3/../../../../arm-none-eabi/lib/armv7-m\libc.a(lib_a-fwalk.o)
 .comment       0x00000000       0x72 u:/installedapps/atmel/atmel toolchain/arm gcc/native/4.7.3.1029/arm-gnu-toolchain/bin/../lib/gcc/arm-none-eabi/4.7.3/../../../../arm-none-eabi/lib/armv7-m\libc.a(lib_a-locale.o)
 .comment       0x00000000       0x72 u:/installedapps/atmel/atmel toolchain/arm gcc/native/4.7.3.1029/arm-gnu-toolchain/bin/../lib/gcc/arm-none-eabi/4.7.3/../../../../arm-none-eabi/lib/armv7-m\libc.a(lib_a-makebuf.o)
 .comment       0x00000000       0x72 u:/installedapps/atmel/atmel toolchain/arm gcc/native/4.7.3.1029/arm-gnu-toolchain/bin/../lib/gcc/arm-none-eabi/4.7.3/../../../../arm-none-eabi/lib/armv7-m\libc.a(lib_a-malloc.o)
 .comment       0x00000000       0x72 u:/installedapps/atmel/atmel toolchain/arm gcc/native/4.7.3.1029/arm-gnu-toolchain/bin/../lib/gcc/arm-none-eabi/4.7.3/../../../../arm-none-eabi/lib/armv7-m\libc.a(lib_a-mallocr.o)
 .comment       0x00000000       0x72 u:/installedapps/atmel/atmel toolchain/arm gcc/native/4.7.3.1029/arm-gnu-toolchain/bin/../lib/gcc/arm-none-eabi/4.7.3/../../../../arm-none-eabi/lib/armv7-m\libc.a(lib_a-memchr.o)
 .comment       0x00000000       0x72 u:/installedapps/atmel/atmel toolchain/arm gcc/native/4.7.3.1029/arm-gnu-toolchain/bin/../lib/gcc/arm-none-eabi/4.7.3/../../../../arm-none-eabi/lib/armv7-m\libc.a(lib_a-memmove.o)
 .comment       0x00000000       0x72 u:/installedapps/atmel/atmel toolchain/arm gcc/native/4.7.3.1029/arm-gnu-toolchain/bin/../lib/gcc/arm-none-eabi/4.7.3/../../../../arm-none-eabi/lib/armv7-m\libc.a(lib_a-mlock.o)
 .comment       0x00000000       0x72 u:/installedapps/atmel/atmel toolchain/arm gcc/native/4.7.3.1029/arm-gnu-toolchain/bin/../lib/gcc/arm-none-eabi/4.7.3/../../../../arm-none-eabi/lib/armv7-m\libc.a(lib_a-reallocr.o)
 .comment       0x00000000       0x72 u:/installedapps/atmel/atmel toolchain/arm gcc/native/4.7.3.1029/arm-gnu-toolchain/bin/../lib/gcc/arm-none-eabi/4.7.3/../../../../arm-none-eabi/lib/armv7-m\libc.a(lib_a-sbrkr.o)
 .comment       0x00000000       0x72 u:/installedapps/atmel/atmel toolchain/arm gcc/native/4.7.3.1029/arm-gnu-toolchain/bin/../lib/gcc/arm-none-eabi/4.7.3/../../../../arm-none-eabi/lib/armv7-m\libc.a(lib_a-stdio.o)
 .comment       0x00000000       0x72 u:/installedapps/atmel/atmel toolchain/arm gcc/native/4.7.3.1029/arm-gnu-toolchain/bin/../lib/gcc/arm-none-eabi/4.7.3/../../../../arm-none-eabi/lib/armv7-m\libc.a(lib_a-strcmp.o)
 .comment       0x00000000       0x72 u:/installedapps/atmel/atmel toolchain/arm gcc/native/4.7.3.1029/arm-gnu-toolchain/bin/../lib/gcc/arm-none-eabi/4.7.3/../../../../arm-none-eabi/lib/armv7-m\libc.a(lib_a-wbuf.o)
 .comment       0x00000000       0x72 u:/installedapps/atmel/atmel toolchain/arm gcc/native/4.7.3.1029/arm-gnu-toolchain/bin/../lib/gcc/arm-none-eabi/4.7.3/../../../../arm-none-eabi/lib/armv7-m\libc.a(lib_a-wcrtomb.o)
 .comment       0x00000000       0x72 u:/installedapps/atmel/atmel toolchain/arm gcc/native/4.7.3.1029/arm-gnu-toolchain/bin/../lib/gcc/arm-none-eabi/4.7.3/../../../../arm-none-eabi/lib/armv7-m\libc.a(lib_a-wctomb_r.o)
 .comment       0x00000000       0x72 u:/installedapps/atmel/atmel toolchain/arm gcc/native/4.7.3.1029/arm-gnu-toolchain/bin/../lib/gcc/arm-none-eabi/4.7.3/../../../../arm-none-eabi/lib/armv7-m\libc.a(lib_a-writer.o)
 .comment       0x00000000       0x72 u:/installedapps/atmel/atmel toolchain/arm gcc/native/4.7.3.1029/arm-gnu-toolchain/bin/../lib/gcc/arm-none-eabi/4.7.3/../../../../arm-none-eabi/lib/armv7-m\libc.a(lib_a-closer.o)
 .comment       0x00000000       0x72 u:/installedapps/atmel/atmel toolchain/arm gcc/native/4.7.3.1029/arm-gnu-toolchain/bin/../lib/gcc/arm-none-eabi/4.7.3/../../../../arm-none-eabi/lib/armv7-m\libc.a(lib_a-fclose.o)
 .comment       0x00000000       0x72 u:/installedapps/atmel/atmel toolchain/arm gcc/native/4.7.3.1029/arm-gnu-toolchain/bin/../lib/gcc/arm-none-eabi/4.7.3/../../../../arm-none-eabi/lib/armv7-m\libc.a(lib_a-fstatr.o)
 .comment       0x00000000       0x72 u:/installedapps/atmel/atmel toolchain/arm gcc/native/4.7.3.1029/arm-gnu-toolchain/bin/../lib/gcc/arm-none-eabi/4.7.3/../../../../arm-none-eabi/lib/armv7-m\libc.a(lib_a-isattyr.o)
 .comment       0x00000000       0x72 u:/installedapps/atmel/atmel toolchain/arm gcc/native/4.7.3.1029/arm-gnu-toolchain/bin/../lib/gcc/arm-none-eabi/4.7.3/../../../../arm-none-eabi/lib/armv7-m\libc.a(lib_a-lseekr.o)
 .comment       0x00000000       0x72 u:/installedapps/atmel/atmel toolchain/arm gcc/native/4.7.3.1029/arm-gnu-toolchain/bin/../lib/gcc/arm-none-eabi/4.7.3/../../../../arm-none-eabi/lib/armv7-m\libc.a(lib_a-readr.o)
 .comment       0x00000000       0x72 u:/installedapps/atmel/atmel toolchain/arm gcc/native/4.7.3.1029/arm-gnu-toolchain/bin/../lib/gcc/arm-none-eabi/4.7.3/../../../../arm-none-eabi/lib/armv7-m\libc.a(lib_a-reent.o)
 .comment       0x00000000       0x72 u:/installedapps/atmel/atmel toolchain/arm gcc/native/4.7.3.1029/arm-gnu-toolchain/bin/../lib/gcc/arm-none-eabi/4.7.3/armv7-m\libgcc.a(bpabi.o)
 .comment       0x00000000       0x72 u:/installedapps/atmel/atmel toolchain/arm gcc/native/4.7.3.1029/arm-gnu-toolchain/bin/../lib/gcc/arm-none-eabi/4.7.3/armv7-m\libgcc.a(_divdi3.o)
 .comment       0x00000000       0x72 u:/installedapps/atmel/atmel toolchain/arm gcc/native/4.7.3.1029/arm-gnu-toolchain/bin/../lib/gcc/arm-none-eabi/4.7.3/armv7-m\libgcc.a(_udivdi3.o)
 .comment       0x00000000       0x72 u:/installedapps/atmel/atmel toolchain/arm gcc/native/4.7.3.1029/arm-gnu-toolchain/bin/../lib/gcc/arm-none-eabi/4.7.3/armv7-m/crtend.o

.debug_info     0x00000000    0x27f96
 .debug_info    0x00000000     0x1556 src/ASF/sam/drivers/pwm/pwm.o
 .debug_info    0x00001556      0x2b9 src/ASF/thirdparty/freertos/freertos-7.3.0/source/list.o
 .debug_info    0x0000180f      0x38c src/ASF/thirdparty/freertos/freertos-7.3.0/source/portable/gcc/arm_cm3/port.o
 .debug_info    0x00001b9b      0x38d src/ASF/thirdparty/freertos/freertos-7.3.0/source/portable/memmang/heap_4.o
 .debug_info    0x00001f28      0xeb6 src/ASF/thirdparty/freertos/freertos-7.3.0/source/queue.o
 .debug_info    0x00002dde     0x18ee src/ASF/thirdparty/freertos/freertos-7.3.0/source/tasks.o
 .debug_info    0x000046cc     0x1647 src/setup_PWM.o
 .debug_info    0x00005d13      0xf4b src/task1.o
 .debug_info    0x00006c5e      0x1d8 src/ASF/common/utils/stdio/read.o
 .debug_info    0x00006e36      0x1aa src/ASF/common/utils/stdio/write.o
 .debug_info    0x00006fe0      0x802 src/ASF/sam/drivers/uart/uart.o
 .debug_info    0x000077e2     0x1b26 src/ASF/sam/drivers/usart/usart.o
 .debug_info    0x00009308     0x13e4 src/main.o
 .debug_info    0x0000a6ec      0x74e src/ASF/common/services/clock/sam3x/sysclk.o
 .debug_info    0x0000ae3a      0x729 src/ASF/sam/boards/arduino_due_x/init.o
 .debug_info    0x0000b563     0x11ab src/ASF/sam/drivers/pio/pio.o
 .debug_info    0x0000c70e      0xdc8 src/ASF/sam/drivers/pio/pio_handler.o
 .debug_info    0x0000d4d6     0x101b src/ASF/sam/drivers/pmc/pmc.o
 .debug_info    0x0000e4f1       0xae src/ASF/sam/utils/cmsis/sam3x/source/templates/exceptions.o
 .debug_info    0x0000e59f      0x344 src/ASF/sam/utils/cmsis/sam3x/source/templates/gcc/startup_sam3x.o
 .debug_info    0x0000e8e3      0x462 src/ASF/sam/utils/cmsis/sam3x/source/templates/system_sam3x.o
 .debug_info    0x0000ed45      0x427 src/ASF/sam/utils/syscalls/gcc/syscalls.o
 .debug_info    0x0000f16c      0xa15 u:/installedapps/atmel/atmel toolchain/arm gcc/native/4.7.3.1029/arm-gnu-toolchain/bin/../lib/gcc/arm-none-eabi/4.7.3/../../../../arm-none-eabi/lib/armv7-m\libc.a(lib_a-__atexit.o)
 .debug_info    0x0000fb81       0xf7 u:/installedapps/atmel/atmel toolchain/arm gcc/native/4.7.3.1029/arm-gnu-toolchain/bin/../lib/gcc/arm-none-eabi/4.7.3/../../../../arm-none-eabi/lib/armv7-m\libc.a(lib_a-fini.o)
 .debug_info    0x0000fc78      0x961 u:/installedapps/atmel/atmel toolchain/arm gcc/native/4.7.3.1029/arm-gnu-toolchain/bin/../lib/gcc/arm-none-eabi/4.7.3/../../../../arm-none-eabi/lib/armv7-m\libc.a(lib_a-impure.o)
 .debug_info    0x000105d9      0x110 u:/installedapps/atmel/atmel toolchain/arm gcc/native/4.7.3.1029/arm-gnu-toolchain/bin/../lib/gcc/arm-none-eabi/4.7.3/../../../../arm-none-eabi/lib/armv7-m\libc.a(lib_a-init.o)
 .debug_info    0x000106e9      0xa8d u:/installedapps/atmel/atmel toolchain/arm gcc/native/4.7.3.1029/arm-gnu-toolchain/bin/../lib/gcc/arm-none-eabi/4.7.3/../../../../arm-none-eabi/lib/armv7-m\libc.a(lib_a-iprintf.o)
 .debug_info    0x00011176      0x103 u:/installedapps/atmel/atmel toolchain/arm gcc/native/4.7.3.1029/arm-gnu-toolchain/bin/../lib/gcc/arm-none-eabi/4.7.3/../../../../arm-none-eabi/lib/armv7-m\libc.a(lib_a-memcpy.o)
 .debug_info    0x00011279       0xd3 u:/installedapps/atmel/atmel toolchain/arm gcc/native/4.7.3.1029/arm-gnu-toolchain/bin/../lib/gcc/arm-none-eabi/4.7.3/../../../../arm-none-eabi/lib/armv7-m\libc.a(lib_a-memset.o)
 .debug_info    0x0001134c      0x9d7 u:/installedapps/atmel/atmel toolchain/arm gcc/native/4.7.3.1029/arm-gnu-toolchain/bin/../lib/gcc/arm-none-eabi/4.7.3/../../../../arm-none-eabi/lib/armv7-m\libc.a(lib_a-setbuf.o)
 .debug_info    0x00011d23      0xa79 u:/installedapps/atmel/atmel toolchain/arm gcc/native/4.7.3.1029/arm-gnu-toolchain/bin/../lib/gcc/arm-none-eabi/4.7.3/../../../../arm-none-eabi/lib/armv7-m\libc.a(lib_a-setvbuf.o)
 .debug_info    0x0001279c       0xcd u:/installedapps/atmel/atmel toolchain/arm gcc/native/4.7.3.1029/arm-gnu-toolchain/bin/../lib/gcc/arm-none-eabi/4.7.3/../../../../arm-none-eabi/lib/armv7-m\libc.a(lib_a-strlen.o)
 .debug_info    0x00012869       0xf6 u:/installedapps/atmel/atmel toolchain/arm gcc/native/4.7.3.1029/arm-gnu-toolchain/bin/../lib/gcc/arm-none-eabi/4.7.3/../../../../arm-none-eabi/lib/armv7-m\libc.a(lib_a-strncpy.o)
 .debug_info    0x0001295f     0x129d u:/installedapps/atmel/atmel toolchain/arm gcc/native/4.7.3.1029/arm-gnu-toolchain/bin/../lib/gcc/arm-none-eabi/4.7.3/../../../../arm-none-eabi/lib/armv7-m\libc.a(lib_a-vfiprintf.o)
 .debug_info    0x00013bfc      0xa01 u:/installedapps/atmel/atmel toolchain/arm gcc/native/4.7.3.1029/arm-gnu-toolchain/bin/../lib/gcc/arm-none-eabi/4.7.3/../../../../arm-none-eabi/lib/armv7-m\libc.a(lib_a-wsetup.o)
 .debug_info    0x000145fd      0xa7c u:/installedapps/atmel/atmel toolchain/arm gcc/native/4.7.3.1029/arm-gnu-toolchain/bin/../lib/gcc/arm-none-eabi/4.7.3/../../../../arm-none-eabi/lib/armv7-m\libc.a(lib_a-__call_atexit.o)
 .debug_info    0x00015079      0x10f u:/installedapps/atmel/atmel toolchain/arm gcc/native/4.7.3.1029/arm-gnu-toolchain/bin/../lib/gcc/arm-none-eabi/4.7.3/../../../../arm-none-eabi/lib/armv7-m\libc.a(lib_a-atexit.o)
 .debug_info    0x00015188      0xb2b u:/installedapps/atmel/atmel toolchain/arm gcc/native/4.7.3.1029/arm-gnu-toolchain/bin/../lib/gcc/arm-none-eabi/4.7.3/../../../../arm-none-eabi/lib/armv7-m\libc.a(lib_a-fflush.o)
 .debug_info    0x00015cb3      0xdbc u:/installedapps/atmel/atmel toolchain/arm gcc/native/4.7.3.1029/arm-gnu-toolchain/bin/../lib/gcc/arm-none-eabi/4.7.3/../../../../arm-none-eabi/lib/armv7-m\libc.a(lib_a-findfp.o)
 .debug_info    0x00016a6f      0xb7b u:/installedapps/atmel/atmel toolchain/arm gcc/native/4.7.3.1029/arm-gnu-toolchain/bin/../lib/gcc/arm-none-eabi/4.7.3/../../../../arm-none-eabi/lib/armv7-m\libc.a(lib_a-fputwc.o)
 .debug_info    0x000175ea      0xd0f u:/installedapps/atmel/atmel toolchain/arm gcc/native/4.7.3.1029/arm-gnu-toolchain/bin/../lib/gcc/arm-none-eabi/4.7.3/../../../../arm-none-eabi/lib/armv7-m\libc.a(lib_a-freer.o)
 .debug_info    0x000182f9      0xd8f u:/installedapps/atmel/atmel toolchain/arm gcc/native/4.7.3.1029/arm-gnu-toolchain/bin/../lib/gcc/arm-none-eabi/4.7.3/../../../../arm-none-eabi/lib/armv7-m\libc.a(lib_a-fvwrite.o)
 .debug_info    0x00019088      0xb9d u:/installedapps/atmel/atmel toolchain/arm gcc/native/4.7.3.1029/arm-gnu-toolchain/bin/../lib/gcc/arm-none-eabi/4.7.3/../../../../arm-none-eabi/lib/armv7-m\libc.a(lib_a-fwalk.o)
 .debug_info    0x00019c25      0xd0f u:/installedapps/atmel/atmel toolchain/arm gcc/native/4.7.3.1029/arm-gnu-toolchain/bin/../lib/gcc/arm-none-eabi/4.7.3/../../../../arm-none-eabi/lib/armv7-m\libc.a(lib_a-locale.o)
 .debug_info    0x0001a934      0xbea u:/installedapps/atmel/atmel toolchain/arm gcc/native/4.7.3.1029/arm-gnu-toolchain/bin/../lib/gcc/arm-none-eabi/4.7.3/../../../../arm-none-eabi/lib/armv7-m\libc.a(lib_a-makebuf.o)
 .debug_info    0x0001b51e      0x9f2 u:/installedapps/atmel/atmel toolchain/arm gcc/native/4.7.3.1029/arm-gnu-toolchain/bin/../lib/gcc/arm-none-eabi/4.7.3/../../../../arm-none-eabi/lib/armv7-m\libc.a(lib_a-malloc.o)
 .debug_info    0x0001bf10      0xe25 u:/installedapps/atmel/atmel toolchain/arm gcc/native/4.7.3.1029/arm-gnu-toolchain/bin/../lib/gcc/arm-none-eabi/4.7.3/../../../../arm-none-eabi/lib/armv7-m\libc.a(lib_a-mallocr.o)
 .debug_info    0x0001cd35       0xf9 u:/installedapps/atmel/atmel toolchain/arm gcc/native/4.7.3.1029/arm-gnu-toolchain/bin/../lib/gcc/arm-none-eabi/4.7.3/../../../../arm-none-eabi/lib/armv7-m\libc.a(lib_a-memchr.o)
 .debug_info    0x0001ce2e      0x103 u:/installedapps/atmel/atmel toolchain/arm gcc/native/4.7.3.1029/arm-gnu-toolchain/bin/../lib/gcc/arm-none-eabi/4.7.3/../../../../arm-none-eabi/lib/armv7-m\libc.a(lib_a-memmove.o)
 .debug_info    0x0001cf31      0x985 u:/installedapps/atmel/atmel toolchain/arm gcc/native/4.7.3.1029/arm-gnu-toolchain/bin/../lib/gcc/arm-none-eabi/4.7.3/../../../../arm-none-eabi/lib/armv7-m\libc.a(lib_a-mlock.o)
 .debug_info    0x0001d8b6      0xd3c u:/installedapps/atmel/atmel toolchain/arm gcc/native/4.7.3.1029/arm-gnu-toolchain/bin/../lib/gcc/arm-none-eabi/4.7.3/../../../../arm-none-eabi/lib/armv7-m\libc.a(lib_a-reallocr.o)
 .debug_info    0x0001e5f2      0x9cc u:/installedapps/atmel/atmel toolchain/arm gcc/native/4.7.3.1029/arm-gnu-toolchain/bin/../lib/gcc/arm-none-eabi/4.7.3/../../../../arm-none-eabi/lib/armv7-m\libc.a(lib_a-sbrkr.o)
 .debug_info    0x0001efbe      0xc7b u:/installedapps/atmel/atmel toolchain/arm gcc/native/4.7.3.1029/arm-gnu-toolchain/bin/../lib/gcc/arm-none-eabi/4.7.3/../../../../arm-none-eabi/lib/armv7-m\libc.a(lib_a-stdio.o)
 .debug_info    0x0001fc39       0xb5 u:/installedapps/atmel/atmel toolchain/arm gcc/native/4.7.3.1029/arm-gnu-toolchain/bin/../lib/gcc/arm-none-eabi/4.7.3/../../../../arm-none-eabi/lib/armv7-m\libc.a(lib_a-strcmp.o)
 .debug_info    0x0001fcee      0xaa2 u:/installedapps/atmel/atmel toolchain/arm gcc/native/4.7.3.1029/arm-gnu-toolchain/bin/../lib/gcc/arm-none-eabi/4.7.3/../../../../arm-none-eabi/lib/armv7-m\libc.a(lib_a-wbuf.o)
 .debug_info    0x00020790      0xaa8 u:/installedapps/atmel/atmel toolchain/arm gcc/native/4.7.3.1029/arm-gnu-toolchain/bin/../lib/gcc/arm-none-eabi/4.7.3/../../../../arm-none-eabi/lib/armv7-m\libc.a(lib_a-wcrtomb.o)
 .debug_info    0x00021238      0xa92 u:/installedapps/atmel/atmel toolchain/arm gcc/native/4.7.3.1029/arm-gnu-toolchain/bin/../lib/gcc/arm-none-eabi/4.7.3/../../../../arm-none-eabi/lib/armv7-m\libc.a(lib_a-wctomb_r.o)
 .debug_info    0x00021cca      0x9ff u:/installedapps/atmel/atmel toolchain/arm gcc/native/4.7.3.1029/arm-gnu-toolchain/bin/../lib/gcc/arm-none-eabi/4.7.3/../../../../arm-none-eabi/lib/armv7-m\libc.a(lib_a-writer.o)
 .debug_info    0x000226c9      0x9b6 u:/installedapps/atmel/atmel toolchain/arm gcc/native/4.7.3.1029/arm-gnu-toolchain/bin/../lib/gcc/arm-none-eabi/4.7.3/../../../../arm-none-eabi/lib/armv7-m\libc.a(lib_a-closer.o)
 .debug_info    0x0002307f      0xac3 u:/installedapps/atmel/atmel toolchain/arm gcc/native/4.7.3.1029/arm-gnu-toolchain/bin/../lib/gcc/arm-none-eabi/4.7.3/../../../../arm-none-eabi/lib/armv7-m\libc.a(lib_a-fclose.o)
 .debug_info    0x00023b42      0xb61 u:/installedapps/atmel/atmel toolchain/arm gcc/native/4.7.3.1029/arm-gnu-toolchain/bin/../lib/gcc/arm-none-eabi/4.7.3/../../../../arm-none-eabi/lib/armv7-m\libc.a(lib_a-fstatr.o)
 .debug_info    0x000246a3      0x9b6 u:/installedapps/atmel/atmel toolchain/arm gcc/native/4.7.3.1029/arm-gnu-toolchain/bin/../lib/gcc/arm-none-eabi/4.7.3/../../../../arm-none-eabi/lib/armv7-m\libc.a(lib_a-isattyr.o)
 .debug_info    0x00025059      0x9ed u:/installedapps/atmel/atmel toolchain/arm gcc/native/4.7.3.1029/arm-gnu-toolchain/bin/../lib/gcc/arm-none-eabi/4.7.3/../../../../arm-none-eabi/lib/armv7-m\libc.a(lib_a-lseekr.o)
 .debug_info    0x00025a46      0x9f8 u:/installedapps/atmel/atmel toolchain/arm gcc/native/4.7.3.1029/arm-gnu-toolchain/bin/../lib/gcc/arm-none-eabi/4.7.3/../../../../arm-none-eabi/lib/armv7-m\libc.a(lib_a-readr.o)
 .debug_info    0x0002643e      0xb23 u:/installedapps/atmel/atmel toolchain/arm gcc/native/4.7.3.1029/arm-gnu-toolchain/bin/../lib/gcc/arm-none-eabi/4.7.3/../../../../arm-none-eabi/lib/armv7-m\libc.a(lib_a-reent.o)
 .debug_info    0x00026f61       0xfd u:/installedapps/atmel/atmel toolchain/arm gcc/native/4.7.3.1029/arm-gnu-toolchain/bin/../lib/gcc/arm-none-eabi/4.7.3/armv7-m\libgcc.a(_aeabi_uldivmod.o)
 .debug_info    0x0002705e      0x170 u:/installedapps/atmel/atmel toolchain/arm gcc/native/4.7.3.1029/arm-gnu-toolchain/bin/../lib/gcc/arm-none-eabi/4.7.3/armv7-m\libgcc.a(bpabi.o)
 .debug_info    0x000271ce      0x101 u:/installedapps/atmel/atmel toolchain/arm gcc/native/4.7.3.1029/arm-gnu-toolchain/bin/../lib/gcc/arm-none-eabi/4.7.3/armv7-m\libgcc.a(_dvmd_tls.o)
 .debug_info    0x000272cf      0x682 u:/installedapps/atmel/atmel toolchain/arm gcc/native/4.7.3.1029/arm-gnu-toolchain/bin/../lib/gcc/arm-none-eabi/4.7.3/armv7-m\libgcc.a(_divdi3.o)
 .debug_info    0x00027951      0x645 u:/installedapps/atmel/atmel toolchain/arm gcc/native/4.7.3.1029/arm-gnu-toolchain/bin/../lib/gcc/arm-none-eabi/4.7.3/armv7-m\libgcc.a(_udivdi3.o)

.debug_abbrev   0x00000000     0x7836
 .debug_abbrev  0x00000000      0x231 src/ASF/sam/drivers/pwm/pwm.o
 .debug_abbrev  0x00000231       0xfb src/ASF/thirdparty/freertos/freertos-7.3.0/source/list.o
 .debug_abbrev  0x0000032c      0x246 src/ASF/thirdparty/freertos/freertos-7.3.0/source/portable/gcc/arm_cm3/port.o
 .debug_abbrev  0x00000572      0x220 src/ASF/thirdparty/freertos/freertos-7.3.0/source/portable/memmang/heap_4.o
 .debug_abbrev  0x00000792      0x231 src/ASF/thirdparty/freertos/freertos-7.3.0/source/queue.o
 .debug_abbrev  0x000009c3      0x2ca src/ASF/thirdparty/freertos/freertos-7.3.0/source/tasks.o
 .debug_abbrev  0x00000c8d      0x227 src/setup_PWM.o
 .debug_abbrev  0x00000eb4      0x203 src/task1.o
 .debug_abbrev  0x000010b7      0x10c src/ASF/common/utils/stdio/read.o
 .debug_abbrev  0x000011c3       0xf5 src/ASF/common/utils/stdio/write.o
 .debug_abbrev  0x000012b8      0x1a3 src/ASF/sam/drivers/uart/uart.o
 .debug_abbrev  0x0000145b      0x2b1 src/ASF/sam/drivers/usart/usart.o
 .debug_abbrev  0x0000170c      0x34c src/main.o
 .debug_abbrev  0x00001a58      0x227 src/ASF/common/services/clock/sam3x/sysclk.o
 .debug_abbrev  0x00001c7f      0x16f src/ASF/sam/boards/arduino_due_x/init.o
 .debug_abbrev  0x00001dee      0x214 src/ASF/sam/drivers/pio/pio.o
 .debug_abbrev  0x00002002      0x266 src/ASF/sam/drivers/pio/pio_handler.o
 .debug_abbrev  0x00002268      0x246 src/ASF/sam/drivers/pmc/pmc.o
 .debug_abbrev  0x000024ae       0x6c src/ASF/sam/utils/cmsis/sam3x/source/templates/exceptions.o
 .debug_abbrev  0x0000251a      0x107 src/ASF/sam/utils/cmsis/sam3x/source/templates/gcc/startup_sam3x.o
 .debug_abbrev  0x00002621       0xf5 src/ASF/sam/utils/cmsis/sam3x/source/templates/system_sam3x.o
 .debug_abbrev  0x00002716      0x141 src/ASF/sam/utils/syscalls/gcc/syscalls.o
 .debug_abbrev  0x00002857      0x1fe u:/installedapps/atmel/atmel toolchain/arm gcc/native/4.7.3.1029/arm-gnu-toolchain/bin/../lib/gcc/arm-none-eabi/4.7.3/../../../../arm-none-eabi/lib/armv7-m\libc.a(lib_a-__atexit.o)
 .debug_abbrev  0x00002a55       0xbb u:/installedapps/atmel/atmel toolchain/arm gcc/native/4.7.3.1029/arm-gnu-toolchain/bin/../lib/gcc/arm-none-eabi/4.7.3/../../../../arm-none-eabi/lib/armv7-m\libc.a(lib_a-fini.o)
 .debug_abbrev  0x00002b10      0x160 u:/installedapps/atmel/atmel toolchain/arm gcc/native/4.7.3.1029/arm-gnu-toolchain/bin/../lib/gcc/arm-none-eabi/4.7.3/../../../../arm-none-eabi/lib/armv7-m\libc.a(lib_a-impure.o)
 .debug_abbrev  0x00002c70       0xb8 u:/installedapps/atmel/atmel toolchain/arm gcc/native/4.7.3.1029/arm-gnu-toolchain/bin/../lib/gcc/arm-none-eabi/4.7.3/../../../../arm-none-eabi/lib/armv7-m\libc.a(lib_a-init.o)
 .debug_abbrev  0x00002d28      0x1ed u:/installedapps/atmel/atmel toolchain/arm gcc/native/4.7.3.1029/arm-gnu-toolchain/bin/../lib/gcc/arm-none-eabi/4.7.3/../../../../arm-none-eabi/lib/armv7-m\libc.a(lib_a-iprintf.o)
 .debug_abbrev  0x00002f15       0xa2 u:/installedapps/atmel/atmel toolchain/arm gcc/native/4.7.3.1029/arm-gnu-toolchain/bin/../lib/gcc/arm-none-eabi/4.7.3/../../../../arm-none-eabi/lib/armv7-m\libc.a(lib_a-memcpy.o)
 .debug_abbrev  0x00002fb7       0x8c u:/installedapps/atmel/atmel toolchain/arm gcc/native/4.7.3.1029/arm-gnu-toolchain/bin/../lib/gcc/arm-none-eabi/4.7.3/../../../../arm-none-eabi/lib/armv7-m\libc.a(lib_a-memset.o)
 .debug_abbrev  0x00003043      0x19c u:/installedapps/atmel/atmel toolchain/arm gcc/native/4.7.3.1029/arm-gnu-toolchain/bin/../lib/gcc/arm-none-eabi/4.7.3/../../../../arm-none-eabi/lib/armv7-m\libc.a(lib_a-setbuf.o)
 .debug_abbrev  0x000031df      0x217 u:/installedapps/atmel/atmel toolchain/arm gcc/native/4.7.3.1029/arm-gnu-toolchain/bin/../lib/gcc/arm-none-eabi/4.7.3/../../../../arm-none-eabi/lib/armv7-m\libc.a(lib_a-setvbuf.o)
 .debug_abbrev  0x000033f6       0x8a u:/installedapps/atmel/atmel toolchain/arm gcc/native/4.7.3.1029/arm-gnu-toolchain/bin/../lib/gcc/arm-none-eabi/4.7.3/../../../../arm-none-eabi/lib/armv7-m\libc.a(lib_a-strlen.o)
 .debug_abbrev  0x00003480       0x8c u:/installedapps/atmel/atmel toolchain/arm gcc/native/4.7.3.1029/arm-gnu-toolchain/bin/../lib/gcc/arm-none-eabi/4.7.3/../../../../arm-none-eabi/lib/armv7-m\libc.a(lib_a-strncpy.o)
 .debug_abbrev  0x0000350c      0x39e u:/installedapps/atmel/atmel toolchain/arm gcc/native/4.7.3.1029/arm-gnu-toolchain/bin/../lib/gcc/arm-none-eabi/4.7.3/../../../../arm-none-eabi/lib/armv7-m\libc.a(lib_a-vfiprintf.o)
 .debug_abbrev  0x000038aa      0x1d5 u:/installedapps/atmel/atmel toolchain/arm gcc/native/4.7.3.1029/arm-gnu-toolchain/bin/../lib/gcc/arm-none-eabi/4.7.3/../../../../arm-none-eabi/lib/armv7-m\libc.a(lib_a-wsetup.o)
 .debug_abbrev  0x00003a7f      0x265 u:/installedapps/atmel/atmel toolchain/arm gcc/native/4.7.3.1029/arm-gnu-toolchain/bin/../lib/gcc/arm-none-eabi/4.7.3/../../../../arm-none-eabi/lib/armv7-m\libc.a(lib_a-__call_atexit.o)
 .debug_abbrev  0x00003ce4       0xb6 u:/installedapps/atmel/atmel toolchain/arm gcc/native/4.7.3.1029/arm-gnu-toolchain/bin/../lib/gcc/arm-none-eabi/4.7.3/../../../../arm-none-eabi/lib/armv7-m\libc.a(lib_a-atexit.o)
 .debug_abbrev  0x00003d9a      0x25f u:/installedapps/atmel/atmel toolchain/arm gcc/native/4.7.3.1029/arm-gnu-toolchain/bin/../lib/gcc/arm-none-eabi/4.7.3/../../../../arm-none-eabi/lib/armv7-m\libc.a(lib_a-fflush.o)
 .debug_abbrev  0x00003ff9      0x317 u:/installedapps/atmel/atmel toolchain/arm gcc/native/4.7.3.1029/arm-gnu-toolchain/bin/../lib/gcc/arm-none-eabi/4.7.3/../../../../arm-none-eabi/lib/armv7-m\libc.a(lib_a-findfp.o)
 .debug_abbrev  0x00004310      0x285 u:/installedapps/atmel/atmel toolchain/arm gcc/native/4.7.3.1029/arm-gnu-toolchain/bin/../lib/gcc/arm-none-eabi/4.7.3/../../../../arm-none-eabi/lib/armv7-m\libc.a(lib_a-fputwc.o)
 .debug_abbrev  0x00004595      0x248 u:/installedapps/atmel/atmel toolchain/arm gcc/native/4.7.3.1029/arm-gnu-toolchain/bin/../lib/gcc/arm-none-eabi/4.7.3/../../../../arm-none-eabi/lib/armv7-m\libc.a(lib_a-freer.o)
 .debug_abbrev  0x000047dd      0x22e u:/installedapps/atmel/atmel toolchain/arm gcc/native/4.7.3.1029/arm-gnu-toolchain/bin/../lib/gcc/arm-none-eabi/4.7.3/../../../../arm-none-eabi/lib/armv7-m\libc.a(lib_a-fvwrite.o)
 .debug_abbrev  0x00004a0b      0x238 u:/installedapps/atmel/atmel toolchain/arm gcc/native/4.7.3.1029/arm-gnu-toolchain/bin/../lib/gcc/arm-none-eabi/4.7.3/../../../../arm-none-eabi/lib/armv7-m\libc.a(lib_a-fwalk.o)
 .debug_abbrev  0x00004c43      0x2a1 u:/installedapps/atmel/atmel toolchain/arm gcc/native/4.7.3.1029/arm-gnu-toolchain/bin/../lib/gcc/arm-none-eabi/4.7.3/../../../../arm-none-eabi/lib/armv7-m\libc.a(lib_a-locale.o)
 .debug_abbrev  0x00004ee4      0x1e8 u:/installedapps/atmel/atmel toolchain/arm gcc/native/4.7.3.1029/arm-gnu-toolchain/bin/../lib/gcc/arm-none-eabi/4.7.3/../../../../arm-none-eabi/lib/armv7-m\libc.a(lib_a-makebuf.o)
 .debug_abbrev  0x000050cc      0x1da u:/installedapps/atmel/atmel toolchain/arm gcc/native/4.7.3.1029/arm-gnu-toolchain/bin/../lib/gcc/arm-none-eabi/4.7.3/../../../../arm-none-eabi/lib/armv7-m\libc.a(lib_a-malloc.o)
 .debug_abbrev  0x000052a6      0x286 u:/installedapps/atmel/atmel toolchain/arm gcc/native/4.7.3.1029/arm-gnu-toolchain/bin/../lib/gcc/arm-none-eabi/4.7.3/../../../../arm-none-eabi/lib/armv7-m\libc.a(lib_a-mallocr.o)
 .debug_abbrev  0x0000552c       0xa9 u:/installedapps/atmel/atmel toolchain/arm gcc/native/4.7.3.1029/arm-gnu-toolchain/bin/../lib/gcc/arm-none-eabi/4.7.3/../../../../arm-none-eabi/lib/armv7-m\libc.a(lib_a-memchr.o)
 .debug_abbrev  0x000055d5       0x9a u:/installedapps/atmel/atmel toolchain/arm gcc/native/4.7.3.1029/arm-gnu-toolchain/bin/../lib/gcc/arm-none-eabi/4.7.3/../../../../arm-none-eabi/lib/armv7-m\libc.a(lib_a-memmove.o)
 .debug_abbrev  0x0000566f      0x17a u:/installedapps/atmel/atmel toolchain/arm gcc/native/4.7.3.1029/arm-gnu-toolchain/bin/../lib/gcc/arm-none-eabi/4.7.3/../../../../arm-none-eabi/lib/armv7-m\libc.a(lib_a-mlock.o)
 .debug_abbrev  0x000057e9      0x265 u:/installedapps/atmel/atmel toolchain/arm gcc/native/4.7.3.1029/arm-gnu-toolchain/bin/../lib/gcc/arm-none-eabi/4.7.3/../../../../arm-none-eabi/lib/armv7-m\libc.a(lib_a-reallocr.o)
 .debug_abbrev  0x00005a4e      0x1dd u:/installedapps/atmel/atmel toolchain/arm gcc/native/4.7.3.1029/arm-gnu-toolchain/bin/../lib/gcc/arm-none-eabi/4.7.3/../../../../arm-none-eabi/lib/armv7-m\libc.a(lib_a-sbrkr.o)
 .debug_abbrev  0x00005c2b      0x244 u:/installedapps/atmel/atmel toolchain/arm gcc/native/4.7.3.1029/arm-gnu-toolchain/bin/../lib/gcc/arm-none-eabi/4.7.3/../../../../arm-none-eabi/lib/armv7-m\libc.a(lib_a-stdio.o)
 .debug_abbrev  0x00005e6f       0x70 u:/installedapps/atmel/atmel toolchain/arm gcc/native/4.7.3.1029/arm-gnu-toolchain/bin/../lib/gcc/arm-none-eabi/4.7.3/../../../../arm-none-eabi/lib/armv7-m\libc.a(lib_a-strcmp.o)
 .debug_abbrev  0x00005edf      0x21a u:/installedapps/atmel/atmel toolchain/arm gcc/native/4.7.3.1029/arm-gnu-toolchain/bin/../lib/gcc/arm-none-eabi/4.7.3/../../../../arm-none-eabi/lib/armv7-m\libc.a(lib_a-wbuf.o)